The following COBY arguments will be processed:
COBY(
    box = [
        14,
        14,
        12,
    ],
    membrane = "lipid:DVPE:46 lipid:POPG:19 lipid:POPE:25 lipid:DOPE:8 lipid:TOCL:2 apl:0.61",
    protein = [
        "file:ku04_copy_0.pdb moleculetypes:KU04 center_protein:False",
        "file:ku04_copy_1.pdb moleculetypes:KU04 center_protein:False",
        "file:ku04_copy_2.pdb moleculetypes:KU04 center_protein:False",
        "file:ku04_copy_3.pdb moleculetypes:KU04 center_protein:False",
        "file:ku04_copy_4.pdb moleculetypes:KU04 center_protein:False",
        "file:ku04_copy_5.pdb moleculetypes:KU04 center_protein:False",
        "file:ku04_copy_6.pdb moleculetypes:KU04 center_protein:False",
        "file:ku04_copy_7.pdb moleculetypes:KU04 center_protein:False",
        "file:ku04_copy_8.pdb moleculetypes:KU04 center_protein:False",
        "file:ku04_copy_9.pdb moleculetypes:KU04 center_protein:False",
        "file:ku04_copy_10.pdb moleculetypes:KU04 center_protein:False",
        "file:ku04_copy_11.pdb moleculetypes:KU04 center_protein:False",
    ],
    solvation = "default",
    itp_input = "file:top_for_COBY.itp",
    molecule_import = "file:tocl_single.gro moleculetypes:TOCL",
    out_sys = "ku04_gim_multi",
    out_top = "ku04_gim_multi.top",
    out_log = "ku04_gim_multi.log",
    sn = "ku04_gim_multi",
)
---------------------------- INITIALIZING LOG FILE -----------------------------
Opening log file
    File "ku04_gim_multi.log" already exists. Backing it up
----------------------------- LOG FILE INITIALIZED -----------------------------
Running COBY version 1.0.14
Setting random seed to: 1785259831
-------------------------- PREPROCESSING DEFINITIONS ---------------------------
Loading topology file(s)
    Finished loading topologies. Number of moleculetypes found: 161 

Preprocessing lipid scaffolds
    Number of lipids preprocessed: 6109 

Preprocessing lipid definitions
    Number of lipids preprocessed: 1 

Preprocessing ion definitions
    Number of positive ions preprocessed: 13
    Number of negative ions preprocessed: 16 

Preprocessing solvent definitions
    Number of solvents preprocessed: 77
---------------------- DEFINITIONS PREPROCESSING COMPLETE ----------------------
                            (Time spent: 0.8883 [s])                            

---------------------------- PREPROCESSING COMMANDS ----------------------------
Preprocessing protein requests
    Starting protein: 1
    Starting protein: 2
    Starting protein: 3
    Starting protein: 4
    Starting protein: 5
    Starting protein: 6
    Starting protein: 7
    Starting protein: 8
    Starting protein: 9
    Starting protein: 10
    Starting protein: 11
    Starting protein: 12
    Number of molecule insertions preprocessed: 12
Preprocessing membrane requests
    Starting membrane argument: 1
    Number of membranes preprocessed: 1
Preprocessing solvation requests
    Starting solvation argument: 1
    Number of solvent commands preprocessed: 1
------------------------ COMMAND PREPROCESSING COMPLETE ------------------------
                            (Time spent: 0.0186 [s])                            

------------------------------ PROTEIN PLACEMENT -------------------------------
Starting protein nr 1
    Total charge of protein is: 4.0
    New protein center at x/y/z: 0 0 0 (Internal coordinate system [Å])
    Finished placing protein nr 1

Starting protein nr 2
    Total charge of protein is: 4.0
    New protein center at x/y/z: 0 0 0 (Internal coordinate system [Å])
    Finished placing protein nr 2

Starting protein nr 3
    Total charge of protein is: 4.0
    New protein center at x/y/z: 0 0 0 (Internal coordinate system [Å])
    Finished placing protein nr 3

Starting protein nr 4
    Total charge of protein is: 4.0
    New protein center at x/y/z: 0 0 0 (Internal coordinate system [Å])
    Finished placing protein nr 4

Starting protein nr 5
    Total charge of protein is: 4.0
    New protein center at x/y/z: 0 0 0 (Internal coordinate system [Å])
    Finished placing protein nr 5

Starting protein nr 6
    Total charge of protein is: 4.0
    New protein center at x/y/z: 0 0 0 (Internal coordinate system [Å])
    Finished placing protein nr 6

Starting protein nr 7
    Total charge of protein is: 4.0
    New protein center at x/y/z: 0 0 0 (Internal coordinate system [Å])
    Finished placing protein nr 7

Starting protein nr 8
    Total charge of protein is: 4.0
    New protein center at x/y/z: 0 0 0 (Internal coordinate system [Å])
    Finished placing protein nr 8

Starting protein nr 9
    Total charge of protein is: 4.0
    New protein center at x/y/z: 0 0 0 (Internal coordinate system [Å])
    Finished placing protein nr 9

Starting protein nr 10
    Total charge of protein is: 4.0
    New protein center at x/y/z: 0 0 0 (Internal coordinate system [Å])
    Finished placing protein nr 10

Starting protein nr 11
    Total charge of protein is: 4.0
    New protein center at x/y/z: 0 0 0 (Internal coordinate system [Å])
    Finished placing protein nr 11

Starting protein nr 12
    Total charge of protein is: 4.0
    New protein center at x/y/z: 0 0 0 (Internal coordinate system [Å])
    Finished placing protein nr 12
-------------------------- PROTEIN PLACEMENT COMPLETE --------------------------
                            (Time spent: 0.003 [s])                              

----------------------- CREATING LEAFLET BOUNDARY BOXES ------------------------
Starting membrane nr 1
    Starting upper leaflet
        Base parameters: x=14.0nm y=14.0nm APL=0.61nm^2
    Starting lower leaflet
        Base parameters: x=14.0nm y=14.0nm APL=0.61nm^2
------------------------ LEAFLET BOUNDARY BOXES CREATED ------------------------
                            (Time spent: 0.0016 [s])                             

------------------------ CREATING HOLED BOUNDARY BOXES -------------------------
Starting membrane nr 1
    Finding protein beads inside leaflets
        Starting upper leaflet
            264 protein beads found within leaflet

        Starting lower leaflet
            No proteins beads found within leaflet

    Calculating holed boundary box
        Starting upper leaflet
        Starting lower leaflet
------------------------- HOLED BOUNDARY BOXES CREATED -------------------------
                            (Time spent: 0.4526 [s])                             

--------------------------- CALCULATING LIPID RATIOS ---------------------------
Starting membrane nr 1
    Starting upper leaflet
        Lipid optimization 'lipid_optim' setting: force_fill
            Forcefully filling leaflet until all grid points have a lipid

            Maximum number of lipids allowed in subleaflet: 175
            
        Maximum number of lipids allowed in leaflet: 175
        Final deviations from expected ratios: Difference in %-values
            Maximum: 0.286
            Average: 0.1716
            Minimum: 0.0
        Leaflet specific lipid data (Combined subleafs)
            Name : Final lipids : Final % : Expected % : Starting % : Starting lipids
            DVPE : 80           : 45.714  : 46.0       : 46.243     : 80             
            POPE : 44           : 25.143  : 25.0       : 24.855     : 43             
            POPG : 33           : 18.857  : 19.0       : 19.075     : 33             
            DOPE : 14           : 8.0     : 8.0        : 8.092      : 14             
            TOCL : 4            : 2.286   : 2.0        : 1.734      : 3              

    Starting lower leaflet
        Lipid optimization 'lipid_optim' setting: force_fill
            Forcefully filling leaflet until all grid points have a lipid

            Maximum number of lipids allowed in subleaflet: 321
            
        Maximum number of lipids allowed in leaflet: 321
        Final deviations from expected ratios: Difference in %-values
            Maximum: 0.206
            Average: 0.1136
            Minimum: 0.003
        Leaflet specific lipid data (Combined subleafs)
            Name : Final lipids : Final % : Expected % : Starting % : Starting lipids
            DVPE : 147          : 45.794  : 46.0       : 46.226     : 147            
            POPE : 80           : 24.922  : 25.0       : 25.157     : 80             
            POPG : 61           : 19.003  : 19.0       : 18.868     : 60             
            DOPE : 26           : 8.1     : 8.0        : 7.862      : 25             
            TOCL : 7            : 2.181   : 2.0        : 1.887      : 6              

    Membrane-wide lipid data
            Name : Total lipids : Total %
            DVPE : 227          : 45.766 
            POPE : 124          : 25.0   
            POPG : 94           : 18.952 
            DOPE : 40           : 8.065  
            TOCL : 11           : 2.218  
---------------------- LIPID RATIO CALCULATIONS COMPLETE -----------------------
                            (Time spent: 0.0039 [s])                             

----------------------------- CREATING LIPID GRID ------------------------------
Starting membrane nr 1
    Starting upper leaflet
            Total leaflet optimization time: 17.5813 [s]

    Starting lower leaflet
            Total leaflet optimization time: 2.0321 [s]
------------------------------ LIPID GRID CREATED ------------------------------
                           (Time spent: 19.8127 [s])                             

------------------------------- CREATING LIPIDS --------------------------------
Starting membrane nr 1
    Starting upper leaflet
    Starting lower leaflet
--------------------------- LIPID CREATION COMPLETE ----------------------------
                            (Time spent: 0.1331 [s])                             

------------------------------- SOLVATING SYSTEM -------------------------------
Starting solvation nr 1
    Calculating box volume: (all values in [nm^3])
        Bead radius used for volume calculations 'bead_radius': 0.264 [nm]
        Solvent box volume: 2352.0
        Excluded volume:    619.741
            Solute volume:  0.0
            Lipid volume:   468.062
            Protein volume: 75.84
        Free volume:        1732.259
        Solvent volume:     1739.636

    Solvent box charge information:
        Solvent box charge before solvent insertion: -68.0
            Prior solvent beads:  0
            Lipid beads:          -116.0
            Protein beads:        48.0
        Solvent box charge after solvent insertion:  0.0
            New solvent beads: 68.0
                Solvent       (solv): 0
                Positive ions (pos):  225.0
                Negative ions (neg):  -157.0

    Calculating the number of available grid points
        Final number of 3D grid points available for molecule placement: 74120
        Inserting 14872 solvent molecules into random grid points:
            Currently at solvent number: 1
            Currently at solvent number: 14872

Solvent data for whole system
        Name : Totals : Total % : Molarity(box) : Molarity(free) : Molarity(solvent) : Charge
        W    : 14490  : 97.431  : 10.23         : 13.307         : 13.831            : 0     
        NA   : 225    : 1.513   : 0.159         : 0.207          : 0.215             : 1.0   
        CL   : 157    : 1.056   : 0.111         : 0.144          : 0.15              : -1.0  
------------------------------ SOLVATION COMPLETE ------------------------------
                            (Time spent: 0.239 [s])                              

                          +--------------------------+                          
--------------------------+ FINAL SYSTEM CHARGE: 0.0 +--------------------------
                          +--------------------------+                          

-------------------------------- WRITING FILES ---------------------------------
Writing structure files (PDB/GRO)
    File "ku04_gim_multi.pdb" already exists. Backing it up
    PDB file written: ku04_gim_multi.pdb
    File "ku04_gim_multi.gro" already exists. Backing it up
    GRO file written: ku04_gim_multi.gro
    File "ku04_gim_multi.cif" already exists. Backing it up
    CIF file written: ku04_gim_multi.cif

Writing topology file (TOP)
    File "ku04_gim_multi.top" already exists. Backing it up
    TOP file written: ku04_gim_multi.top 

---------------------------- FILE WRITING COMPLETE -----------------------------
                            (Time spent: 0.7534 [s])                            

My task is complete. Did i do a good job?
Time spent running COBY: 22.3465 [s]
Closing log file
