The following COBY arguments will be processed:
COBY(
    box = [
        14,
        14,
        8,
    ],
    membrane = "lipid:DVPE:46 lipid:POPG:19 lipid:POPE:12 lipid:DOPE:8 lipid:TOCL:2 apl:0.61",
    protein = "file:KU04AMP01_cg.pdb moleculetypes:KU04 center_protein:False",
    solvation = "default",
    itp_input = "file:top_for_COBY.itp",
    molecule_import = "file:tocl_single.gro moleculetypes:TOCL",
    out_sys = "ku04_gim",
    out_top = "ku04_gim.top",
    out_log = "ku04_gim.log",
    sn = "ku04_gim",
)
---------------------------- INITIALIZING LOG FILE -----------------------------
Opening log file
----------------------------- LOG FILE INITIALIZED -----------------------------
Running COBY version 1.0.14
Setting random seed to: 1785213771
-------------------------- PREPROCESSING DEFINITIONS ---------------------------
Loading topology file(s)
    Finished loading topologies. Number of moleculetypes found: 161 

Preprocessing lipid scaffolds
    Number of lipids preprocessed: 6109 

Preprocessing lipid definitions
    Number of lipids preprocessed: 1 

Preprocessing ion definitions
    Number of positive ions preprocessed: 13
    Number of negative ions preprocessed: 16 

Preprocessing solvent definitions
    Number of solvents preprocessed: 77
---------------------- DEFINITIONS PREPROCESSING COMPLETE ----------------------
                            (Time spent: 1.5126 [s])                            

---------------------------- PREPROCESSING COMMANDS ----------------------------
Preprocessing protein requests
    Starting protein: 1
    Number of molecule insertions preprocessed: 1
Preprocessing membrane requests
    Starting membrane argument: 1
    Number of membranes preprocessed: 1
Preprocessing solvation requests
    Starting solvation argument: 1
    Number of solvent commands preprocessed: 1
------------------------ COMMAND PREPROCESSING COMPLETE ------------------------
                            (Time spent: 0.0155 [s])                            

------------------------------ PROTEIN PLACEMENT -------------------------------
Starting protein nr 1
    Total charge of protein is: 4.0
    New protein center at x/y/z: 0 0 0 (Internal coordinate system [Å])
    Finished placing protein nr 1
-------------------------- PROTEIN PLACEMENT COMPLETE --------------------------
                            (Time spent: 0.0004 [s])                             

----------------------- CREATING LEAFLET BOUNDARY BOXES ------------------------
Starting membrane nr 1
    Starting upper leaflet
        Base parameters: x=14.0nm y=14.0nm APL=0.61nm^2
    Starting lower leaflet
        Base parameters: x=14.0nm y=14.0nm APL=0.61nm^2
------------------------ LEAFLET BOUNDARY BOXES CREATED ------------------------
                            (Time spent: 0.1786 [s])                             

------------------------ CREATING HOLED BOUNDARY BOXES -------------------------
Starting membrane nr 1
    Finding protein beads inside leaflets
        Starting upper leaflet
            22 protein beads found within leaflet

        Starting lower leaflet
            49 protein beads found within leaflet

    Calculating holed boundary box
        Starting upper leaflet
        Starting lower leaflet
------------------------- HOLED BOUNDARY BOXES CREATED -------------------------
                            (Time spent: 1.2151 [s])                             

--------------------------- CALCULATING LIPID RATIOS ---------------------------
Starting membrane nr 1
    Starting upper leaflet
        Lipid optimization 'lipid_optim' setting: force_fill
            Forcefully filling leaflet until all grid points have a lipid

            Maximum number of lipids allowed in subleaflet: 320
            
        Maximum number of lipids allowed in leaflet: 320
        Final deviations from expected ratios: Difference in %-values
            Maximum: 0.18
            Average: 0.0864
            Minimum: 0.036
        Leaflet specific lipid data (Combined subleafs)
            Name : Final lipids : Final % : Expected % : Starting % : Starting lipids
            DVPE : 169          : 52.812  : 52.874     : 53.145     : 169            
            POPG : 70           : 21.875  : 21.839     : 21.698     : 69             
            POPE : 44           : 13.75   : 13.793     : 13.836     : 44             
            DOPE : 30           : 9.375   : 9.195      : 9.119      : 29             
            TOCL : 7            : 2.188   : 2.299      : 2.201      : 7              

    Starting lower leaflet
        Lipid optimization 'lipid_optim' setting: force_fill
            Forcefully filling leaflet until all grid points have a lipid

            Maximum number of lipids allowed in subleaflet: 312
            
        Maximum number of lipids allowed in leaflet: 312
        Final deviations from expected ratios: Difference in %-values
            Maximum: 0.1
            Average: 0.0442
            Minimum: 0.011
        Leaflet specific lipid data (Combined subleafs)
            Name : Final lipids : Final % : Expected % : Starting % : Starting lipids
            DVPE : 165          : 52.885  : 52.874     : 52.903     : 164            
            POPG : 68           : 21.795  : 21.839     : 21.935     : 68             
            POPE : 43           : 13.782  : 13.793     : 13.871     : 43             
            DOPE : 29           : 9.295   : 9.195      : 9.032      : 28             
            TOCL : 7            : 2.244   : 2.299      : 2.258      : 7              

    Membrane-wide lipid data
            Name : Total lipids : Total %
            DVPE : 334          : 52.848 
            POPG : 138          : 21.835 
            POPE : 87           : 13.766 
            DOPE : 59           : 9.335  
            TOCL : 14           : 2.215  
---------------------- LIPID RATIO CALCULATIONS COMPLETE -----------------------
                            (Time spent: 0.007 [s])                              

----------------------------- CREATING LIPID GRID ------------------------------
Starting membrane nr 1
    Starting upper leaflet
            Total leaflet optimization time: 3.206 [s]

    Starting lower leaflet
            Total leaflet optimization time: 3.4759 [s]
------------------------------ LIPID GRID CREATED ------------------------------
                            (Time spent: 6.9522 [s])                             

------------------------------- CREATING LIPIDS --------------------------------
Starting membrane nr 1
    Starting upper leaflet
    Starting lower leaflet
--------------------------- LIPID CREATION COMPLETE ----------------------------
                            (Time spent: 0.3487 [s])                             

------------------------------- SOLVATING SYSTEM -------------------------------
Starting solvation nr 1
    Calculating box volume: (all values in [nm^3])
        Bead radius used for volume calculations 'bead_radius': 0.264 [nm]
        Solvent box volume: 1568.0
        Excluded volume:    609.028
            Solute volume:  0.0
            Lipid volume:   596.388
            Protein volume: 6.32
        Free volume:        958.972
        Solvent volume:     963.103

    Solvent box charge information:
        Solvent box charge before solvent insertion: -162.0
            Prior solvent beads:  0
            Lipid beads:          -166.0
            Protein beads:        4.0
        Solvent box charge after solvent insertion:  0.0
            New solvent beads: 162.0
                Solvent       (solv): 0
                Positive ions (pos):  249.0
                Negative ions (neg):  -87.0

    Calculating the number of available grid points
        Final number of 3D grid points available for molecule placement: 39952
        Inserting 8358 solvent molecules into random grid points:
            Currently at solvent number: 1
            Currently at solvent number: 8358

Solvent data for whole system
        Name : Totals : Total % : Molarity(box) : Molarity(free) : Molarity(solvent) : Charge
        W    : 8022   : 95.98   : 8.495         : 13.8           : 13.831            : 0     
        NA   : 249    : 2.979   : 0.264         : 0.428          : 0.429             : 1.0   
        CL   : 87     : 1.041   : 0.092         : 0.15           : 0.15              : -1.0  
------------------------------ SOLVATION COMPLETE ------------------------------
                            (Time spent: 0.298 [s])                              

                          +--------------------------+                          
--------------------------+ FINAL SYSTEM CHARGE: 0.0 +--------------------------
                          +--------------------------+                          

-------------------------------- WRITING FILES ---------------------------------
Writing structure files (PDB/GRO)
    PDB file written: ku04_gim.pdb
    GRO file written: ku04_gim.gro
    CIF file written: ku04_gim.cif

Writing topology file (TOP)
    TOP file written: ku04_gim.top 

---------------------------- FILE WRITING COMPLETE -----------------------------
                            (Time spent: 0.8689 [s])                            

My task is complete. Did i do a good job?
Time spent running COBY: 11.4655 [s]
Closing log file
