                :-) GROMACS - gmx mdrun, 2024.5-conda_forge (-:

Copyright 1991-2024 The GROMACS Authors.
GROMACS is free software; you can redistribute it and/or modify it
under the terms of the GNU Lesser General Public License
as published by the Free Software Foundation; either version 2.1
of the License, or (at your option) any later version.

                         Current GROMACS contributors:
       Mark Abraham           Andrey Alekseenko           Vladimir Basov      
      Cathrine Bergh            Eliane Briand               Ania Brown        
      Mahesh Doijade            Giacomo Fiorin          Stefan Fleischmann    
      Sergey Gorelov         Gilles Gouaillardet            Alan Gray         
     M. Eric Irrgang         Farzaneh Jalalypour            Joe Jordan        
     Carsten Kutzner           Justin A. Lemkul          Magnus Lundborg      
       Pascal Merz              Vedran Miletic            Dmitry Morozov      
       Julien Nabet              Szilard Pall        Andrea Pasquadibisceglie 
    Michele Pellegrino          Hubert Santuz             Roland Schulz       
     Tatiana Shugaeva          Alexey Shvetsov            Philip Turner       
     Alessandra Villa      Sebastian Wingbermuehle  

                         Previous GROMACS contributors:
        Emile Apol             Rossen Apostolov           James Barnett       
        Paul Bauer          Herman J.C. Berendsen          Par Bjelkmar       
      Christian Blau          Viacheslav Bolnykh            Kevin Boyd        
    Aldert van Buuren          Carlo Camilloni           Rudi van Drunen      
      Anton Feenstra           Oliver Fleetwood            Vytas Gapsys       
       Gaurav Garg             Gerrit Groenhof            Bert de Groot       
      Anca Hamuraru           Vincent Hindriksen          Victor Holanda      
     Aleksei Iupinov          Christoph Junghans        Prashanth Kanduri     
   Dimitrios Karkoulis           Peter Kasson             Sebastian Kehl      
     Sebastian Keller             Jiri Kraus               Per Larsson        
      Viveca Lindahl            Erik Marklund           Pieter Meulenhoff     
      Teemu Murtola              Sander Pronk             Michael Shirts      
      Alfons Sijbers            Balint Soproni         David van der Spoel    
      Peter Tieleman            Carsten Uphoff             Jon Vincent        
     Teemu Virolainen         Christian Wennberg           Maarten Wolf       
      Artem Zhmurov       

                  Coordinated by the GROMACS project leaders:
                           Berk Hess and Erik Lindahl

GROMACS:      gmx mdrun, version 2024.5-conda_forge
Executable:   /usr/local/bin.AVX2_256/gmx
Data prefix:  /usr/local
Working dir:  /host_pwd/1lml_pdl_complex_scaled8/sys_equi/sys_equi/00_equi_HA
Process ID:   216889
Command line:
  gmx mdrun -s equi_HA_1lml_pdl_complex_scaled8.tpr -deffnm equi_HA_1lml_pdl_complex_scaled8 -nt 32 -ntmpi 0 -nsteps -2 -nocopyright

GROMACS version:     2024.5-conda_forge
Precision:           mixed
Memory model:        64 bit
MPI library:         thread_mpi
OpenMP support:      enabled (GMX_OPENMP_MAX_THREADS = 128)
GPU support:         CUDA
NBNxM GPU setup:     super-cluster 2x2x2 / cluster 8
SIMD instructions:   AVX2_256
CPU FFT library:     fftw-3.3.10-sse2-avx
GPU FFT library:     cuFFT
Multi-GPU FFT:       none
RDTSCP usage:        disabled
TNG support:         enabled
Hwloc support:       disabled
Tracing support:     disabled
C compiler:          /home/conda/feedstock_root/build_artifacts/gromacs_1737880200488/_build_env/bin/x86_64-conda-linux-gnu-cc GNU 11.4.0
C compiler flags:    -fexcess-precision=fast -funroll-all-loops -mavx2 -mfma -Wno-missing-field-initializers -O3 -DNDEBUG
C++ compiler:        /home/conda/feedstock_root/build_artifacts/gromacs_1737880200488/_build_env/bin/x86_64-conda-linux-gnu-c++ GNU 11.4.0
C++ compiler flags:  -fexcess-precision=fast -funroll-all-loops -mavx2 -mfma -Wno-missing-field-initializers -Wno-cast-function-type-strict SHELL:-fopenmp -O3 -DNDEBUG
BLAS library:        Internal
LAPACK library:      Internal
CUDA compiler:       /usr/local/cuda/bin/nvcc nvcc: NVIDIA (R) Cuda compiler driver;Copyright (c) 2005-2022 NVIDIA Corporation;Built on Wed_Sep_21_10:33:58_PDT_2022;Cuda compilation tools, release 11.8, V11.8.89;Build cuda_11.8.r11.8/compiler.31833905_0
CUDA compiler flags:-std=c++17;--generate-code=arch=compute_35,code=sm_35;--generate-code=arch=compute_37,code=sm_37;--generate-code=arch=compute_50,code=sm_50;--generate-code=arch=compute_52,code=sm_52;--generate-code=arch=compute_60,code=sm_60;--generate-code=arch=compute_61,code=sm_61;--generate-code=arch=compute_70,code=sm_70;--generate-code=arch=compute_75,code=sm_75;--generate-code=arch=compute_80,code=sm_80;--generate-code=arch=compute_86,code=sm_86;--generate-code=arch=compute_89,code=sm_89;--generate-code=arch=compute_90,code=sm_90;-Wno-deprecated-gpu-targets;--generate-code=arch=compute_53,code=sm_53;--generate-code=arch=compute_80,code=sm_80;-use_fast_math;-Xptxas;-warn-double-usage;-Xptxas;-Werror;;-Xcompiler;-fopenmp;-fexcess-precision=fast -funroll-all-loops -mavx2 -mfma -Wno-missing-field-initializers -Wno-cast-function-type-strict SHELL:-fopenmp -O3 -DNDEBUG
CUDA driver:         11.70
CUDA runtime:        11.80


Running on 1 node with total 32 cores, 64 processing units, 1 compatible GPU
Hardware detected on host kuhpcgn1:
  CPU info:
    Vendor: Intel
    Brand:  Intel(R) Xeon(R) Silver 4216 CPU @ 2.10GHz
    Family: 6   Model: 85   Stepping: 7
    Features: aes apic avx avx2 avx512f avx512cd avx512bw avx512vl clfsh cmov cx8 cx16 f16c fma hle htt intel lahf mmx msr nonstop_tsc pcid pclmuldq pdcm pdpe1gb popcnt pse rdrnd rdtscp rtm sse2 sse3 sse4.1 sse4.2 ssse3 tdt x2apic
    Number of AVX-512 FMA units: 1 (For Intel, AVX2 is faster w/o 2 AVX-512 FMA units)
  Hardware topology: Basic
    Packages, cores, and logical processors:
    [indices refer to OS logical processors]
      Package  0: [   0  32] [   1  33] [   2  34] [   3  35] [   4  36] [   5  37] [   6  38] [   7  39] [   8  40] [   9  41] [  10  42] [  11  43] [  12  44] [  13  45] [  14  46] [  15  47]
      Package  1: [  16  48] [  17  49] [  18  50] [  19  51] [  20  52] [  21  53] [  22  54] [  23  55] [  24  56] [  25  57] [  26  58] [  27  59] [  28  60] [  29  61] [  30  62] [  31  63]
    CPU limit set by OS: -1   Recommended max number of threads: 64
  GPU info:
    Number of GPUs detected: 1
    #0: NVIDIA Tesla V100-PCIE-32GB, compute cap.: 7.0, ECC: yes, stat: compatible

The current CPU can measure timings more accurately than the code in
gmx mdrun was configured to use. This might affect your simulation
speed as accurate timings are needed for load-balancing.
Please consider rebuilding gmx mdrun with the GMX_USE_RDTSCP=ON CMake option.

++++ PLEASE READ AND CITE THE FOLLOWING REFERENCE ++++
M. J. Abraham, T. Murtola, R. Schulz, S. Páll, J. C. Smith, B. Hess, E.
Lindahl
GROMACS: High performance molecular simulations through multi-level
parallelism from laptops to supercomputers
SoftwareX 1 (2015) pp. 19-25
-------- -------- --- Thank You --- -------- --------


++++ PLEASE READ AND CITE THE FOLLOWING REFERENCE ++++
S. Páll, M. J. Abraham, C. Kutzner, B. Hess, E. Lindahl
Tackling Exascale Software Challenges in Molecular Dynamics Simulations with
GROMACS
In S. Markidis & E. Laure (Eds.), Solving Software Challenges for Exascale 8759 (2015) pp. 3-27
-------- -------- --- Thank You --- -------- --------


++++ PLEASE READ AND CITE THE FOLLOWING REFERENCE ++++
S. Pronk, S. Páll, R. Schulz, P. Larsson, P. Bjelkmar, R. Apostolov, M. R.
Shirts, J. C. Smith, P. M. Kasson, D. van der Spoel, B. Hess, and E. Lindahl
GROMACS 4.5: a high-throughput and highly parallel open source molecular
simulation toolkit
Bioinformatics 29 (2013) pp. 845-54
-------- -------- --- Thank You --- -------- --------


++++ PLEASE READ AND CITE THE FOLLOWING REFERENCE ++++
B. Hess and C. Kutzner and D. van der Spoel and E. Lindahl
GROMACS 4: Algorithms for highly efficient, load-balanced, and scalable
molecular simulation
J. Chem. Theory Comput. 4 (2008) pp. 435-447
-------- -------- --- Thank You --- -------- --------


++++ PLEASE READ AND CITE THE FOLLOWING REFERENCE ++++
D. van der Spoel, E. Lindahl, B. Hess, G. Groenhof, A. E. Mark and H. J. C.
Berendsen
GROMACS: Fast, Flexible and Free
J. Comp. Chem. 26 (2005) pp. 1701-1719
-------- -------- --- Thank You --- -------- --------


++++ PLEASE READ AND CITE THE FOLLOWING REFERENCE ++++
E. Lindahl and B. Hess and D. van der Spoel
GROMACS 3.0: A package for molecular simulation and trajectory analysis
J. Mol. Mod. 7 (2001) pp. 306-317
-------- -------- --- Thank You --- -------- --------


++++ PLEASE READ AND CITE THE FOLLOWING REFERENCE ++++
H. J. C. Berendsen, D. van der Spoel and R. van Drunen
GROMACS: A message-passing parallel molecular dynamics implementation
Comp. Phys. Comm. 91 (1995) pp. 43-56
-------- -------- --- Thank You --- -------- --------

Input Parameters:
   integrator                     = md
   tinit                          = 0
   dt                             = 0.0005
   nsteps                         = 500000
   init-step                      = 0
   simulation-part                = 1
   mts                            = false
   mass-repartition-factor        = 1
   comm-mode                      = None
   nstcomm                        = 0
   bd-fric                        = 0
   ld-seed                        = -1133073418
   emtol                          = 10
   emstep                         = 0.01
   niter                          = 20
   fcstep                         = 0
   nstcgsteep                     = 1000
   nbfgscorr                      = 10
   rtpi                           = 0.05
   nstxout                        = 200000
   nstvout                        = 200000
   nstfout                        = 0
   nstlog                         = 5000
   nstcalcenergy                  = 100
   nstenergy                      = 5000
   nstxout-compressed             = 5000
   compressed-x-precision         = 1000
   cutoff-scheme                  = Verlet
   nstlist                        = 10
   pbc                            = xyz
   periodic-molecules             = false
   verlet-buffer-tolerance        = 0.005
   verlet-buffer-pressure-tolerance = 0.5
   rlist                          = 1
   coulombtype                    = PME
   coulomb-modifier               = Potential-shift
   rcoulomb-switch                = 0
   rcoulomb                       = 1
   epsilon-r                      = 1
   epsilon-rf                     = inf
   vdw-type                       = Cut-off
   vdw-modifier                   = Potential-shift
   rvdw-switch                    = 0
   rvdw                           = 1
   DispCorr                       = EnerPres
   table-extension                = 1
   fourierspacing                 = 0.12
   fourier-nx                     = 96
   fourier-ny                     = 96
   fourier-nz                     = 96
   pme-order                      = 4
   ewald-rtol                     = 1e-05
   ewald-rtol-lj                  = 0.001
   lj-pme-comb-rule               = Geometric
   ewald-geometry                 = 3d
   epsilon-surface                = 0
   ensemble-temperature-setting   = constant
   ensemble-temperature           = 310
   tcoupl                         = V-rescale
   nsttcouple                     = 25
   nh-chain-length                = 0
   print-nose-hoover-chain-variables = false
   pcoupl                         = Berendsen
   pcoupltype                     = Isotropic
   nstpcouple                     = 100
   tau-p                          = 5
   compressibility (3x3):
      compressibility[    0]={ 4.50000e-05,  0.00000e+00,  0.00000e+00}
      compressibility[    1]={ 0.00000e+00,  4.50000e-05,  0.00000e+00}
      compressibility[    2]={ 0.00000e+00,  0.00000e+00,  4.50000e-05}
   ref-p (3x3):
      ref-p[    0]={ 1.00000e+00,  0.00000e+00,  0.00000e+00}
      ref-p[    1]={ 0.00000e+00,  1.00000e+00,  0.00000e+00}
      ref-p[    2]={ 0.00000e+00,  0.00000e+00,  1.00000e+00}
   refcoord-scaling               = COM
   posres-com (3):
      posres-com[0]= 4.97369e-01
      posres-com[1]= 4.99093e-01
      posres-com[2]= 5.01556e-01
   posres-comB (3):
      posres-comB[0]= 4.97369e-01
      posres-comB[1]= 4.99093e-01
      posres-comB[2]= 5.01556e-01
   QMMM                           = false
qm-opts:
   ngQM                           = 0
   constraint-algorithm           = Lincs
   continuation                   = false
   Shake-SOR                      = false
   shake-tol                      = 0.0001
   lincs-order                    = 4
   lincs-iter                     = 1
   lincs-warnangle                = 30
   nwall                          = 0
   wall-type                      = 9-3
   wall-r-linpot                  = -1
   wall-atomtype[0]               = -1
   wall-atomtype[1]               = -1
   wall-density[0]                = 0
   wall-density[1]                = 0
   wall-ewald-zfac                = 3
   pull                           = false
   awh                            = false
   rotation                       = false
   interactiveMD                  = false
   disre                          = Simple
   disre-weighting                = Conservative
   disre-mixed                    = false
   dr-fc                          = 1000
   dr-tau                         = 0
   nstdisreout                    = 0
   orire-fc                       = 0
   orire-tau                      = 0
   nstorireout                    = 100
   free-energy                    = no
   cos-acceleration               = 0
   deform (3x3):
      deform[    0]={ 0.00000e+00,  0.00000e+00,  0.00000e+00}
      deform[    1]={ 0.00000e+00,  0.00000e+00,  0.00000e+00}
      deform[    2]={ 0.00000e+00,  0.00000e+00,  0.00000e+00}
   simulated-tempering            = false
   swapcoords                     = no
   userint1                       = 0
   userint2                       = 0
   userint3                       = 0
   userint4                       = 0
   userreal1                      = 0
   userreal2                      = 0
   userreal3                      = 0
   userreal4                      = 0
   applied-forces:
     electric-field:
       x:
         E0                       = 0
         omega                    = 0
         t0                       = 0
         sigma                    = 0
       y:
         E0                       = 0
         omega                    = 0
         t0                       = 0
         sigma                    = 0
       z:
         E0                       = 0
         omega                    = 0
         t0                       = 0
         sigma                    = 0
     density-guided-simulation:
       active                     = false
       group                      = protein
       similarity-measure         = inner-product
       atom-spreading-weight      = unity
       force-constant             = 1e+09
       gaussian-transform-spreading-width = 0.2
       gaussian-transform-spreading-range-in-multiples-of-width = 4
       reference-density-filename = reference.mrc
       nst                        = 1
       normalize-densities        = true
       adaptive-force-scaling     = false
       adaptive-force-scaling-time-constant = 4
       shift-vector               = 
       transformation-matrix      = 
     qmmm-cp2k:
       active                     = false
       qmgroup                    = System
       qmmethod                   = PBE
       qmfilenames                = 
       qmcharge                   = 0
       qmmultiplicity             = 1
     colvars:
       active                     = false
       configfile                 = 
       seed                       = -1
grpopts:
   nrdf:       17491      144102
   ref-t:         310         310
   tau-t:         0.1         0.1
annealing:          No          No
annealing-npoints:           0           0
   acc:	           0           0           0
   nfreeze:           N           N           N
   energygrp-flags[  0]: 0

Changing nstlist from 10 to 100, rlist from 1 to 1.049


Update groups can not be used for this system because atoms that are (in)directly constrained together are interdispersed with other atoms

1 GPU selected for this run.
Mapping of GPU IDs to the 2 GPU tasks in the 1 rank on this node:
  PP:0,PME:0
PP tasks will do (non-perturbed) short-ranged interactions on the GPU
PP task will update and constrain coordinates on the GPU
PME tasks will do all aspects on the GPU
Using 1 MPI thread
Using 32 OpenMP threads 

System total charge: 0.000
Will do PME sum in reciprocal space for electrostatic interactions.

++++ PLEASE READ AND CITE THE FOLLOWING REFERENCE ++++
U. Essmann, L. Perera, M. L. Berkowitz, T. Darden, H. Lee and L. G. Pedersen 
A smooth particle mesh Ewald method
J. Chem. Phys. 103 (1995) pp. 8577-8592
-------- -------- --- Thank You --- -------- --------

Using a Gaussian width (1/beta) of 0.320163 nm for Ewald
Potential shift: LJ r^-12: -1.000e+00 r^-6: -1.000e+00, Ewald -1.000e-05
Initialized non-bonded Coulomb Ewald tables, spacing: 9.33e-04 size: 1073

Generated table with 1024 data points for 1-4 COUL.
Tabscale = 500 points/nm
Generated table with 1024 data points for 1-4 LJ6.
Tabscale = 500 points/nm
Generated table with 1024 data points for 1-4 LJ12.
Tabscale = 500 points/nm
Long Range LJ corr.: <C6> 3.2051e-04


Using GPU 8x8 nonbonded short-range kernels

Using a dual 8x8 pair-list setup updated with dynamic, rolling pruning:
  outer list: updated every 100 steps, buffer 0.049 nm, rlist 1.049 nm
  inner list: updated every  40 steps, buffer 0.001 nm, rlist 1.001 nm
At tolerance 0.005 kJ/mol/ps per atom, equivalent classical 1x1 list would be:
  outer list: updated every 100 steps, buffer 0.135 nm, rlist 1.135 nm
  inner list: updated every  40 steps, buffer 0.043 nm, rlist 1.043 nm

The average pressure is off by at most 0.43 bar due to missing LJ interactions

Using Lorentz-Berthelot Lennard-Jones combination rule
Removing pbc first time

NOTE: The number of threads is not equal to the number of (logical) cpus
      and the -pin option is set to auto: will not pin threads to cpus.
      This can lead to significant performance degradation.
      Consider using -pin on (and -pinoffset in case you run multiple jobs).

Initializing LINear Constraint Solver

++++ PLEASE READ AND CITE THE FOLLOWING REFERENCE ++++
B. Hess and H. Bekker and H. J. C. Berendsen and J. G. E. M. Fraaije
LINCS: A Linear Constraint Solver for molecular simulations
J. Comp. Chem. 18 (1997) pp. 1463-1472
-------- -------- --- Thank You --- -------- --------

The number of constraints is 3395

++++ PLEASE READ AND CITE THE FOLLOWING REFERENCE ++++
S. Miyamoto and P. A. Kollman
SETTLE: An Analytical Version of the SHAKE and RATTLE Algorithms for Rigid
Water Models
J. Comp. Chem. 13 (1992) pp. 952-962
-------- -------- --- Thank You --- -------- --------


++++ PLEASE READ AND CITE THE FOLLOWING REFERENCE ++++
G. Bussi, D. Donadio and M. Parrinello
Canonical sampling through velocity rescaling
J. Chem. Phys. 126 (2007) pp. 014101
-------- -------- --- Thank You --- -------- --------

There are: 78953 Atoms

Updating coordinates and applying constraints on the GPU.

Constraining the starting coordinates (step 0)

Constraining the coordinates at t0-dt (step 0)
RMS relative constraint deviation after constraining: 1.61e-06
Initial temperature: 1.53593e-05 K

Started mdrun on rank 0 Sat May  2 15:14:44 2026

           Step           Time
              0        0.00000

   Energies (kJ/mol)
           Bond          Angle    Proper Dih. Per. Imp. Dih.          LJ-14
    1.22860e+02    4.83678e+04    4.81104e+04    3.15225e+03    1.03474e+04
     Coulomb-14        LJ (SR)  Disper. corr.   Coulomb (SR)   Coul. recip.
    7.25465e+04    1.52572e+05   -1.03975e+04   -1.43119e+06    1.44016e+04
 Position Rest.      Potential    Kinetic En.   Total Energy  Conserved En.
    1.69109e-03   -1.09196e+06    7.12261e+01   -1.09189e+06   -1.09174e+06
    Temperature Pres. DC (bar) Pressure (bar)   Constr. rmsd
    1.06026e-01   -2.15028e+02   -2.62698e+03    1.61464e-06

           Step           Time
           5000        2.50000

   Energies (kJ/mol)
           Bond          Angle    Proper Dih. Per. Imp. Dih.          LJ-14
    5.65578e+03    1.97752e+04    2.64577e+04    1.60752e+03    6.67780e+03
     Coulomb-14        LJ (SR)  Disper. corr.   Coulomb (SR)   Coul. recip.
    7.42325e+04    1.41672e+05   -1.03548e+04   -1.29189e+06    9.52344e+03
 Position Rest.      Potential    Kinetic En.   Total Energy  Conserved En.
    1.41006e+04   -1.00254e+06    2.08086e+05   -7.94458e+05   -1.09111e+06
    Temperature Pres. DC (bar) Pressure (bar)   Constr. rmsd
    3.09754e+02   -2.13267e+02   -4.68418e+01    1.61464e-06

step 8300: timed with pme grid 96 96 96, coulomb cutoff 1.000: 125.3 M-cycles
step 8500: timed with pme grid 80 80 80, coulomb cutoff 1.087: 139.5 M-cycles
step 8700: timed with pme grid 72 72 72, coulomb cutoff 1.208: 166.8 M-cycles
step 8900: timed with pme grid 80 80 80, coulomb cutoff 1.087: 141.6 M-cycles
step 9100: timed with pme grid 84 84 84, coulomb cutoff 1.035: 131.8 M-cycles
step 9300: timed with pme grid 96 96 96, coulomb cutoff 1.000: 125.6 M-cycles
              optimal pme grid 96 96 96, coulomb cutoff 1.000
           Step           Time
          10000        5.00000

   Energies (kJ/mol)
           Bond          Angle    Proper Dih. Per. Imp. Dih.          LJ-14
    5.64299e+03    2.06820e+04    2.55002e+04    1.34049e+03    6.86126e+03
     Coulomb-14        LJ (SR)  Disper. corr.   Coulomb (SR)   Coul. recip.
    7.43950e+04    1.37359e+05   -1.03520e+04   -1.29044e+06    9.07265e+03
 Position Rest.      Potential    Kinetic En.   Total Energy  Conserved En.
    1.41672e+04   -1.00577e+06    2.07686e+05   -7.98081e+05   -1.09110e+06
    Temperature Pres. DC (bar) Pressure (bar)   Constr. rmsd
    3.09159e+02   -2.13152e+02   -8.76385e+01    1.61464e-06

           Step           Time
          15000        7.50000

   Energies (kJ/mol)
           Bond          Angle    Proper Dih. Per. Imp. Dih.          LJ-14
    5.79545e+03    2.07407e+04    2.57797e+04    1.44091e+03    6.61864e+03
     Coulomb-14        LJ (SR)  Disper. corr.   Coulomb (SR)   Coul. recip.
    7.42537e+04    1.36644e+05   -1.03839e+04   -1.28782e+06    8.87566e+03
 Position Rest.      Potential    Kinetic En.   Total Energy  Conserved En.
    1.37738e+04   -1.00428e+06    2.08424e+05   -7.95860e+05   -1.09110e+06
    Temperature Pres. DC (bar) Pressure (bar)   Constr. rmsd
    3.10256e+02   -2.14465e+02   -3.93512e+01    1.61464e-06

           Step           Time
          20000       10.00000

   Energies (kJ/mol)
           Bond          Angle    Proper Dih. Per. Imp. Dih.          LJ-14
    5.75757e+03    2.06041e+04    2.54878e+04    1.27525e+03    6.61230e+03
     Coulomb-14        LJ (SR)  Disper. corr.   Coulomb (SR)   Coul. recip.
    7.47421e+04    1.38808e+05   -1.04150e+04   -1.29302e+06    9.04877e+03
 Position Rest.      Potential    Kinetic En.   Total Energy  Conserved En.
    1.36462e+04   -1.00746e+06    2.08046e+05   -7.99410e+05   -1.09108e+06
    Temperature Pres. DC (bar) Pressure (bar)   Constr. rmsd
    3.09693e+02   -2.15749e+02    4.18633e+01    1.61464e-06

           Step           Time
          25000       12.50000

   Energies (kJ/mol)
           Bond          Angle    Proper Dih. Per. Imp. Dih.          LJ-14
    5.85350e+03    2.05638e+04    2.53779e+04    1.27989e+03    6.67175e+03
     Coulomb-14        LJ (SR)  Disper. corr.   Coulomb (SR)   Coul. recip.
    7.47644e+04    1.35842e+05   -1.04344e+04   -1.28884e+06    8.80007e+03
 Position Rest.      Potential    Kinetic En.   Total Energy  Conserved En.
    1.34857e+04   -1.00663e+06    2.08600e+05   -7.98034e+05   -1.09106e+06
    Temperature Pres. DC (bar) Pressure (bar)   Constr. rmsd
    3.10519e+02   -2.16554e+02   -9.55051e+01    1.61464e-06

           Step           Time
          30000       15.00000

   Energies (kJ/mol)
           Bond          Angle    Proper Dih. Per. Imp. Dih.          LJ-14
    5.83807e+03    2.10462e+04    2.51344e+04    1.34285e+03    6.59653e+03
     Coulomb-14        LJ (SR)  Disper. corr.   Coulomb (SR)   Coul. recip.
    7.45401e+04    1.36690e+05   -1.04494e+04   -1.28909e+06    8.94334e+03
 Position Rest.      Potential    Kinetic En.   Total Energy  Conserved En.
    1.35656e+04   -1.00584e+06    2.07518e+05   -7.98323e+05   -1.09106e+06
    Temperature Pres. DC (bar) Pressure (bar)   Constr. rmsd
    3.08908e+02   -2.17178e+02    1.23042e+01    1.61464e-06

           Step           Time
          35000       17.50000

   Energies (kJ/mol)
           Bond          Angle    Proper Dih. Per. Imp. Dih.          LJ-14
    5.95667e+03    2.11442e+04    2.54520e+04    1.35435e+03    6.78477e+03
     Coulomb-14        LJ (SR)  Disper. corr.   Coulomb (SR)   Coul. recip.
    7.45326e+04    1.37945e+05   -1.04636e+04   -1.29088e+06    8.88606e+03
 Position Rest.      Potential    Kinetic En.   Total Energy  Conserved En.
    1.34186e+04   -1.00587e+06    2.09305e+05   -7.96563e+05   -1.09105e+06
    Temperature Pres. DC (bar) Pressure (bar)   Constr. rmsd
    3.11569e+02   -2.17768e+02    6.43260e+01    1.61464e-06

           Step           Time
          40000       20.00000

   Energies (kJ/mol)
           Bond          Angle    Proper Dih. Per. Imp. Dih.          LJ-14
    6.19100e+03    2.07508e+04    2.53742e+04    1.39851e+03    6.58187e+03
     Coulomb-14        LJ (SR)  Disper. corr.   Coulomb (SR)   Coul. recip.
    7.46651e+04    1.38300e+05   -1.04759e+04   -1.29208e+06    8.76301e+03
 Position Rest.      Potential    Kinetic En.   Total Energy  Conserved En.
    1.36691e+04   -1.00686e+06    2.07870e+05   -7.98989e+05   -1.09103e+06
    Temperature Pres. DC (bar) Pressure (bar)   Constr. rmsd
    3.09431e+02   -2.18277e+02   -5.34599e+01    1.61464e-06

           Step           Time
          45000       22.50000

   Energies (kJ/mol)
           Bond          Angle    Proper Dih. Per. Imp. Dih.          LJ-14
    6.28652e+03    2.03608e+04    2.53069e+04    1.33126e+03    6.68333e+03
     Coulomb-14        LJ (SR)  Disper. corr.   Coulomb (SR)   Coul. recip.
    7.46359e+04    1.37271e+05   -1.04859e+04   -1.29185e+06    8.86292e+03
 Position Rest.      Potential    Kinetic En.   Total Energy  Conserved En.
    1.35840e+04   -1.00801e+06    2.08987e+05   -7.99024e+05   -1.09104e+06
    Temperature Pres. DC (bar) Pressure (bar)   Constr. rmsd
    3.11094e+02   -2.18693e+02    5.68237e+01    1.61464e-06

           Step           Time
          50000       25.00000

   Energies (kJ/mol)
           Bond          Angle    Proper Dih. Per. Imp. Dih.          LJ-14
    5.83425e+03    2.08364e+04    2.52578e+04    1.41691e+03    6.69605e+03
     Coulomb-14        LJ (SR)  Disper. corr.   Coulomb (SR)   Coul. recip.
    7.47081e+04    1.35304e+05   -1.04897e+04   -1.28823e+06    8.95182e+03
 Position Rest.      Potential    Kinetic En.   Total Energy  Conserved En.
    1.35768e+04   -1.00614e+06    2.08859e+05   -7.97278e+05   -1.09102e+06
    Temperature Pres. DC (bar) Pressure (bar)   Constr. rmsd
    3.10904e+02   -2.18851e+02    3.08399e+01    1.61464e-06

           Step           Time
          55000       27.50000

   Energies (kJ/mol)
           Bond          Angle    Proper Dih. Per. Imp. Dih.          LJ-14
    5.90103e+03    2.06844e+04    2.53413e+04    1.31901e+03    6.51326e+03
     Coulomb-14        LJ (SR)  Disper. corr.   Coulomb (SR)   Coul. recip.
    7.45573e+04    1.38501e+05   -1.04873e+04   -1.29410e+06    8.87181e+03
 Position Rest.      Potential    Kinetic En.   Total Energy  Conserved En.
    1.34815e+04   -1.00942e+06    2.08453e+05   -8.00968e+05   -1.09100e+06
    Temperature Pres. DC (bar) Pressure (bar)   Constr. rmsd
    3.10299e+02   -2.18751e+02    7.88606e+00    1.61464e-06

           Step           Time
          60000       30.00000

   Energies (kJ/mol)
           Bond          Angle    Proper Dih. Per. Imp. Dih.          LJ-14
    6.08568e+03    2.09255e+04    2.54058e+04    1.37586e+03    6.52636e+03
     Coulomb-14        LJ (SR)  Disper. corr.   Coulomb (SR)   Coul. recip.
    7.43328e+04    1.35323e+05   -1.04900e+04   -1.28759e+06    8.85620e+03
 Position Rest.      Potential    Kinetic En.   Total Energy  Conserved En.
    1.35196e+04   -1.00573e+06    2.09501e+05   -7.96225e+05   -1.09097e+06
    Temperature Pres. DC (bar) Pressure (bar)   Constr. rmsd
    3.11859e+02   -2.18866e+02   -1.75058e+02    1.61464e-06

           Step           Time
          65000       32.50000

   Energies (kJ/mol)
           Bond          Angle    Proper Dih. Per. Imp. Dih.          LJ-14
    5.70382e+03    2.07199e+04    2.52913e+04    1.42609e+03    6.70238e+03
     Coulomb-14        LJ (SR)  Disper. corr.   Coulomb (SR)   Coul. recip.
    7.45810e+04    1.37822e+05   -1.04942e+04   -1.29261e+06    8.81731e+03
 Position Rest.      Potential    Kinetic En.   Total Energy  Conserved En.
    1.37655e+04   -1.00828e+06    2.09411e+05   -7.98865e+05   -1.09099e+06
    Temperature Pres. DC (bar) Pressure (bar)   Constr. rmsd
    3.11726e+02   -2.19040e+02    1.31664e+02    1.61464e-06

           Step           Time
          70000       35.00000

   Energies (kJ/mol)
           Bond          Angle    Proper Dih. Per. Imp. Dih.          LJ-14
    5.98010e+03    2.06253e+04    2.50125e+04    1.32132e+03    6.66947e+03
     Coulomb-14        LJ (SR)  Disper. corr.   Coulomb (SR)   Coul. recip.
    7.47450e+04    1.36840e+05   -1.04947e+04   -1.29130e+06    8.69033e+03
 Position Rest.      Potential    Kinetic En.   Total Energy  Conserved En.
    1.40709e+04   -1.00784e+06    2.08086e+05   -7.99749e+05   -1.09097e+06
    Temperature Pres. DC (bar) Pressure (bar)   Constr. rmsd
    3.09753e+02   -2.19061e+02    6.78529e+01    1.61464e-06

           Step           Time
          75000       37.50000

   Energies (kJ/mol)
           Bond          Angle    Proper Dih. Per. Imp. Dih.          LJ-14
    5.88802e+03    2.08746e+04    2.51805e+04    1.33145e+03    6.61089e+03
     Coulomb-14        LJ (SR)  Disper. corr.   Coulomb (SR)   Coul. recip.
    7.45402e+04    1.37480e+05   -1.04899e+04   -1.29353e+06    8.89774e+03
 Position Rest.      Potential    Kinetic En.   Total Energy  Conserved En.
    1.38375e+04   -1.00938e+06    2.09587e+05   -7.99790e+05   -1.09096e+06
    Temperature Pres. DC (bar) Pressure (bar)   Constr. rmsd
    3.11987e+02   -2.18862e+02    9.65661e+01    1.61464e-06

           Step           Time
          80000       40.00000

   Energies (kJ/mol)
           Bond          Angle    Proper Dih. Per. Imp. Dih.          LJ-14
    5.85137e+03    2.07346e+04    2.52093e+04    1.33139e+03    6.67839e+03
     Coulomb-14        LJ (SR)  Disper. corr.   Coulomb (SR)   Coul. recip.
    7.45675e+04    1.34241e+05   -1.04935e+04   -1.28801e+06    8.75344e+03
 Position Rest.      Potential    Kinetic En.   Total Energy  Conserved En.
    1.36701e+04   -1.00747e+06    2.09279e+05   -7.98188e+05   -1.09093e+06
    Temperature Pres. DC (bar) Pressure (bar)   Constr. rmsd
    3.11529e+02   -2.19010e+02   -6.71527e+01    1.61464e-06

           Step           Time
          85000       42.50000

   Energies (kJ/mol)
           Bond          Angle    Proper Dih. Per. Imp. Dih.          LJ-14
    6.04722e+03    2.03988e+04    2.54148e+04    1.40107e+03    6.56419e+03
     Coulomb-14        LJ (SR)  Disper. corr.   Coulomb (SR)   Coul. recip.
    7.42937e+04    1.38563e+05   -1.05005e+04   -1.29339e+06    8.83674e+03
 Position Rest.      Potential    Kinetic En.   Total Energy  Conserved En.
    1.38880e+04   -1.00848e+06    2.08012e+05   -8.00467e+05   -1.09093e+06
    Temperature Pres. DC (bar) Pressure (bar)   Constr. rmsd
    3.09643e+02   -2.19303e+02    1.45576e+02    1.61464e-06

           Step           Time
          90000       45.00000

   Energies (kJ/mol)
           Bond          Angle    Proper Dih. Per. Imp. Dih.          LJ-14
    6.07294e+03    2.01478e+04    2.54980e+04    1.34035e+03    6.58335e+03
     Coulomb-14        LJ (SR)  Disper. corr.   Coulomb (SR)   Coul. recip.
    7.46725e+04    1.36945e+05   -1.05007e+04   -1.29314e+06    8.87182e+03
 Position Rest.      Potential    Kinetic En.   Total Energy  Conserved En.
    1.36691e+04   -1.00984e+06    2.09591e+05   -8.00251e+05   -1.09091e+06
    Temperature Pres. DC (bar) Pressure (bar)   Constr. rmsd
    3.11994e+02   -2.19312e+02   -4.59755e+01    1.61464e-06

           Step           Time
          95000       47.50000

   Energies (kJ/mol)
           Bond          Angle    Proper Dih. Per. Imp. Dih.          LJ-14
    6.17235e+03    2.05093e+04    2.53394e+04    1.43501e+03    6.67686e+03
     Coulomb-14        LJ (SR)  Disper. corr.   Coulomb (SR)   Coul. recip.
    7.44713e+04    1.37878e+05   -1.05111e+04   -1.29509e+06    8.81130e+03
 Position Rest.      Potential    Kinetic En.   Total Energy  Conserved En.
    1.35893e+04   -1.01072e+06    2.10161e+05   -8.00557e+05   -1.09089e+06
    Temperature Pres. DC (bar) Pressure (bar)   Constr. rmsd
    3.12842e+02   -2.19747e+02   -3.85769e+01    1.61464e-06

           Step           Time
         100000       50.00000

   Energies (kJ/mol)
           Bond          Angle    Proper Dih. Per. Imp. Dih.          LJ-14
    6.03392e+03    2.07096e+04    2.50687e+04    1.32146e+03    6.54461e+03
     Coulomb-14        LJ (SR)  Disper. corr.   Coulomb (SR)   Coul. recip.
    7.41755e+04    1.39615e+05   -1.05076e+04   -1.29557e+06    8.89763e+03
 Position Rest.      Potential    Kinetic En.   Total Energy  Conserved En.
    1.35826e+04   -1.01013e+06    2.08469e+05   -8.01663e+05   -1.09089e+06
    Temperature Pres. DC (bar) Pressure (bar)   Constr. rmsd
    3.10323e+02   -2.19600e+02    1.05695e+02    1.61464e-06

           Step           Time
         105000       52.50000

   Energies (kJ/mol)
           Bond          Angle    Proper Dih. Per. Imp. Dih.          LJ-14
    5.99219e+03    2.07632e+04    2.52291e+04    1.34785e+03    6.54750e+03
     Coulomb-14        LJ (SR)  Disper. corr.   Coulomb (SR)   Coul. recip.
    7.46951e+04    1.38755e+05   -1.05053e+04   -1.29361e+06    8.73426e+03
 Position Rest.      Potential    Kinetic En.   Total Energy  Conserved En.
    1.34266e+04   -1.00863e+06    2.08198e+05   -8.00427e+05   -1.09088e+06
    Temperature Pres. DC (bar) Pressure (bar)   Constr. rmsd
    3.09920e+02   -2.19502e+02    1.35658e+02    1.61464e-06

           Step           Time
         110000       55.00000

   Energies (kJ/mol)
           Bond          Angle    Proper Dih. Per. Imp. Dih.          LJ-14
    6.19737e+03    2.08769e+04    2.54868e+04    1.38507e+03    6.58773e+03
     Coulomb-14        LJ (SR)  Disper. corr.   Coulomb (SR)   Coul. recip.
    7.43882e+04    1.39073e+05   -1.05026e+04   -1.29441e+06    8.79344e+03
 Position Rest.      Potential    Kinetic En.   Total Energy  Conserved En.
    1.34761e+04   -1.00865e+06    2.07614e+05   -8.01033e+05   -1.09085e+06
    Temperature Pres. DC (bar) Pressure (bar)   Constr. rmsd
    3.09051e+02   -2.19389e+02    5.86516e+00    1.61464e-06

           Step           Time
         115000       57.50000

   Energies (kJ/mol)
           Bond          Angle    Proper Dih. Per. Imp. Dih.          LJ-14
    6.06321e+03    2.07787e+04    2.54559e+04    1.46330e+03    6.50523e+03
     Coulomb-14        LJ (SR)  Disper. corr.   Coulomb (SR)   Coul. recip.
    7.46623e+04    1.35600e+05   -1.04993e+04   -1.29017e+06    8.90508e+03
 Position Rest.      Potential    Kinetic En.   Total Energy  Conserved En.
    1.35303e+04   -1.00771e+06    2.09448e+05   -7.98262e+05   -1.09084e+06
    Temperature Pres. DC (bar) Pressure (bar)   Constr. rmsd
    3.11781e+02   -2.19251e+02   -1.50874e+02    1.61464e-06

           Step           Time
         120000       60.00000

   Energies (kJ/mol)
           Bond          Angle    Proper Dih. Per. Imp. Dih.          LJ-14
    6.01694e+03    2.06206e+04    2.51399e+04    1.23285e+03    6.58603e+03
     Coulomb-14        LJ (SR)  Disper. corr.   Coulomb (SR)   Coul. recip.
    7.43809e+04    1.37422e+05   -1.05060e+04   -1.29304e+06    8.69891e+03
 Position Rest.      Potential    Kinetic En.   Total Energy  Conserved En.
    1.36152e+04   -1.00983e+06    2.07966e+05   -8.01869e+05   -1.09082e+06
    Temperature Pres. DC (bar) Pressure (bar)   Constr. rmsd
    3.09574e+02   -2.19533e+02   -1.70034e+02    1.61464e-06

           Step           Time
         125000       62.50000

   Energies (kJ/mol)
           Bond          Angle    Proper Dih. Per. Imp. Dih.          LJ-14
    5.73920e+03    2.06158e+04    2.51576e+04    1.39006e+03    6.66081e+03
     Coulomb-14        LJ (SR)  Disper. corr.   Coulomb (SR)   Coul. recip.
    7.49839e+04    1.38057e+05   -1.04989e+04   -1.29385e+06    8.89113e+03
 Position Rest.      Potential    Kinetic En.   Total Energy  Conserved En.
    1.37223e+04   -1.00913e+06    2.08912e+05   -8.00221e+05   -1.09084e+06
    Temperature Pres. DC (bar) Pressure (bar)   Constr. rmsd
    3.10983e+02   -2.19235e+02    1.87941e+02    1.61464e-06

           Step           Time
         130000       65.00000

   Energies (kJ/mol)
           Bond          Angle    Proper Dih. Per. Imp. Dih.          LJ-14
    6.02084e+03    2.05884e+04    2.51144e+04    1.34894e+03    6.54430e+03
     Coulomb-14        LJ (SR)  Disper. corr.   Coulomb (SR)   Coul. recip.
    7.44443e+04    1.36873e+05   -1.05009e+04   -1.29127e+06    8.95516e+03
 Position Rest.      Potential    Kinetic En.   Total Energy  Conserved En.
    1.36413e+04   -1.00824e+06    2.09141e+05   -7.99102e+05   -1.09080e+06
    Temperature Pres. DC (bar) Pressure (bar)   Constr. rmsd
    3.11323e+02   -2.19319e+02    4.12685e+01    1.61464e-06

           Step           Time
         135000       67.50000

   Energies (kJ/mol)
           Bond          Angle    Proper Dih. Per. Imp. Dih.          LJ-14
    5.95485e+03    2.03014e+04    2.51058e+04    1.38894e+03    6.64643e+03
     Coulomb-14        LJ (SR)  Disper. corr.   Coulomb (SR)   Coul. recip.
    7.43863e+04    1.37379e+05   -1.05003e+04   -1.29369e+06    8.73915e+03
 Position Rest.      Potential    Kinetic En.   Total Energy  Conserved En.
    1.39838e+04   -1.01030e+06    2.08015e+05   -8.02288e+05   -1.09080e+06
    Temperature Pres. DC (bar) Pressure (bar)   Constr. rmsd
    3.09648e+02   -2.19295e+02    1.41306e+01    1.61464e-06

           Step           Time
         140000       70.00000

   Energies (kJ/mol)
           Bond          Angle    Proper Dih. Per. Imp. Dih.          LJ-14
    6.02016e+03    2.09802e+04    2.50866e+04    1.41744e+03    6.54303e+03
     Coulomb-14        LJ (SR)  Disper. corr.   Coulomb (SR)   Coul. recip.
    7.43498e+04    1.38910e+05   -1.04996e+04   -1.29240e+06    8.66321e+03
 Position Rest.      Potential    Kinetic En.   Total Energy  Conserved En.
    1.36399e+04   -1.00729e+06    2.09245e+05   -7.98043e+05   -1.09079e+06
    Temperature Pres. DC (bar) Pressure (bar)   Constr. rmsd
    3.11478e+02   -2.19264e+02    1.07112e+02    1.61464e-06

           Step           Time
         145000       72.50000

   Energies (kJ/mol)
           Bond          Angle    Proper Dih. Per. Imp. Dih.          LJ-14
    6.20166e+03    2.06524e+04    2.50228e+04    1.30973e+03    6.54684e+03
     Coulomb-14        LJ (SR)  Disper. corr.   Coulomb (SR)   Coul. recip.
    7.45374e+04    1.34894e+05   -1.05004e+04   -1.28831e+06    8.89507e+03
 Position Rest.      Potential    Kinetic En.   Total Energy  Conserved En.
    1.35407e+04   -1.00721e+06    2.08657e+05   -7.98557e+05   -1.09076e+06
    Temperature Pres. DC (bar) Pressure (bar)   Constr. rmsd
    3.10604e+02   -2.19297e+02   -1.47705e+02    1.61464e-06

           Step           Time
         150000       75.00000

   Energies (kJ/mol)
           Bond          Angle    Proper Dih. Per. Imp. Dih.          LJ-14
    6.17424e+03    2.01855e+04    2.54334e+04    1.37011e+03    6.64035e+03
     Coulomb-14        LJ (SR)  Disper. corr.   Coulomb (SR)   Coul. recip.
    7.43144e+04    1.37185e+05   -1.05033e+04   -1.29254e+06    8.75214e+03
 Position Rest.      Potential    Kinetic En.   Total Energy  Conserved En.
    1.35117e+04   -1.00947e+06    2.07342e+05   -8.02132e+05   -1.09075e+06
    Temperature Pres. DC (bar) Pressure (bar)   Constr. rmsd
    3.08646e+02   -2.19420e+02   -1.76548e+02    1.61464e-06

           Step           Time
         155000       77.50000

   Energies (kJ/mol)
           Bond          Angle    Proper Dih. Per. Imp. Dih.          LJ-14
    5.94019e+03    2.02731e+04    2.53486e+04    1.35870e+03    6.58580e+03
     Coulomb-14        LJ (SR)  Disper. corr.   Coulomb (SR)   Coul. recip.
    7.46320e+04    1.35097e+05   -1.05069e+04   -1.29087e+06    8.69796e+03
 Position Rest.      Potential    Kinetic En.   Total Energy  Conserved En.
    1.35904e+04   -1.00986e+06    2.08420e+05   -8.01437e+05   -1.09074e+06
    Temperature Pres. DC (bar) Pressure (bar)   Constr. rmsd
    3.10250e+02   -2.19569e+02   -1.36752e+02    1.61464e-06

           Step           Time
         160000       80.00000

   Energies (kJ/mol)
           Bond          Angle    Proper Dih. Per. Imp. Dih.          LJ-14
    5.99769e+03    2.07010e+04    2.49464e+04    1.33539e+03    6.55495e+03
     Coulomb-14        LJ (SR)  Disper. corr.   Coulomb (SR)   Coul. recip.
    7.46618e+04    1.37494e+05   -1.05021e+04   -1.29244e+06    8.83028e+03
 Position Rest.      Potential    Kinetic En.   Total Energy  Conserved En.
    1.37714e+04   -1.00865e+06    2.07635e+05   -8.01014e+05   -1.09074e+06
    Temperature Pres. DC (bar) Pressure (bar)   Constr. rmsd
    3.09082e+02   -2.19369e+02    7.42771e+01    1.61464e-06

           Step           Time
         165000       82.50000

   Energies (kJ/mol)
           Bond          Angle    Proper Dih. Per. Imp. Dih.          LJ-14
    6.13164e+03    2.05541e+04    2.50108e+04    1.27428e+03    6.48906e+03
     Coulomb-14        LJ (SR)  Disper. corr.   Coulomb (SR)   Coul. recip.
    7.44490e+04    1.37182e+05   -1.05038e+04   -1.29288e+06    8.85377e+03
 Position Rest.      Potential    Kinetic En.   Total Energy  Conserved En.
    1.37516e+04   -1.00968e+06    2.08664e+05   -8.01020e+05   -1.09072e+06
    Temperature Pres. DC (bar) Pressure (bar)   Constr. rmsd
    3.10613e+02   -2.19441e+02   -2.44197e+01    1.61464e-06

           Step           Time
         170000       85.00000

   Energies (kJ/mol)
           Bond          Angle    Proper Dih. Per. Imp. Dih.          LJ-14
    6.08198e+03    2.03733e+04    2.54747e+04    1.34750e+03    6.52295e+03
     Coulomb-14        LJ (SR)  Disper. corr.   Coulomb (SR)   Coul. recip.
    7.47364e+04    1.35427e+05   -1.05038e+04   -1.29066e+06    8.87471e+03
 Position Rest.      Potential    Kinetic En.   Total Energy  Conserved En.
    1.34750e+04   -1.00885e+06    2.06900e+05   -8.01948e+05   -1.09070e+06
    Temperature Pres. DC (bar) Pressure (bar)   Constr. rmsd
    3.07988e+02   -2.19439e+02   -1.73896e+02    1.61464e-06

           Step           Time
         175000       87.50000

   Energies (kJ/mol)
           Bond          Angle    Proper Dih. Per. Imp. Dih.          LJ-14
    5.73413e+03    2.04139e+04    2.50989e+04    1.32234e+03    6.46097e+03
     Coulomb-14        LJ (SR)  Disper. corr.   Coulomb (SR)   Coul. recip.
    7.46468e+04    1.37437e+05   -1.05013e+04   -1.29460e+06    8.72036e+03
 Position Rest.      Potential    Kinetic En.   Total Energy  Conserved En.
    1.36238e+04   -1.01164e+06    2.07894e+05   -8.03745e+05   -1.09070e+06
    Temperature Pres. DC (bar) Pressure (bar)   Constr. rmsd
    3.09467e+02   -2.19337e+02    1.02114e+02    1.61464e-06

           Step           Time
         180000       90.00000

   Energies (kJ/mol)
           Bond          Angle    Proper Dih. Per. Imp. Dih.          LJ-14
    6.07741e+03    2.09554e+04    2.48911e+04    1.26043e+03    6.65085e+03
     Coulomb-14        LJ (SR)  Disper. corr.   Coulomb (SR)   Coul. recip.
    7.43036e+04    1.38580e+05   -1.05004e+04   -1.29541e+06    8.72539e+03
 Position Rest.      Potential    Kinetic En.   Total Energy  Conserved En.
    1.37760e+04   -1.01069e+06    2.07737e+05   -8.02951e+05   -1.09068e+06
    Temperature Pres. DC (bar) Pressure (bar)   Constr. rmsd
    3.09235e+02   -2.19297e+02    7.64380e+01    1.61464e-06

           Step           Time
         185000       92.50000

   Energies (kJ/mol)
           Bond          Angle    Proper Dih. Per. Imp. Dih.          LJ-14
    5.95078e+03    2.02471e+04    2.50973e+04    1.35995e+03    6.52486e+03
     Coulomb-14        LJ (SR)  Disper. corr.   Coulomb (SR)   Coul. recip.
    7.49535e+04    1.38451e+05   -1.05072e+04   -1.29539e+06    8.67017e+03
 Position Rest.      Potential    Kinetic En.   Total Energy  Conserved En.
    1.35780e+04   -1.01106e+06    2.08072e+05   -8.02990e+05   -1.09067e+06
    Temperature Pres. DC (bar) Pressure (bar)   Constr. rmsd
    3.09732e+02   -2.19581e+02    1.36436e+02    1.61464e-06

           Step           Time
         190000       95.00000

   Energies (kJ/mol)
           Bond          Angle    Proper Dih. Per. Imp. Dih.          LJ-14
    5.94567e+03    2.08554e+04    2.49047e+04    1.41007e+03    6.69355e+03
     Coulomb-14        LJ (SR)  Disper. corr.   Coulomb (SR)   Coul. recip.
    7.48761e+04    1.39181e+05   -1.05082e+04   -1.29346e+06    8.87287e+03
 Position Rest.      Potential    Kinetic En.   Total Energy  Conserved En.
    1.36952e+04   -1.00754e+06    2.08124e+05   -7.99412e+05   -1.09066e+06
    Temperature Pres. DC (bar) Pressure (bar)   Constr. rmsd
    3.09810e+02   -2.19626e+02    1.64294e+02    1.61464e-06

           Step           Time
         195000       97.50000

   Energies (kJ/mol)
           Bond          Angle    Proper Dih. Per. Imp. Dih.          LJ-14
    5.98247e+03    2.06886e+04    2.51646e+04    1.44091e+03    6.58743e+03
     Coulomb-14        LJ (SR)  Disper. corr.   Coulomb (SR)   Coul. recip.
    7.43511e+04    1.37158e+05   -1.05052e+04   -1.29458e+06    8.60790e+03
 Position Rest.      Potential    Kinetic En.   Total Energy  Conserved En.
    1.37094e+04   -1.01139e+06    2.07372e+05   -8.04019e+05   -1.09062e+06
    Temperature Pres. DC (bar) Pressure (bar)   Constr. rmsd
    3.08691e+02   -2.19501e+02   -5.04664e+01    1.61464e-06

           Step           Time
         200000      100.00000

   Energies (kJ/mol)
           Bond          Angle    Proper Dih. Per. Imp. Dih.          LJ-14
    5.95305e+03    2.06432e+04    2.50894e+04    1.36372e+03    6.72394e+03
     Coulomb-14        LJ (SR)  Disper. corr.   Coulomb (SR)   Coul. recip.
    7.49075e+04    1.36622e+05   -1.05069e+04   -1.29085e+06    8.66892e+03
 Position Rest.      Potential    Kinetic En.   Total Energy  Conserved En.
    1.36659e+04   -1.00772e+06    2.08667e+05   -7.99050e+05   -1.09061e+06
    Temperature Pres. DC (bar) Pressure (bar)   Constr. rmsd
    3.10618e+02   -2.19571e+02    4.10479e+01    1.61464e-06

           Step           Time
         205000      102.50000

   Energies (kJ/mol)
           Bond          Angle    Proper Dih. Per. Imp. Dih.          LJ-14
    6.19566e+03    2.05465e+04    2.48025e+04    1.42744e+03    6.57192e+03
     Coulomb-14        LJ (SR)  Disper. corr.   Coulomb (SR)   Coul. recip.
    7.47237e+04    1.37240e+05   -1.05039e+04   -1.29236e+06    8.82052e+03
 Position Rest.      Potential    Kinetic En.   Total Energy  Conserved En.
    1.37151e+04   -1.00882e+06    2.08371e+05   -8.00446e+05   -1.09060e+06
    Temperature Pres. DC (bar) Pressure (bar)   Constr. rmsd
    3.10178e+02   -2.19443e+02    6.33304e+01    1.61464e-06

           Step           Time
         210000      105.00000

   Energies (kJ/mol)
           Bond          Angle    Proper Dih. Per. Imp. Dih.          LJ-14
    6.00118e+03    2.03110e+04    2.50509e+04    1.39700e+03    6.66567e+03
     Coulomb-14        LJ (SR)  Disper. corr.   Coulomb (SR)   Coul. recip.
    7.47950e+04    1.37327e+05   -1.04993e+04   -1.29264e+06    8.72346e+03
 Position Rest.      Potential    Kinetic En.   Total Energy  Conserved En.
    1.35369e+04   -1.00933e+06    2.08919e+05   -8.00409e+05   -1.09059e+06
    Temperature Pres. DC (bar) Pressure (bar)   Constr. rmsd
    3.10993e+02   -2.19254e+02    1.94912e+01    1.61464e-06

           Step           Time
         215000      107.50000

   Energies (kJ/mol)
           Bond          Angle    Proper Dih. Per. Imp. Dih.          LJ-14
    6.17048e+03    2.07945e+04    2.50287e+04    1.42622e+03    6.59064e+03
     Coulomb-14        LJ (SR)  Disper. corr.   Coulomb (SR)   Coul. recip.
    7.44414e+04    1.37566e+05   -1.05037e+04   -1.29081e+06    8.83799e+03
 Position Rest.      Potential    Kinetic En.   Total Energy  Conserved En.
    1.35272e+04   -1.00693e+06    2.09931e+05   -7.96995e+05   -1.09059e+06
    Temperature Pres. DC (bar) Pressure (bar)   Constr. rmsd
    3.12500e+02   -2.19434e+02    1.83539e+02    1.61464e-06

           Step           Time
         220000      110.00000

   Energies (kJ/mol)
           Bond          Angle    Proper Dih. Per. Imp. Dih.          LJ-14
    5.81178e+03    2.03771e+04    2.50408e+04    1.34821e+03    6.63956e+03
     Coulomb-14        LJ (SR)  Disper. corr.   Coulomb (SR)   Coul. recip.
    7.46509e+04    1.36880e+05   -1.05016e+04   -1.29370e+06    8.84987e+03
 Position Rest.      Potential    Kinetic En.   Total Energy  Conserved En.
    1.36650e+04   -1.01094e+06    2.08233e+05   -8.02704e+05   -1.09056e+06
    Temperature Pres. DC (bar) Pressure (bar)   Constr. rmsd
    3.09972e+02   -2.19348e+02    2.93473e+01    1.61464e-06

           Step           Time
         225000      112.50000

   Energies (kJ/mol)
           Bond          Angle    Proper Dih. Per. Imp. Dih.          LJ-14
    6.01139e+03    2.03625e+04    2.51602e+04    1.29405e+03    6.67544e+03
     Coulomb-14        LJ (SR)  Disper. corr.   Coulomb (SR)   Coul. recip.
    7.45469e+04    1.38452e+05   -1.04988e+04   -1.29421e+06    8.86839e+03
 Position Rest.      Potential    Kinetic En.   Total Energy  Conserved En.
    1.34666e+04   -1.00987e+06    2.08459e+05   -8.01412e+05   -1.09055e+06
    Temperature Pres. DC (bar) Pressure (bar)   Constr. rmsd
    3.10308e+02   -2.19231e+02    1.99088e+02    1.61464e-06

           Step           Time
         230000      115.00000

   Energies (kJ/mol)
           Bond          Angle    Proper Dih. Per. Imp. Dih.          LJ-14
    6.19898e+03    2.03214e+04    2.50427e+04    1.27256e+03    6.59101e+03
     Coulomb-14        LJ (SR)  Disper. corr.   Coulomb (SR)   Coul. recip.
    7.43570e+04    1.38118e+05   -1.05058e+04   -1.29527e+06    8.69796e+03
 Position Rest.      Potential    Kinetic En.   Total Energy  Conserved En.
    1.39260e+04   -1.01125e+06    2.08097e+05   -8.03155e+05   -1.09052e+06
    Temperature Pres. DC (bar) Pressure (bar)   Constr. rmsd
    3.09770e+02   -2.19526e+02   -9.83033e+01    1.61464e-06

           Step           Time
         235000      117.50000

   Energies (kJ/mol)
           Bond          Angle    Proper Dih. Per. Imp. Dih.          LJ-14
    5.89410e+03    2.04508e+04    2.53056e+04    1.27227e+03    6.65110e+03
     Coulomb-14        LJ (SR)  Disper. corr.   Coulomb (SR)   Coul. recip.
    7.45235e+04    1.36472e+05   -1.05097e+04   -1.29240e+06    8.82058e+03
 Position Rest.      Potential    Kinetic En.   Total Energy  Conserved En.
    1.36931e+04   -1.00983e+06    2.07822e+05   -8.02009e+05   -1.09052e+06
    Temperature Pres. DC (bar) Pressure (bar)   Constr. rmsd
    3.09361e+02   -2.19686e+02    4.94545e+01    1.61464e-06

           Step           Time
         240000      120.00000

   Energies (kJ/mol)
           Bond          Angle    Proper Dih. Per. Imp. Dih.          LJ-14
    5.98397e+03    2.04478e+04    2.52860e+04    1.37352e+03    6.56947e+03
     Coulomb-14        LJ (SR)  Disper. corr.   Coulomb (SR)   Coul. recip.
    7.46423e+04    1.37839e+05   -1.05062e+04   -1.29303e+06    8.66058e+03
 Position Rest.      Potential    Kinetic En.   Total Energy  Conserved En.
    1.35840e+04   -1.00915e+06    2.08251e+05   -8.00903e+05   -1.09051e+06
    Temperature Pres. DC (bar) Pressure (bar)   Constr. rmsd
    3.10000e+02   -2.19541e+02    4.52268e+01    1.61464e-06

           Step           Time
         245000      122.50000

   Energies (kJ/mol)
           Bond          Angle    Proper Dih. Per. Imp. Dih.          LJ-14
    6.08654e+03    2.01743e+04    2.51574e+04    1.31334e+03    6.48906e+03
     Coulomb-14        LJ (SR)  Disper. corr.   Coulomb (SR)   Coul. recip.
    7.45510e+04    1.36073e+05   -1.05078e+04   -1.29068e+06    8.78378e+03
 Position Rest.      Potential    Kinetic En.   Total Energy  Conserved En.
    1.36058e+04   -1.00896e+06    2.06921e+05   -8.02035e+05   -1.09050e+06
    Temperature Pres. DC (bar) Pressure (bar)   Constr. rmsd
    3.08020e+02   -2.19609e+02   -6.23217e+01    1.61464e-06

           Step           Time
         250000      125.00000

   Energies (kJ/mol)
           Bond          Angle    Proper Dih. Per. Imp. Dih.          LJ-14
    6.08568e+03    2.05385e+04    2.48623e+04    1.25498e+03    6.56974e+03
     Coulomb-14        LJ (SR)  Disper. corr.   Coulomb (SR)   Coul. recip.
    7.43841e+04    1.37539e+05   -1.05044e+04   -1.29379e+06    8.76526e+03
 Position Rest.      Potential    Kinetic En.   Total Energy  Conserved En.
    1.35063e+04   -1.01079e+06    2.07574e+05   -8.03218e+05   -1.09048e+06
    Temperature Pres. DC (bar) Pressure (bar)   Constr. rmsd
    3.08991e+02   -2.19466e+02    5.78394e+01    1.61464e-06

           Step           Time
         255000      127.50000

   Energies (kJ/mol)
           Bond          Angle    Proper Dih. Per. Imp. Dih.          LJ-14
    5.91723e+03    2.03924e+04    2.48148e+04    1.22877e+03    6.59935e+03
     Coulomb-14        LJ (SR)  Disper. corr.   Coulomb (SR)   Coul. recip.
    7.47315e+04    1.37068e+05   -1.04986e+04   -1.29164e+06    8.91994e+03
 Position Rest.      Potential    Kinetic En.   Total Energy  Conserved En.
    1.38418e+04   -1.00863e+06    2.08620e+05   -8.00005e+05   -1.09049e+06
    Temperature Pres. DC (bar) Pressure (bar)   Constr. rmsd
    3.10548e+02   -2.19222e+02    7.07435e+01    1.61464e-06

           Step           Time
         260000      130.00000

   Energies (kJ/mol)
           Bond          Angle    Proper Dih. Per. Imp. Dih.          LJ-14
    5.89795e+03    2.08711e+04    2.47629e+04    1.29111e+03    6.52727e+03
     Coulomb-14        LJ (SR)  Disper. corr.   Coulomb (SR)   Coul. recip.
    7.48858e+04    1.35472e+05   -1.05096e+04   -1.29055e+06    8.88751e+03
 Position Rest.      Potential    Kinetic En.   Total Energy  Conserved En.
    1.34981e+04   -1.00897e+06    2.08742e+05   -8.00224e+05   -1.09045e+06
    Temperature Pres. DC (bar) Pressure (bar)   Constr. rmsd
    3.10729e+02   -2.19681e+02   -1.49466e+02    1.61464e-06

           Step           Time
         265000      132.50000

   Energies (kJ/mol)
           Bond          Angle    Proper Dih. Per. Imp. Dih.          LJ-14
    6.11465e+03    2.02438e+04    2.53159e+04    1.45517e+03    6.59579e+03
     Coulomb-14        LJ (SR)  Disper. corr.   Coulomb (SR)   Coul. recip.
    7.46298e+04    1.39613e+05   -1.05081e+04   -1.29466e+06    8.73033e+03
 Position Rest.      Potential    Kinetic En.   Total Energy  Conserved En.
    1.36735e+04   -1.00879e+06    2.09297e+05   -7.99495e+05   -1.09046e+06
    Temperature Pres. DC (bar) Pressure (bar)   Constr. rmsd
    3.11556e+02   -2.19619e+02    2.12768e+02    1.61464e-06

           Step           Time
         270000      135.00000

   Energies (kJ/mol)
           Bond          Angle    Proper Dih. Per. Imp. Dih.          LJ-14
    6.08549e+03    2.07101e+04    2.49290e+04    1.38684e+03    6.60849e+03
     Coulomb-14        LJ (SR)  Disper. corr.   Coulomb (SR)   Coul. recip.
    7.47258e+04    1.35384e+05   -1.04976e+04   -1.29063e+06    8.66967e+03
 Position Rest.      Potential    Kinetic En.   Total Energy  Conserved En.
    1.37185e+04   -1.00891e+06    2.08817e+05   -8.00088e+05   -1.09045e+06
    Temperature Pres. DC (bar) Pressure (bar)   Constr. rmsd
    3.10842e+02   -2.19184e+02   -6.04955e+01    1.61464e-06

           Step           Time
         275000      137.50000

   Energies (kJ/mol)
           Bond          Angle    Proper Dih. Per. Imp. Dih.          LJ-14
    5.97250e+03    2.05471e+04    2.47669e+04    1.40176e+03    6.66561e+03
     Coulomb-14        LJ (SR)  Disper. corr.   Coulomb (SR)   Coul. recip.
    7.46757e+04    1.36762e+05   -1.04988e+04   -1.29210e+06    8.75883e+03
 Position Rest.      Potential    Kinetic En.   Total Energy  Conserved En.
    1.37354e+04   -1.00932e+06    2.09672e+05   -7.99644e+05   -1.09042e+06
    Temperature Pres. DC (bar) Pressure (bar)   Constr. rmsd
    3.12115e+02   -2.19232e+02   -1.48542e+02    1.61464e-06

           Step           Time
         280000      140.00000

   Energies (kJ/mol)
           Bond          Angle    Proper Dih. Per. Imp. Dih.          LJ-14
    6.60269e+03    2.02486e+04    2.48863e+04    1.35405e+03    6.61738e+03
     Coulomb-14        LJ (SR)  Disper. corr.   Coulomb (SR)   Coul. recip.
    7.47387e+04    1.35361e+05   -1.04997e+04   -1.29100e+06    8.74039e+03
 Position Rest.      Potential    Kinetic En.   Total Energy  Conserved En.
    1.38964e+04   -1.00905e+06    2.09093e+05   -7.99957e+05   -1.09042e+06
    Temperature Pres. DC (bar) Pressure (bar)   Constr. rmsd
    3.11253e+02   -2.19271e+02   -1.40181e+01    1.61464e-06

           Step           Time
         285000      142.50000

   Energies (kJ/mol)
           Bond          Angle    Proper Dih. Per. Imp. Dih.          LJ-14
    6.25189e+03    2.05456e+04    2.48749e+04    1.33635e+03    6.56089e+03
     Coulomb-14        LJ (SR)  Disper. corr.   Coulomb (SR)   Coul. recip.
    7.44701e+04    1.38033e+05   -1.04996e+04   -1.29248e+06    8.75096e+03
 Position Rest.      Potential    Kinetic En.   Total Energy  Conserved En.
    1.39744e+04   -1.00818e+06    2.08469e+05   -7.99715e+05   -1.09041e+06
    Temperature Pres. DC (bar) Pressure (bar)   Constr. rmsd
    3.10323e+02   -2.19267e+02    4.31908e+01    1.61464e-06

           Step           Time
         290000      145.00000

   Energies (kJ/mol)
           Bond          Angle    Proper Dih. Per. Imp. Dih.          LJ-14
    5.92097e+03    2.05924e+04    2.47671e+04    1.24591e+03    6.58907e+03
     Coulomb-14        LJ (SR)  Disper. corr.   Coulomb (SR)   Coul. recip.
    7.43959e+04    1.36849e+05   -1.04928e+04   -1.29213e+06    8.74753e+03
 Position Rest.      Potential    Kinetic En.   Total Energy  Conserved En.
    1.40536e+04   -1.00946e+06    2.08249e+05   -8.01214e+05   -1.09038e+06
    Temperature Pres. DC (bar) Pressure (bar)   Constr. rmsd
    3.09997e+02   -2.18982e+02   -2.62606e+01    1.61464e-06

           Step           Time
         295000      147.50000

   Energies (kJ/mol)
           Bond          Angle    Proper Dih. Per. Imp. Dih.          LJ-14
    6.16730e+03    2.09778e+04    2.46948e+04    1.28005e+03    6.66284e+03
     Coulomb-14        LJ (SR)  Disper. corr.   Coulomb (SR)   Coul. recip.
    7.50467e+04    1.38205e+05   -1.05052e+04   -1.29180e+06    8.67077e+03
 Position Rest.      Potential    Kinetic En.   Total Energy  Conserved En.
    1.36512e+04   -1.00694e+06    2.07831e+05   -7.99114e+05   -1.09039e+06
    Temperature Pres. DC (bar) Pressure (bar)   Constr. rmsd
    3.09374e+02   -2.19497e+02    2.48841e+02    1.61464e-06

           Step           Time
         300000      150.00000

   Energies (kJ/mol)
           Bond          Angle    Proper Dih. Per. Imp. Dih.          LJ-14
    6.14122e+03    2.04984e+04    2.51056e+04    1.35018e+03    6.72295e+03
     Coulomb-14        LJ (SR)  Disper. corr.   Coulomb (SR)   Coul. recip.
    7.46852e+04    1.37234e+05   -1.05059e+04   -1.29314e+06    8.62263e+03
 Position Rest.      Potential    Kinetic En.   Total Energy  Conserved En.
    1.34707e+04   -1.00982e+06    2.08387e+05   -8.01431e+05   -1.09037e+06
    Temperature Pres. DC (bar) Pressure (bar)   Constr. rmsd
    3.10201e+02   -2.19526e+02    6.76878e+01    1.61464e-06

           Step           Time
         305000      152.50000

   Energies (kJ/mol)
           Bond          Angle    Proper Dih. Per. Imp. Dih.          LJ-14
    5.89424e+03    2.08036e+04    2.48880e+04    1.38205e+03    6.65344e+03
     Coulomb-14        LJ (SR)  Disper. corr.   Coulomb (SR)   Coul. recip.
    7.44946e+04    1.35760e+05   -1.05097e+04   -1.29045e+06    8.80061e+03
 Position Rest.      Potential    Kinetic En.   Total Energy  Conserved En.
    1.36923e+04   -1.00859e+06    2.08548e+05   -8.00044e+05   -1.09035e+06
    Temperature Pres. DC (bar) Pressure (bar)   Constr. rmsd
    3.10441e+02   -2.19688e+02   -6.75932e-01    1.61464e-06

           Step           Time
         310000      155.00000

   Energies (kJ/mol)
           Bond          Angle    Proper Dih. Per. Imp. Dih.          LJ-14
    5.95108e+03    2.05588e+04    2.50598e+04    1.40614e+03    6.66912e+03
     Coulomb-14        LJ (SR)  Disper. corr.   Coulomb (SR)   Coul. recip.
    7.47097e+04    1.38142e+05   -1.05090e+04   -1.29176e+06    8.74866e+03
 Position Rest.      Potential    Kinetic En.   Total Energy  Conserved En.
    1.37279e+04   -1.00729e+06    2.08566e+05   -7.98724e+05   -1.09035e+06
    Temperature Pres. DC (bar) Pressure (bar)   Constr. rmsd
    3.10469e+02   -2.19658e+02    7.73817e+01    1.61464e-06

           Step           Time
         315000      157.50000

   Energies (kJ/mol)
           Bond          Angle    Proper Dih. Per. Imp. Dih.          LJ-14
    6.11261e+03    2.05482e+04    2.49653e+04    1.40822e+03    6.51215e+03
     Coulomb-14        LJ (SR)  Disper. corr.   Coulomb (SR)   Coul. recip.
    7.45011e+04    1.38615e+05   -1.05114e+04   -1.29366e+06    8.74281e+03
 Position Rest.      Potential    Kinetic En.   Total Energy  Conserved En.
    1.37173e+04   -1.00905e+06    2.07509e+05   -8.01537e+05   -1.09033e+06
    Temperature Pres. DC (bar) Pressure (bar)   Constr. rmsd
    3.08894e+02   -2.19758e+02    1.48357e+02    1.61464e-06

           Step           Time
         320000      160.00000

   Energies (kJ/mol)
           Bond          Angle    Proper Dih. Per. Imp. Dih.          LJ-14
    5.99644e+03    2.02494e+04    2.48243e+04    1.36960e+03    6.56578e+03
     Coulomb-14        LJ (SR)  Disper. corr.   Coulomb (SR)   Coul. recip.
    7.45059e+04    1.37353e+05   -1.05060e+04   -1.29301e+06    8.61106e+03
 Position Rest.      Potential    Kinetic En.   Total Energy  Conserved En.
    1.39449e+04   -1.01009e+06    2.07425e+05   -8.02667e+05   -1.09032e+06
    Temperature Pres. DC (bar) Pressure (bar)   Constr. rmsd
    3.08770e+02   -2.19534e+02   -5.99671e+01    1.61464e-06

           Step           Time
         325000      162.50000

   Energies (kJ/mol)
           Bond          Angle    Proper Dih. Per. Imp. Dih.          LJ-14
    5.83895e+03    2.05853e+04    2.49664e+04    1.37497e+03    6.64896e+03
     Coulomb-14        LJ (SR)  Disper. corr.   Coulomb (SR)   Coul. recip.
    7.43785e+04    1.38291e+05   -1.05083e+04   -1.29406e+06    8.56017e+03
 Position Rest.      Potential    Kinetic En.   Total Energy  Conserved En.
    1.37946e+04   -1.01013e+06    2.07837e+05   -8.02295e+05   -1.09032e+06
    Temperature Pres. DC (bar) Pressure (bar)   Constr. rmsd
    3.09382e+02   -2.19627e+02    9.48518e+01    1.61464e-06

           Step           Time
         330000      165.00000

   Energies (kJ/mol)
           Bond          Angle    Proper Dih. Per. Imp. Dih.          LJ-14
    6.22765e+03    2.05071e+04    2.50344e+04    1.31750e+03    6.53479e+03
     Coulomb-14        LJ (SR)  Disper. corr.   Coulomb (SR)   Coul. recip.
    7.48550e+04    1.36235e+05   -1.05018e+04   -1.29252e+06    8.73734e+03
 Position Rest.      Potential    Kinetic En.   Total Energy  Conserved En.
    1.41862e+04   -1.00938e+06    2.08743e+05   -8.00638e+05   -1.09029e+06
    Temperature Pres. DC (bar) Pressure (bar)   Constr. rmsd
    3.10732e+02   -2.19356e+02   -6.25288e+01    1.61464e-06

           Step           Time
         335000      167.50000

   Energies (kJ/mol)
           Bond          Angle    Proper Dih. Per. Imp. Dih.          LJ-14
    6.18298e+03    2.03389e+04    2.49884e+04    1.31066e+03    6.56590e+03
     Coulomb-14        LJ (SR)  Disper. corr.   Coulomb (SR)   Coul. recip.
    7.43426e+04    1.36146e+05   -1.05089e+04   -1.29162e+06    8.76217e+03
 Position Rest.      Potential    Kinetic En.   Total Energy  Conserved En.
    1.38073e+04   -1.00969e+06    2.07602e+05   -8.02086e+05   -1.09028e+06
    Temperature Pres. DC (bar) Pressure (bar)   Constr. rmsd
    3.09032e+02   -2.19651e+02    7.14583e+01    1.61464e-06

           Step           Time
         340000      170.00000

   Energies (kJ/mol)
           Bond          Angle    Proper Dih. Per. Imp. Dih.          LJ-14
    6.06699e+03    2.01869e+04    2.48721e+04    1.33590e+03    6.54753e+03
     Coulomb-14        LJ (SR)  Disper. corr.   Coulomb (SR)   Coul. recip.
    7.49351e+04    1.36938e+05   -1.05136e+04   -1.29256e+06    8.75009e+03
 Position Rest.      Potential    Kinetic En.   Total Energy  Conserved En.
    1.39290e+04   -1.00951e+06    2.07621e+05   -8.01886e+05   -1.09026e+06
    Temperature Pres. DC (bar) Pressure (bar)   Constr. rmsd
    3.09061e+02   -2.19850e+02   -5.56414e+01    1.61464e-06

           Step           Time
         345000      172.50000

   Energies (kJ/mol)
           Bond          Angle    Proper Dih. Per. Imp. Dih.          LJ-14
    6.16863e+03    2.06660e+04    2.49639e+04    1.33301e+03    6.57099e+03
     Coulomb-14        LJ (SR)  Disper. corr.   Coulomb (SR)   Coul. recip.
    7.47121e+04    1.37476e+05   -1.05064e+04   -1.29269e+06    8.78250e+03
 Position Rest.      Potential    Kinetic En.   Total Energy  Conserved En.
    1.41126e+04   -1.00841e+06    2.09528e+05   -7.98882e+05   -1.09026e+06
    Temperature Pres. DC (bar) Pressure (bar)   Constr. rmsd
    3.11900e+02   -2.19547e+02    1.79409e+01    1.61464e-06

           Step           Time
         350000      175.00000

   Energies (kJ/mol)
           Bond          Angle    Proper Dih. Per. Imp. Dih.          LJ-14
    6.01822e+03    2.01784e+04    2.49784e+04    1.33100e+03    6.69533e+03
     Coulomb-14        LJ (SR)  Disper. corr.   Coulomb (SR)   Coul. recip.
    7.44305e+04    1.37059e+05   -1.05072e+04   -1.29334e+06    8.87702e+03
 Position Rest.      Potential    Kinetic En.   Total Energy  Conserved En.
    1.37331e+04   -1.01055e+06    2.09115e+05   -8.01434e+05   -1.09024e+06
    Temperature Pres. DC (bar) Pressure (bar)   Constr. rmsd
    3.11285e+02   -2.19584e+02   -1.05699e+01    1.61464e-06

           Step           Time
         355000      177.50000

   Energies (kJ/mol)
           Bond          Angle    Proper Dih. Per. Imp. Dih.          LJ-14
    5.96284e+03    2.05582e+04    2.49011e+04    1.43392e+03    6.61146e+03
     Coulomb-14        LJ (SR)  Disper. corr.   Coulomb (SR)   Coul. recip.
    7.48946e+04    1.36419e+05   -1.05061e+04   -1.29168e+06    8.70766e+03
 Position Rest.      Potential    Kinetic En.   Total Energy  Conserved En.
    1.38216e+04   -1.00887e+06    2.09506e+05   -7.99367e+05   -1.09023e+06
    Temperature Pres. DC (bar) Pressure (bar)   Constr. rmsd
    3.11867e+02   -2.19538e+02    6.01621e+01    1.61464e-06

           Step           Time
         360000      180.00000

   Energies (kJ/mol)
           Bond          Angle    Proper Dih. Per. Imp. Dih.          LJ-14
    5.95133e+03    2.01049e+04    2.48109e+04    1.34452e+03    6.68785e+03
     Coulomb-14        LJ (SR)  Disper. corr.   Coulomb (SR)   Coul. recip.
    7.49484e+04    1.36760e+05   -1.05030e+04   -1.29179e+06    8.67488e+03
 Position Rest.      Potential    Kinetic En.   Total Energy  Conserved En.
    1.37829e+04   -1.00922e+06    2.07809e+05   -8.01415e+05   -1.09021e+06
    Temperature Pres. DC (bar) Pressure (bar)   Constr. rmsd
    3.09341e+02   -2.19408e+02    4.32837e+01    1.61464e-06

           Step           Time
         365000      182.50000

   Energies (kJ/mol)
           Bond          Angle    Proper Dih. Per. Imp. Dih.          LJ-14
    6.02494e+03    2.04242e+04    2.51700e+04    1.34569e+03    6.70157e+03
     Coulomb-14        LJ (SR)  Disper. corr.   Coulomb (SR)   Coul. recip.
    7.49001e+04    1.37509e+05   -1.05045e+04   -1.29166e+06    8.81963e+03
 Position Rest.      Potential    Kinetic En.   Total Energy  Conserved En.
    1.35672e+04   -1.00770e+06    2.08945e+05   -7.98752e+05   -1.09020e+06
    Temperature Pres. DC (bar) Pressure (bar)   Constr. rmsd
    3.11032e+02   -2.19469e+02    4.52928e+01    1.61464e-06

           Step           Time
         370000      185.00000

   Energies (kJ/mol)
           Bond          Angle    Proper Dih. Per. Imp. Dih.          LJ-14
    6.13599e+03    2.05455e+04    2.48657e+04    1.39281e+03    6.46761e+03
     Coulomb-14        LJ (SR)  Disper. corr.   Coulomb (SR)   Coul. recip.
    7.44087e+04    1.39490e+05   -1.05094e+04   -1.29606e+06    8.76557e+03
 Position Rest.      Potential    Kinetic En.   Total Energy  Conserved En.
    1.37346e+04   -1.01076e+06    2.07957e+05   -8.02802e+05   -1.09017e+06
    Temperature Pres. DC (bar) Pressure (bar)   Constr. rmsd
    3.09561e+02   -2.19673e+02   -9.77025e+01    1.61464e-06

           Step           Time
         375000      187.50000

   Energies (kJ/mol)
           Bond          Angle    Proper Dih. Per. Imp. Dih.          LJ-14
    6.05155e+03    2.03706e+04    2.49047e+04    1.32485e+03    6.50790e+03
     Coulomb-14        LJ (SR)  Disper. corr.   Coulomb (SR)   Coul. recip.
    7.44073e+04    1.37775e+05   -1.05097e+04   -1.29240e+06    8.84568e+03
 Position Rest.      Potential    Kinetic En.   Total Energy  Conserved En.
    1.38156e+04   -1.00891e+06    2.07344e+05   -8.01562e+05   -1.09016e+06
    Temperature Pres. DC (bar) Pressure (bar)   Constr. rmsd
    3.08650e+02   -2.19688e+02    7.61746e+01    1.61464e-06

           Step           Time
         380000      190.00000

   Energies (kJ/mol)
           Bond          Angle    Proper Dih. Per. Imp. Dih.          LJ-14
    5.82103e+03    1.99659e+04    2.51629e+04    1.33650e+03    6.68484e+03
     Coulomb-14        LJ (SR)  Disper. corr.   Coulomb (SR)   Coul. recip.
    7.49147e+04    1.38823e+05   -1.05048e+04   -1.29501e+06    8.68737e+03
 Position Rest.      Potential    Kinetic En.   Total Energy  Conserved En.
    1.35225e+04   -1.01060e+06    2.07779e+05   -8.02818e+05   -1.09016e+06
    Temperature Pres. DC (bar) Pressure (bar)   Constr. rmsd
    3.09296e+02   -2.19482e+02    2.74808e+02    1.61464e-06

           Step           Time
         385000      192.50000

   Energies (kJ/mol)
           Bond          Angle    Proper Dih. Per. Imp. Dih.          LJ-14
    6.09578e+03    2.06584e+04    2.51399e+04    1.27287e+03    6.61315e+03
     Coulomb-14        LJ (SR)  Disper. corr.   Coulomb (SR)   Coul. recip.
    7.44087e+04    1.35304e+05   -1.05021e+04   -1.28906e+06    8.67603e+03
 Position Rest.      Potential    Kinetic En.   Total Energy  Conserved En.
    1.37532e+04   -1.00764e+06    2.06792e+05   -8.00850e+05   -1.09013e+06
    Temperature Pres. DC (bar) Pressure (bar)   Constr. rmsd
    3.07827e+02   -2.19371e+02   -1.90442e+02    1.61464e-06

           Step           Time
         390000      195.00000

   Energies (kJ/mol)
           Bond          Angle    Proper Dih. Per. Imp. Dih.          LJ-14
    6.00790e+03    2.03901e+04    2.51373e+04    1.39585e+03    6.63988e+03
     Coulomb-14        LJ (SR)  Disper. corr.   Coulomb (SR)   Coul. recip.
    7.47684e+04    1.35848e+05   -1.05072e+04   -1.29192e+06    8.64053e+03
 Position Rest.      Potential    Kinetic En.   Total Energy  Conserved En.
    1.35878e+04   -1.01002e+06    2.08044e+05   -8.01972e+05   -1.09012e+06
    Temperature Pres. DC (bar) Pressure (bar)   Constr. rmsd
    3.09691e+02   -2.19583e+02    2.02204e-02    1.61464e-06

           Step           Time
         395000      197.50000

   Energies (kJ/mol)
           Bond          Angle    Proper Dih. Per. Imp. Dih.          LJ-14
    5.72597e+03    2.02705e+04    2.51888e+04    1.39676e+03    6.74912e+03
     Coulomb-14        LJ (SR)  Disper. corr.   Coulomb (SR)   Coul. recip.
    7.48052e+04    1.36179e+05   -1.05076e+04   -1.28996e+06    8.80215e+03
 Position Rest.      Potential    Kinetic En.   Total Energy  Conserved En.
    1.35309e+04   -1.00782e+06    2.08389e+05   -7.99426e+05   -1.09010e+06
    Temperature Pres. DC (bar) Pressure (bar)   Constr. rmsd
    3.10205e+02   -2.19597e+02    8.52893e-01    1.61464e-06

           Step           Time
         400000      200.00000

   Energies (kJ/mol)
           Bond          Angle    Proper Dih. Per. Imp. Dih.          LJ-14
    5.95883e+03    2.03108e+04    2.52079e+04    1.35168e+03    6.61452e+03
     Coulomb-14        LJ (SR)  Disper. corr.   Coulomb (SR)   Coul. recip.
    7.46562e+04    1.37973e+05   -1.04994e+04   -1.29510e+06    8.82572e+03
 Position Rest.      Potential    Kinetic En.   Total Energy  Conserved En.
    1.35263e+04   -1.01117e+06    2.08792e+05   -8.02380e+05   -1.09009e+06
    Temperature Pres. DC (bar) Pressure (bar)   Constr. rmsd
    3.10804e+02   -2.19256e+02    7.67718e-01    1.61464e-06

           Step           Time
         405000      202.50000

   Energies (kJ/mol)
           Bond          Angle    Proper Dih. Per. Imp. Dih.          LJ-14
    5.72262e+03    2.09121e+04    2.47546e+04    1.40250e+03    6.59938e+03
     Coulomb-14        LJ (SR)  Disper. corr.   Coulomb (SR)   Coul. recip.
    7.48221e+04    1.37405e+05   -1.05052e+04   -1.29347e+06    8.66030e+03
 Position Rest.      Potential    Kinetic En.   Total Energy  Conserved En.
    1.37783e+04   -1.00992e+06    2.08431e+05   -8.01488e+05   -1.09009e+06
    Temperature Pres. DC (bar) Pressure (bar)   Constr. rmsd
    3.10268e+02   -2.19498e+02    5.04391e+00    1.61464e-06

           Step           Time
         410000      205.00000

   Energies (kJ/mol)
           Bond          Angle    Proper Dih. Per. Imp. Dih.          LJ-14
    5.92210e+03    2.07418e+04    2.49763e+04    1.39542e+03    6.58517e+03
     Coulomb-14        LJ (SR)  Disper. corr.   Coulomb (SR)   Coul. recip.
    7.46434e+04    1.37249e+05   -1.05028e+04   -1.29175e+06    8.85374e+03
 Position Rest.      Potential    Kinetic En.   Total Energy  Conserved En.
    1.38256e+04   -1.00806e+06    2.07474e+05   -8.00589e+05   -1.09007e+06
    Temperature Pres. DC (bar) Pressure (bar)   Constr. rmsd
    3.08842e+02   -2.19399e+02    4.42225e+01    1.61464e-06

           Step           Time
         415000      207.50000

   Energies (kJ/mol)
           Bond          Angle    Proper Dih. Per. Imp. Dih.          LJ-14
    6.09558e+03    2.07519e+04    2.49190e+04    1.25256e+03    6.55496e+03
     Coulomb-14        LJ (SR)  Disper. corr.   Coulomb (SR)   Coul. recip.
    7.46823e+04    1.36259e+05   -1.05012e+04   -1.29211e+06    8.68847e+03
 Position Rest.      Potential    Kinetic En.   Total Energy  Conserved En.
    1.37941e+04   -1.00961e+06    2.07822e+05   -8.01789e+05   -1.09005e+06
    Temperature Pres. DC (bar) Pressure (bar)   Constr. rmsd
    3.09360e+02   -2.19334e+02   -1.23350e+02    1.61464e-06

           Step           Time
         420000      210.00000

   Energies (kJ/mol)
           Bond          Angle    Proper Dih. Per. Imp. Dih.          LJ-14
    6.20417e+03    2.01122e+04    2.50156e+04    1.34923e+03    6.63059e+03
     Coulomb-14        LJ (SR)  Disper. corr.   Coulomb (SR)   Coul. recip.
    7.45745e+04    1.37407e+05   -1.05077e+04   -1.29260e+06    8.67679e+03
 Position Rest.      Potential    Kinetic En.   Total Energy  Conserved En.
    1.38512e+04   -1.00929e+06    2.08194e+05   -8.01098e+05   -1.09005e+06
    Temperature Pres. DC (bar) Pressure (bar)   Constr. rmsd
    3.09914e+02   -2.19602e+02    2.29286e+01    1.61464e-06

           Step           Time
         425000      212.50000

   Energies (kJ/mol)
           Bond          Angle    Proper Dih. Per. Imp. Dih.          LJ-14
    6.17710e+03    2.06758e+04    2.50031e+04    1.29534e+03    6.56143e+03
     Coulomb-14        LJ (SR)  Disper. corr.   Coulomb (SR)   Coul. recip.
    7.41982e+04    1.35849e+05   -1.05011e+04   -1.28850e+06    8.68259e+03
 Position Rest.      Potential    Kinetic En.   Total Energy  Conserved En.
    1.36611e+04   -1.00690e+06    2.07604e+05   -7.99295e+05   -1.09003e+06
    Temperature Pres. DC (bar) Pressure (bar)   Constr. rmsd
    3.09037e+02   -2.19328e+02   -5.03208e+00    1.61464e-06

           Step           Time
         430000      215.00000

   Energies (kJ/mol)
           Bond          Angle    Proper Dih. Per. Imp. Dih.          LJ-14
    6.13900e+03    2.09066e+04    2.51622e+04    1.39422e+03    6.53146e+03
     Coulomb-14        LJ (SR)  Disper. corr.   Coulomb (SR)   Coul. recip.
    7.44917e+04    1.36865e+05   -1.05033e+04   -1.29406e+06    8.74118e+03
 Position Rest.      Potential    Kinetic En.   Total Energy  Conserved En.
    1.35821e+04   -1.01075e+06    2.09509e+05   -8.01242e+05   -1.09002e+06
    Temperature Pres. DC (bar) Pressure (bar)   Constr. rmsd
    3.11872e+02   -2.19420e+02   -4.00202e+01    1.61464e-06

           Step           Time
         435000      217.50000

   Energies (kJ/mol)
           Bond          Angle    Proper Dih. Per. Imp. Dih.          LJ-14
    6.00440e+03    2.04928e+04    2.48651e+04    1.40280e+03    6.64829e+03
     Coulomb-14        LJ (SR)  Disper. corr.   Coulomb (SR)   Coul. recip.
    7.44759e+04    1.36737e+05   -1.05058e+04   -1.29205e+06    8.76721e+03
 Position Rest.      Potential    Kinetic En.   Total Energy  Conserved En.
    1.35919e+04   -1.00957e+06    2.07313e+05   -8.02256e+05   -1.09000e+06
    Temperature Pres. DC (bar) Pressure (bar)   Constr. rmsd
    3.08603e+02   -2.19523e+02   -8.78619e+01    1.61464e-06

           Step           Time
         440000      220.00000

   Energies (kJ/mol)
           Bond          Angle    Proper Dih. Per. Imp. Dih.          LJ-14
    5.82970e+03    2.05276e+04    2.48467e+04    1.28088e+03    6.54014e+03
     Coulomb-14        LJ (SR)  Disper. corr.   Coulomb (SR)   Coul. recip.
    7.44656e+04    1.34980e+05   -1.05047e+04   -1.28999e+06    8.75998e+03
 Position Rest.      Potential    Kinetic En.   Total Energy  Conserved En.
    1.37538e+04   -1.00951e+06    2.07653e+05   -8.01854e+05   -1.08999e+06
    Temperature Pres. DC (bar) Pressure (bar)   Constr. rmsd
    3.09109e+02   -2.19477e+02   -1.07557e+02    1.61464e-06

           Step           Time
         445000      222.50000

   Energies (kJ/mol)
           Bond          Angle    Proper Dih. Per. Imp. Dih.          LJ-14
    6.23687e+03    2.04093e+04    2.50448e+04    1.32559e+03    6.60429e+03
     Coulomb-14        LJ (SR)  Disper. corr.   Coulomb (SR)   Coul. recip.
    7.47515e+04    1.36812e+05   -1.05085e+04   -1.29204e+06    8.71976e+03
 Position Rest.      Potential    Kinetic En.   Total Energy  Conserved En.
    1.39403e+04   -1.00871e+06    2.09102e+05   -7.99607e+05   -1.08997e+06
    Temperature Pres. DC (bar) Pressure (bar)   Constr. rmsd
    3.11266e+02   -2.19639e+02   -8.85037e+01    1.61464e-06

           Step           Time
         450000      225.00000

   Energies (kJ/mol)
           Bond          Angle    Proper Dih. Per. Imp. Dih.          LJ-14
    5.98765e+03    2.10280e+04    2.50219e+04    1.30327e+03    6.59379e+03
     Coulomb-14        LJ (SR)  Disper. corr.   Coulomb (SR)   Coul. recip.
    7.43320e+04    1.38661e+05   -1.05121e+04   -1.29338e+06    8.83313e+03
 Position Rest.      Potential    Kinetic En.   Total Energy  Conserved En.
    1.37422e+04   -1.00839e+06    2.08873e+05   -7.99513e+05   -1.08998e+06
    Temperature Pres. DC (bar) Pressure (bar)   Constr. rmsd
    3.10925e+02   -2.19786e+02    2.92035e+02    1.61464e-06

           Step           Time
         455000      227.50000

   Energies (kJ/mol)
           Bond          Angle    Proper Dih. Per. Imp. Dih.          LJ-14
    6.05820e+03    2.02003e+04    2.51252e+04    1.31218e+03    6.69126e+03
     Coulomb-14        LJ (SR)  Disper. corr.   Coulomb (SR)   Coul. recip.
    7.49958e+04    1.36723e+05   -1.05097e+04   -1.29288e+06    8.63353e+03
 Position Rest.      Potential    Kinetic En.   Total Energy  Conserved En.
    1.35102e+04   -1.01014e+06    2.09179e+05   -8.00965e+05   -1.08995e+06
    Temperature Pres. DC (bar) Pressure (bar)   Constr. rmsd
    3.11381e+02   -2.19689e+02    6.26768e+01    1.61464e-06

           Step           Time
         460000      230.00000

   Energies (kJ/mol)
           Bond          Angle    Proper Dih. Per. Imp. Dih.          LJ-14
    5.70450e+03    2.05646e+04    2.50194e+04    1.39956e+03    6.61777e+03
     Coulomb-14        LJ (SR)  Disper. corr.   Coulomb (SR)   Coul. recip.
    7.47430e+04    1.37602e+05   -1.05092e+04   -1.29312e+06    8.75430e+03
 Position Rest.      Potential    Kinetic En.   Total Energy  Conserved En.
    1.36786e+04   -1.00954e+06    2.06283e+05   -8.03262e+05   -1.08994e+06
    Temperature Pres. DC (bar) Pressure (bar)   Constr. rmsd
    3.07069e+02   -2.19667e+02   -2.50341e+01    1.61464e-06

           Step           Time
         465000      232.50000

   Energies (kJ/mol)
           Bond          Angle    Proper Dih. Per. Imp. Dih.          LJ-14
    6.04586e+03    2.05996e+04    2.50666e+04    1.31431e+03    6.59641e+03
     Coulomb-14        LJ (SR)  Disper. corr.   Coulomb (SR)   Coul. recip.
    7.45176e+04    1.36780e+05   -1.05102e+04   -1.29305e+06    8.70819e+03
 Position Rest.      Potential    Kinetic En.   Total Energy  Conserved En.
    1.37515e+04   -1.01019e+06    2.08395e+05   -8.01790e+05   -1.08992e+06
    Temperature Pres. DC (bar) Pressure (bar)   Constr. rmsd
    3.10214e+02   -2.19710e+02   -4.30857e+01    1.61464e-06

           Step           Time
         470000      235.00000

   Energies (kJ/mol)
           Bond          Angle    Proper Dih. Per. Imp. Dih.          LJ-14
    6.13320e+03    2.05012e+04    2.50320e+04    1.43351e+03    6.62180e+03
     Coulomb-14        LJ (SR)  Disper. corr.   Coulomb (SR)   Coul. recip.
    7.43332e+04    1.35608e+05   -1.05111e+04   -1.29098e+06    8.74061e+03
 Position Rest.      Potential    Kinetic En.   Total Energy  Conserved En.
    1.36891e+04   -1.00940e+06    2.08299e+05   -8.01100e+05   -1.08991e+06
    Temperature Pres. DC (bar) Pressure (bar)   Constr. rmsd
    3.10070e+02   -2.19747e+02   -9.70755e+01    1.61464e-06

           Step           Time
         475000      237.50000

   Energies (kJ/mol)
           Bond          Angle    Proper Dih. Per. Imp. Dih.          LJ-14
    5.98498e+03    1.99234e+04    2.50496e+04    1.41133e+03    6.56516e+03
     Coulomb-14        LJ (SR)  Disper. corr.   Coulomb (SR)   Coul. recip.
    7.47926e+04    1.37598e+05   -1.05037e+04   -1.29227e+06    8.77756e+03
 Position Rest.      Potential    Kinetic En.   Total Energy  Conserved En.
    1.37758e+04   -1.00890e+06    2.07990e+05   -8.00908e+05   -1.08991e+06
    Temperature Pres. DC (bar) Pressure (bar)   Constr. rmsd
    3.09610e+02   -2.19436e+02    1.70420e+01    1.61464e-06

           Step           Time
         480000      240.00000

   Energies (kJ/mol)
           Bond          Angle    Proper Dih. Per. Imp. Dih.          LJ-14
    6.26571e+03    2.00298e+04    2.51981e+04    1.35485e+03    6.66861e+03
     Coulomb-14        LJ (SR)  Disper. corr.   Coulomb (SR)   Coul. recip.
    7.48616e+04    1.36120e+05   -1.05072e+04   -1.29221e+06    8.75092e+03
 Position Rest.      Potential    Kinetic En.   Total Energy  Conserved En.
    1.38540e+04   -1.00961e+06    2.08141e+05   -8.01468e+05   -1.08990e+06
    Temperature Pres. DC (bar) Pressure (bar)   Constr. rmsd
    3.09835e+02   -2.19584e+02    1.06798e+01    1.61464e-06

           Step           Time
         485000      242.50000

   Energies (kJ/mol)
           Bond          Angle    Proper Dih. Per. Imp. Dih.          LJ-14
    6.03551e+03    2.07668e+04    2.51187e+04    1.29685e+03    6.56308e+03
     Coulomb-14        LJ (SR)  Disper. corr.   Coulomb (SR)   Coul. recip.
    7.45255e+04    1.35973e+05   -1.05070e+04   -1.29187e+06    8.65257e+03
 Position Rest.      Potential    Kinetic En.   Total Energy  Conserved En.
    1.35867e+04   -1.00986e+06    2.08670e+05   -8.01188e+05   -1.08989e+06
    Temperature Pres. DC (bar) Pressure (bar)   Constr. rmsd
    3.10623e+02   -2.19574e+02    1.09646e+02    1.61464e-06

           Step           Time
         490000      245.00000

   Energies (kJ/mol)
           Bond          Angle    Proper Dih. Per. Imp. Dih.          LJ-14
    5.93067e+03    2.09211e+04    2.51875e+04    1.31443e+03    6.53985e+03
     Coulomb-14        LJ (SR)  Disper. corr.   Coulomb (SR)   Coul. recip.
    7.43044e+04    1.34483e+05   -1.05086e+04   -1.28991e+06    8.84483e+03
 Position Rest.      Potential    Kinetic En.   Total Energy  Conserved En.
    1.36954e+04   -1.00920e+06    2.07520e+05   -8.01682e+05   -1.08986e+06
    Temperature Pres. DC (bar) Pressure (bar)   Constr. rmsd
    3.08912e+02   -2.19641e+02   -1.65052e+02    1.61464e-06

           Step           Time
         495000      247.50000

   Energies (kJ/mol)
           Bond          Angle    Proper Dih. Per. Imp. Dih.          LJ-14
    6.06128e+03    2.02230e+04    2.50463e+04    1.38833e+03    6.54775e+03
     Coulomb-14        LJ (SR)  Disper. corr.   Coulomb (SR)   Coul. recip.
    7.44985e+04    1.38049e+05   -1.05110e+04   -1.29444e+06    8.90593e+03
 Position Rest.      Potential    Kinetic En.   Total Energy  Conserved En.
    1.37074e+04   -1.01053e+06    2.08627e+05   -8.01898e+05   -1.08985e+06
    Temperature Pres. DC (bar) Pressure (bar)   Constr. rmsd
    3.10559e+02   -2.19741e+02   -2.35745e+01    1.61464e-06

           Step           Time
         500000      250.00000

Writing checkpoint, step 500000 at Sat May  2 15:19:50 2026


   Energies (kJ/mol)
           Bond          Angle    Proper Dih. Per. Imp. Dih.          LJ-14
    5.99439e+03    2.04197e+04    2.50704e+04    1.40430e+03    6.47131e+03
     Coulomb-14        LJ (SR)  Disper. corr.   Coulomb (SR)   Coul. recip.
    7.44315e+04    1.38510e+05   -1.05097e+04   -1.29407e+06    8.66273e+03
 Position Rest.      Potential    Kinetic En.   Total Energy  Conserved En.
    1.37081e+04   -1.00991e+06    2.08731e+05   -8.01182e+05   -1.08985e+06
    Temperature Pres. DC (bar) Pressure (bar)   Constr. rmsd
    3.10713e+02   -2.19687e+02   -8.41397e+01    1.61464e-06


Energy conservation over simulation part #1 of length 250 ps, time 0 to 250 ps
  Conserved energy drift: 9.59e-05 kJ/mol/ps per atom


	<======  ###############  ==>
	<====  A V E R A G E S  ====>
	<==  ###############  ======>

	Statistics over 500001 steps using 5001 frames

   Energies (kJ/mol)
           Bond          Angle    Proper Dih. Per. Imp. Dih.          LJ-14
    6.02798e+03    2.05149e+04    2.51487e+04    1.35110e+03    6.60749e+03
     Coulomb-14        LJ (SR)  Disper. corr.   Coulomb (SR)   Coul. recip.
    7.45798e+04    1.37247e+05   -1.04963e+04   -1.29252e+06    8.79270e+03
 Position Rest.      Potential    Kinetic En.   Total Energy  Conserved En.
    1.37081e+04   -1.00904e+06    2.08130e+05   -8.00905e+05   -1.09049e+06
    Temperature Pres. DC (bar) Pressure (bar)   Constr. rmsd
    3.09819e+02   -2.19128e+02   -3.77604e+00    0.00000e+00

          Box-X          Box-Y          Box-Z
    1.04042e+01    1.04042e+01    7.35690e+00

   Total Virial (kJ/mol)
    6.93860e+04   -5.19022e+02   -1.22993e+03
   -5.19022e+02    6.94666e+04   -1.36880e+03
   -1.22994e+03   -1.36880e+03    6.95509e+04

   Pressure (bar)
   -1.75703e+00    2.22612e+01    5.19914e+01
    2.22612e+01   -6.21338e+00    5.73266e+01
    5.19916e+01    5.73266e+01   -3.35772e+00

  T-Protein_PDLT-Water_and_ions
    3.10292e+02    3.09762e+02


	M E G A - F L O P S   A C C O U N T I N G

 NB=Group-cutoff nonbonded kernels    NxN=N-by-N cluster Verlet kernels
 RF=Reaction-Field  VdW=Van der Waals  QSTab=quadratic-spline table
 W3=SPC/TIP3p  W4=TIP4p (single or pairs)
 V&F=Potential and force  V=Potential only  F=Force only

 Computing:                               M-Number         M-Flops  % Flops
-----------------------------------------------------------------------------
 Pair Search distance check           33961.598592      305654.387     0.0
 NxN QSTab Elec. + LJ [F]          30292208.388288  1241980543.920    98.2
 NxN QSTab Elec. + LJ [V&F]          306043.192512    18056548.358     1.4
 1,4 nonbonded interactions            9127.518255      821476.643     0.1
 Shift-X                                394.843953        2369.064     0.0
 Bonds                                 1834.003668      108206.216     0.0
 Angles                                6349.012698     1066634.133     0.1
 Propers                               9793.519587     2242715.985     0.2
 Impropers                              723.501447      150488.301     0.0
 Pos. Restr.                           1763.003526       88150.176     0.0
 Virial                                 395.068998        7111.242     0.0
 P-Coupling                             394.843953        2369.064     0.0
 Calc-Ekin                             3158.277906       85273.503     0.0
 Lincs                                    0.006790           0.407     0.0
 Lincs-Mat                                0.035256           0.141     0.0
 Constraint-V                             0.078661           0.708     0.0
 Settle                                   0.047914          17.728     0.0
-----------------------------------------------------------------------------
 Total                                              1264917559.978   100.0
-----------------------------------------------------------------------------


      R E A L   C Y C L E   A N D   T I M E   A C C O U N T I N G

On 1 MPI rank, each using 32 OpenMP threads

 Activity:              Num   Num      Call    Wall time         Giga-Cycles
                        Ranks Threads  Count      (s)         total sum    %
--------------------------------------------------------------------------------
 Neighbor search           1   32       5001      15.370       1030.456   5.0
 Launch PP GPU ops.        1   32     995001      19.148       1283.709   6.3
 Force                     1   32     500001     130.819       8770.227  42.7
 PME GPU mesh              1   32     500001      16.814       1127.208   5.5
 Wait GPU NB local         1   32     500001       3.701        248.087   1.2
 Wait GPU state copy       1   32     550001     111.241       7457.710  36.3
 NB X/F buffer ops.        1   32       5001       0.384         25.715   0.1
 Write traj.               1   32        101       0.707         47.387   0.2
 Constraints               1   32          2       0.000          0.030   0.0
 Rest                                              7.872        527.740   2.6
--------------------------------------------------------------------------------
 Total                                           306.055      20518.267 100.0
--------------------------------------------------------------------------------
 Breakdown of PME mesh activities
--------------------------------------------------------------------------------
 Wait PME GPU gather       1   32     500001       0.502         33.679   0.2
 Reduce GPU PME F          1   32     500001       0.132          8.854   0.0
 Launch PME GPU ops.       1   32    4500009      15.699       1052.499   5.1
--------------------------------------------------------------------------------

               Core t (s)   Wall t (s)        (%)
       Time:     9792.778      306.055     3199.7
                 (ns/day)    (hour/ns)
Performance:       70.576        0.340
Finished mdrun on rank 0 Sat May  2 15:19:50 2026

