=================================================
 JOB START — Simulation
=================================================
  Date      : Sun Sep  6 10:36:08 IST 2026
  Host      : kuhpcgn1
  WorkDir   : /home/arunima/gitrepos/gromacs_sims/protein-cuedc2-ligands-sim/cuedc2_erg_new
=================================================
[INFO] Detected PBS_NCPUS=32
[INFO] Using 32 OpenMP threads.
[INFO] Loading EM checkpoint: checkpoint.em_20260903.pycpt
[INFO] coor_file : em/cuedc2_erg.gro
[INFO] top_file  : complex_solv/complex_erg_water_ion.top
[INFO] ndx file  : complex_solv/index.ndx

============================================================
  [Stage A] Three-step equilibration …
============================================================
  HA  : 0.5 ns  (1000000 steps, dt=0.0005 ps)
  CA  : 1.0 ns  (1000000 steps, dt=0.001 ps)
  CA_LOW: 4.0 ns (4000000 steps, dt=0.001 ps)
[Checkpoint] Saved: checkpoint.equi_20260906.pycpt
gmx energy -f equi/sys_em/cuedc2_erg.edr -o tmp_edr.xvg
gmx energy -f equi/sys_equi/00_equi_HA/equi_HA_cuedc2_erg.edr -o tmp_edr.xvg
gmx energy -f equi/sys_equi/01_equi_CA/equi_CA_cuedc2_erg.edr -o tmp_edr.xvg
[OK] Equilibration plot: equi/equi_properties.png

============================================================
  [Stage B] Production MD — 100.0 ns (100000000 steps) …
============================================================
[GPU Hook] Dynamical MD detected (equi/prod): -pin on -nb gpu -pme gpu -bonded gpu
gmx mdrun -s prod_cuedc2_erg.tpr -deffnm prod_cuedc2_erg -nt 32 -ntmpi 1 -nsteps -2 -nocopyright -gpu_id 0 -append -cpi prod_cuedc2_erg.cpt -pin on -nb gpu -pme gpu -bonded gpu
  0%|          | 0/100000000 [00:00<?, ?it/s] 10%|█         | 10155000/100000000 [00:01<00:09, 9729729.81it/s]100%|██████████| 100000000/100000000 [00:01<00:00, 95755774.27it/s]
The following command could not be executed correctly :
gmx mdrun -s prod_cuedc2_erg.tpr -deffnm prod_cuedc2_erg -nt 32 -ntmpi 1 -nsteps -2 -nocopyright -gpu_id 0 -append -cpi prod_cuedc2_erg.cpt -pin on -nb gpu -pme gpu -bonded gpu

                :-) GROMACS - gmx mdrun, 2024.5-conda_forge (-:

Executable:   /usr/local/bin.AVX2_256/gmx
Data prefix:  /usr/local
Working dir:  /host_pwd/prod
Command line:
  gmx mdrun -s prod_cuedc2_erg.tpr -deffnm prod_cuedc2_erg -nt 32 -ntmpi 1 -nsteps -2 -nocopyright -gpu_id 0 -append -cpi prod_cuedc2_erg.cpt -pin on -nb gpu -pme gpu -bonded gpu

The current CPU can measure timings more accurately than the code in
gmx mdrun was configured to use. This might affect your simulation
speed as accurate timings are needed for load-balancing.
Please consider rebuilding gmx mdrun with the GMX_USE_RDTSCP=ON CMake option.

-------------------------------------------------------
Program:     gmx mdrun, version 2024.5-conda_forge
Source file: src/gromacs/hardware/device_management_common.cpp (line 158)
Function:    bool deviceIdIsCompatible(gmx::ArrayRef<const std::unique_ptr<DeviceInformation> >, int)

Range checking error (possible bug):
Device ID 0 did not correspond to any of the 0 detected device(s)

For more information and tips for troubleshooting, please check the GROMACS
website at https://manual.gromacs.org/current/user-guide/run-time-errors.html
-------------------------------------------------------

Traceback (most recent call last):
  File "/host_pwd/08_hpc_equi_prod.py", line 221, in <module>
    complex_sys.production(
  File "/usr/local/lib/python3.12/site-packages/gromacs_py/gmx/gmxsys.py", line 4562, in production
    self.run_md_sim(out_folder=out_folder, mdp_template=equi_template_mdp,
  File "/usr/local/lib/python3.12/site-packages/gromacs_py/gmx/gmxsys.py", line 4095, in run_md_sim
    self.run_simulation(monitor_tool=monitor_tool)
  File "/usr/local/lib/python3.12/site-packages/gromacs_py/gmx/gmxsys.py", line 4010, in run_simulation
    cmd_run.run_background(monitor_tool)
  File "/usr/local/lib/python3.12/site-packages/os_command_py/os_command.py", line 523, in run_background
    raise RuntimeError('Following Command Fails : {}'.format(
RuntimeError: Following Command Fails : /usr/local/bin/gmx mdrun -s prod_cuedc2_erg.tpr -deffnm prod_cuedc2_erg -nt 32 -ntmpi 1 -nsteps -2 -nocopyright -gpu_id 0 -append -cpi prod_cuedc2_erg.cpt -pin on -nb gpu -pme gpu -bonded gpu

=================================================
  JOB FAILED (exit 1)
  Runtime: 18.428087719 s
=================================================
Shared connection to kuhpchn closed.
