                :-) GROMACS - gmx mdrun, 2024.5-conda_forge (-:

Copyright 1991-2024 The GROMACS Authors.
GROMACS is free software; you can redistribute it and/or modify it
under the terms of the GNU Lesser General Public License
as published by the Free Software Foundation; either version 2.1
of the License, or (at your option) any later version.

                         Current GROMACS contributors:
       Mark Abraham           Andrey Alekseenko           Vladimir Basov      
      Cathrine Bergh            Eliane Briand               Ania Brown        
      Mahesh Doijade            Giacomo Fiorin          Stefan Fleischmann    
      Sergey Gorelov         Gilles Gouaillardet            Alan Gray         
     M. Eric Irrgang         Farzaneh Jalalypour            Joe Jordan        
     Carsten Kutzner           Justin A. Lemkul          Magnus Lundborg      
       Pascal Merz              Vedran Miletic            Dmitry Morozov      
       Julien Nabet              Szilard Pall        Andrea Pasquadibisceglie 
    Michele Pellegrino          Hubert Santuz             Roland Schulz       
     Tatiana Shugaeva          Alexey Shvetsov            Philip Turner       
     Alessandra Villa      Sebastian Wingbermuehle  

                         Previous GROMACS contributors:
        Emile Apol             Rossen Apostolov           James Barnett       
        Paul Bauer          Herman J.C. Berendsen          Par Bjelkmar       
      Christian Blau          Viacheslav Bolnykh            Kevin Boyd        
    Aldert van Buuren          Carlo Camilloni           Rudi van Drunen      
      Anton Feenstra           Oliver Fleetwood            Vytas Gapsys       
       Gaurav Garg             Gerrit Groenhof            Bert de Groot       
      Anca Hamuraru           Vincent Hindriksen          Victor Holanda      
     Aleksei Iupinov          Christoph Junghans        Prashanth Kanduri     
   Dimitrios Karkoulis           Peter Kasson             Sebastian Kehl      
     Sebastian Keller             Jiri Kraus               Per Larsson        
      Viveca Lindahl            Erik Marklund           Pieter Meulenhoff     
      Teemu Murtola              Sander Pronk             Michael Shirts      
      Alfons Sijbers            Balint Soproni         David van der Spoel    
      Peter Tieleman            Carsten Uphoff             Jon Vincent        
     Teemu Virolainen         Christian Wennberg           Maarten Wolf       
      Artem Zhmurov       

                  Coordinated by the GROMACS project leaders:
                           Berk Hess and Erik Lindahl

GROMACS:      gmx mdrun, version 2024.5-conda_forge
Executable:   /venv/main/bin.AVX2_256/gmx
Data prefix:  /venv/main
Working dir:  /home/admin/gitrepos/gromacs_sims/protein-1lml-ligand-pdl-sim/1lml_pdl_complex/sys_equi/sys_equi/01_equi_CA
Process ID:   2387
Command line:
  gmx mdrun -s equi_CA_1lml_pdl_complex.tpr -deffnm equi_CA_1lml_pdl_complex -nt 32 -ntmpi 0 -nsteps -2 -nocopyright -gpu_id 0

GROMACS version:     2024.5-conda_forge
Precision:           mixed
Memory model:        64 bit
MPI library:         thread_mpi
OpenMP support:      enabled (GMX_OPENMP_MAX_THREADS = 128)
GPU support:         CUDA
NBNxM GPU setup:     super-cluster 2x2x2 / cluster 8
SIMD instructions:   AVX2_256
CPU FFT library:     fftw-3.3.11-sse2-avx
GPU FFT library:     cuFFT
Multi-GPU FFT:       none
RDTSCP usage:        disabled
TNG support:         enabled
Hwloc support:       disabled
Tracing support:     disabled
C compiler:          /home/conda/feedstock_root/build_artifacts/gromacs_1737880200488/_build_env/bin/x86_64-conda-linux-gnu-cc GNU 11.4.0
C compiler flags:    -fexcess-precision=fast -funroll-all-loops -mavx2 -mfma -Wno-missing-field-initializers -O3 -DNDEBUG
C++ compiler:        /home/conda/feedstock_root/build_artifacts/gromacs_1737880200488/_build_env/bin/x86_64-conda-linux-gnu-c++ GNU 11.4.0
C++ compiler flags:  -fexcess-precision=fast -funroll-all-loops -mavx2 -mfma -Wno-missing-field-initializers -Wno-cast-function-type-strict SHELL:-fopenmp -O3 -DNDEBUG
BLAS library:        Internal
LAPACK library:      Internal
CUDA compiler:       /usr/local/cuda/bin/nvcc nvcc: NVIDIA (R) Cuda compiler driver;Copyright (c) 2005-2022 NVIDIA Corporation;Built on Wed_Sep_21_10:33:58_PDT_2022;Cuda compilation tools, release 11.8, V11.8.89;Build cuda_11.8.r11.8/compiler.31833905_0
CUDA compiler flags:-std=c++17;--generate-code=arch=compute_35,code=sm_35;--generate-code=arch=compute_37,code=sm_37;--generate-code=arch=compute_50,code=sm_50;--generate-code=arch=compute_52,code=sm_52;--generate-code=arch=compute_60,code=sm_60;--generate-code=arch=compute_61,code=sm_61;--generate-code=arch=compute_70,code=sm_70;--generate-code=arch=compute_75,code=sm_75;--generate-code=arch=compute_80,code=sm_80;--generate-code=arch=compute_86,code=sm_86;--generate-code=arch=compute_89,code=sm_89;--generate-code=arch=compute_90,code=sm_90;-Wno-deprecated-gpu-targets;--generate-code=arch=compute_53,code=sm_53;--generate-code=arch=compute_80,code=sm_80;-use_fast_math;-Xptxas;-warn-double-usage;-Xptxas;-Werror;;-Xcompiler;-fopenmp;-fexcess-precision=fast -funroll-all-loops -mavx2 -mfma -Wno-missing-field-initializers -Wno-cast-function-type-strict SHELL:-fopenmp -O3 -DNDEBUG
CUDA driver:         13.10
CUDA runtime:        11.80


Running on 1 node with total 14 cores, 28 processing units, 1 compatible GPU
Hardware detected on host 9f449d7b1e5e:
  CPU info:
    Vendor: Intel
    Brand:  Intel(R) Xeon(R) CPU E5-2680 v4 @ 2.40GHz
    Family: 6   Model: 79   Stepping: 1
    Features: aes apic avx avx2 clfsh cmov cx8 cx16 f16c fma hle htt intel lahf mmx msr nonstop_tsc pcid pclmuldq pdcm pdpe1gb popcnt pse rdrnd rdtscp rtm sse2 sse3 sse4.1 sse4.2 ssse3 tdt x2apic
  Hardware topology: Basic
    Packages, cores, and logical processors:
    [indices refer to OS logical processors]
      Package  0: [   0  14] [   1  15] [   2  16] [   3  17] [   4  18] [   5  19] [   6  20] [   7  21] [   8  22] [   9  23] [  10  24] [  11  25] [  12  26] [  13  27]
    CPU limit set by OS: 26.88   Recommended max number of threads: 27
  GPU info:
    Number of GPUs detected: 1
    #0: NVIDIA NVIDIA GeForce RTX 2060 SUPER, compute cap.: 7.5, ECC:  no, stat: compatible

The current CPU can measure timings more accurately than the code in
gmx mdrun was configured to use. This might affect your simulation
speed as accurate timings are needed for load-balancing.
Please consider rebuilding gmx mdrun with the GMX_USE_RDTSCP=ON CMake option.

++++ PLEASE READ AND CITE THE FOLLOWING REFERENCE ++++
M. J. Abraham, T. Murtola, R. Schulz, S. Páll, J. C. Smith, B. Hess, E.
Lindahl
GROMACS: High performance molecular simulations through multi-level
parallelism from laptops to supercomputers
SoftwareX 1 (2015) pp. 19-25
-------- -------- --- Thank You --- -------- --------


++++ PLEASE READ AND CITE THE FOLLOWING REFERENCE ++++
S. Páll, M. J. Abraham, C. Kutzner, B. Hess, E. Lindahl
Tackling Exascale Software Challenges in Molecular Dynamics Simulations with
GROMACS
In S. Markidis & E. Laure (Eds.), Solving Software Challenges for Exascale 8759 (2015) pp. 3-27
-------- -------- --- Thank You --- -------- --------


++++ PLEASE READ AND CITE THE FOLLOWING REFERENCE ++++
S. Pronk, S. Páll, R. Schulz, P. Larsson, P. Bjelkmar, R. Apostolov, M. R.
Shirts, J. C. Smith, P. M. Kasson, D. van der Spoel, B. Hess, and E. Lindahl
GROMACS 4.5: a high-throughput and highly parallel open source molecular
simulation toolkit
Bioinformatics 29 (2013) pp. 845-54
-------- -------- --- Thank You --- -------- --------


++++ PLEASE READ AND CITE THE FOLLOWING REFERENCE ++++
B. Hess and C. Kutzner and D. van der Spoel and E. Lindahl
GROMACS 4: Algorithms for highly efficient, load-balanced, and scalable
molecular simulation
J. Chem. Theory Comput. 4 (2008) pp. 435-447
-------- -------- --- Thank You --- -------- --------


++++ PLEASE READ AND CITE THE FOLLOWING REFERENCE ++++
D. van der Spoel, E. Lindahl, B. Hess, G. Groenhof, A. E. Mark and H. J. C.
Berendsen
GROMACS: Fast, Flexible and Free
J. Comp. Chem. 26 (2005) pp. 1701-1719
-------- -------- --- Thank You --- -------- --------


++++ PLEASE READ AND CITE THE FOLLOWING REFERENCE ++++
E. Lindahl and B. Hess and D. van der Spoel
GROMACS 3.0: A package for molecular simulation and trajectory analysis
J. Mol. Mod. 7 (2001) pp. 306-317
-------- -------- --- Thank You --- -------- --------


++++ PLEASE READ AND CITE THE FOLLOWING REFERENCE ++++
H. J. C. Berendsen, D. van der Spoel and R. van Drunen
GROMACS: A message-passing parallel molecular dynamics implementation
Comp. Phys. Comm. 91 (1995) pp. 43-56
-------- -------- --- Thank You --- -------- --------

Input Parameters:
   integrator                     = md
   tinit                          = 0
   dt                             = 0.002
   nsteps                         = 500000
   init-step                      = 0
   simulation-part                = 1
   mts                            = false
   mass-repartition-factor        = 1
   comm-mode                      = None
   nstcomm                        = 0
   bd-fric                        = 0
   ld-seed                        = -143659217
   emtol                          = 10
   emstep                         = 0.01
   niter                          = 20
   fcstep                         = 0
   nstcgsteep                     = 1000
   nbfgscorr                      = 10
   rtpi                           = 0.05
   nstxout                        = 200000
   nstvout                        = 200000
   nstfout                        = 0
   nstlog                         = 5000
   nstcalcenergy                  = 100
   nstenergy                      = 5000
   nstxout-compressed             = 5000
   compressed-x-precision         = 1000
   cutoff-scheme                  = Verlet
   nstlist                        = 10
   pbc                            = xyz
   periodic-molecules             = false
   verlet-buffer-tolerance        = 0.005
   verlet-buffer-pressure-tolerance = 0.5
   rlist                          = 1
   coulombtype                    = PME
   coulomb-modifier               = Potential-shift
   rcoulomb-switch                = 0
   rcoulomb                       = 1
   epsilon-r                      = 1
   epsilon-rf                     = inf
   vdw-type                       = Cut-off
   vdw-modifier                   = Potential-shift
   rvdw-switch                    = 0
   rvdw                           = 1
   DispCorr                       = EnerPres
   table-extension                = 1
   fourierspacing                 = 0.12
   fourier-nx                     = 96
   fourier-ny                     = 96
   fourier-nz                     = 96
   pme-order                      = 4
   ewald-rtol                     = 1e-05
   ewald-rtol-lj                  = 0.001
   lj-pme-comb-rule               = Geometric
   ewald-geometry                 = 3d
   epsilon-surface                = 0
   ensemble-temperature-setting   = constant
   ensemble-temperature           = 310
   tcoupl                         = V-rescale
   nsttcouple                     = 10
   nh-chain-length                = 0
   print-nose-hoover-chain-variables = false
   pcoupl                         = Berendsen
   pcoupltype                     = Isotropic
   nstpcouple                     = 100
   tau-p                          = 5
   compressibility (3x3):
      compressibility[    0]={ 4.50000e-05,  0.00000e+00,  0.00000e+00}
      compressibility[    1]={ 0.00000e+00,  4.50000e-05,  0.00000e+00}
      compressibility[    2]={ 0.00000e+00,  0.00000e+00,  4.50000e-05}
   ref-p (3x3):
      ref-p[    0]={ 1.00000e+00,  0.00000e+00,  0.00000e+00}
      ref-p[    1]={ 0.00000e+00,  1.00000e+00,  0.00000e+00}
      ref-p[    2]={ 0.00000e+00,  0.00000e+00,  1.00000e+00}
   refcoord-scaling               = COM
   posres-com (3):
      posres-com[0]= 4.96477e-01
      posres-com[1]= 4.96287e-01
      posres-com[2]= 5.03873e-01
   posres-comB (3):
      posres-comB[0]= 4.96477e-01
      posres-comB[1]= 4.96287e-01
      posres-comB[2]= 5.03873e-01
   QMMM                           = false
qm-opts:
   ngQM                           = 0
   constraint-algorithm           = Lincs
   continuation                   = false
   Shake-SOR                      = false
   shake-tol                      = 0.0001
   lincs-order                    = 4
   lincs-iter                     = 1
   lincs-warnangle                = 30
   nwall                          = 0
   wall-type                      = 9-3
   wall-r-linpot                  = -1
   wall-atomtype[0]               = -1
   wall-atomtype[1]               = -1
   wall-density[0]                = 0
   wall-density[1]                = 0
   wall-ewald-zfac                = 3
   pull                           = false
   awh                            = false
   rotation                       = false
   interactiveMD                  = false
   disre                          = Simple
   disre-weighting                = Conservative
   disre-mixed                    = false
   dr-fc                          = 1000
   dr-tau                         = 0
   nstdisreout                    = 0
   orire-fc                       = 0
   orire-tau                      = 0
   nstorireout                    = 100
   free-energy                    = no
   cos-acceleration               = 0
   deform (3x3):
      deform[    0]={ 0.00000e+00,  0.00000e+00,  0.00000e+00}
      deform[    1]={ 0.00000e+00,  0.00000e+00,  0.00000e+00}
      deform[    2]={ 0.00000e+00,  0.00000e+00,  0.00000e+00}
   simulated-tempering            = false
   swapcoords                     = no
   userint1                       = 0
   userint2                       = 0
   userint3                       = 0
   userint4                       = 0
   userreal1                      = 0
   userreal2                      = 0
   userreal3                      = 0
   userreal4                      = 0
   applied-forces:
     electric-field:
       x:
         E0                       = 0
         omega                    = 0
         t0                       = 0
         sigma                    = 0
       y:
         E0                       = 0
         omega                    = 0
         t0                       = 0
         sigma                    = 0
       z:
         E0                       = 0
         omega                    = 0
         t0                       = 0
         sigma                    = 0
     density-guided-simulation:
       active                     = false
       group                      = protein
       similarity-measure         = inner-product
       atom-spreading-weight      = unity
       force-constant             = 1e+09
       gaussian-transform-spreading-width = 0.2
       gaussian-transform-spreading-range-in-multiples-of-width = 4
       reference-density-filename = reference.mrc
       nst                        = 1
       normalize-densities        = true
       adaptive-force-scaling     = false
       adaptive-force-scaling-time-constant = 4
       shift-vector               = 
       transformation-matrix      = 
     qmmm-cp2k:
       active                     = false
       qmgroup                    = System
       qmmethod                   = PBE
       qmfilenames                = 
       qmcharge                   = 0
       qmmultiplicity             = 1
     colvars:
       active                     = false
       configfile                 = 
       seed                       = -1
grpopts:
   nrdf:       17491      144102
   ref-t:         310         310
   tau-t:         0.1         0.1
annealing:          No          No
annealing-npoints:           0           0
   acc:	           0           0           0
   nfreeze:           N           N           N
   energygrp-flags[  0]: 0

Changing nstlist from 10 to 100, rlist from 1 to 1.178


Update groups can not be used for this system because atoms that are (in)directly constrained together are interdispersed with other atoms

1 GPU selected for this run.
Mapping of GPU IDs to the 2 GPU tasks in the 1 rank on this node:
  PP:0,PME:0
PP tasks will do (non-perturbed) short-ranged interactions on the GPU
PP task will update and constrain coordinates on the GPU
PME tasks will do all aspects on the GPU
Using 1 MPI thread
Using 32 OpenMP threads 


WARNING: Oversubscribing the recommended max load of 27 logical CPUs with 32 threads.
         This will cause considerable performance loss.
System total charge: 0.000
Will do PME sum in reciprocal space for electrostatic interactions.

++++ PLEASE READ AND CITE THE FOLLOWING REFERENCE ++++
U. Essmann, L. Perera, M. L. Berkowitz, T. Darden, H. Lee and L. G. Pedersen 
A smooth particle mesh Ewald method
J. Chem. Phys. 103 (1995) pp. 8577-8592
-------- -------- --- Thank You --- -------- --------

Using a Gaussian width (1/beta) of 0.320163 nm for Ewald
Potential shift: LJ r^-12: -1.000e+00 r^-6: -1.000e+00, Ewald -1.000e-05
Initialized non-bonded Coulomb Ewald tables, spacing: 9.33e-04 size: 1073

Generated table with 1089 data points for 1-4 COUL.
Tabscale = 500 points/nm
Generated table with 1089 data points for 1-4 LJ6.
Tabscale = 500 points/nm
Generated table with 1089 data points for 1-4 LJ12.
Tabscale = 500 points/nm

Long Range LJ corr.: <C6> 3.2051e-04


Using GPU 8x8 nonbonded short-range kernels

Using a dual 8x8 pair-list setup updated with dynamic, rolling pruning:
  outer list: updated every 100 steps, buffer 0.178 nm, rlist 1.178 nm
  inner list: updated every   8 steps, buffer 0.001 nm, rlist 1.001 nm
At tolerance 0.005 kJ/mol/ps per atom, equivalent classical 1x1 list would be:
  outer list: updated every 100 steps, buffer 0.311 nm, rlist 1.311 nm
  inner list: updated every   8 steps, buffer 0.031 nm, rlist 1.031 nm

The average pressure is off by at most 0.56 bar due to missing LJ interactions

Using Lorentz-Berthelot Lennard-Jones combination rule
Removing pbc first time

NOTE: OS CPU limit is lower than logical cpu count, thread pinning disabled.

Initializing LINear Constraint Solver

++++ PLEASE READ AND CITE THE FOLLOWING REFERENCE ++++
B. Hess and H. Bekker and H. J. C. Berendsen and J. G. E. M. Fraaije
LINCS: A Linear Constraint Solver for molecular simulations
J. Comp. Chem. 18 (1997) pp. 1463-1472
-------- -------- --- Thank You --- -------- --------

The number of constraints is 3395

++++ PLEASE READ AND CITE THE FOLLOWING REFERENCE ++++
S. Miyamoto and P. A. Kollman
SETTLE: An Analytical Version of the SHAKE and RATTLE Algorithms for Rigid
Water Models
J. Comp. Chem. 13 (1992) pp. 952-962
-------- -------- --- Thank You --- -------- --------


++++ PLEASE READ AND CITE THE FOLLOWING REFERENCE ++++
G. Bussi, D. Donadio and M. Parrinello
Canonical sampling through velocity rescaling
J. Chem. Phys. 126 (2007) pp. 014101
-------- -------- --- Thank You --- -------- --------

There are: 78953 Atoms

Updating coordinates and applying constraints on the GPU.

Constraining the starting coordinates (step 0)

Constraining the coordinates at t0-dt (step 0)
RMS relative constraint deviation after constraining: 3.84e-06
Initial temperature: 310.257 K

Started mdrun on rank 0 Wed Apr 29 11:59:27 2026

           Step           Time
              0        0.00000

   Energies (kJ/mol)
           Bond          Angle    Proper Dih. Per. Imp. Dih.          LJ-14
    5.97233e+03    2.01820e+04    2.44478e+04    1.36540e+03    6.39399e+03
     Coulomb-14        LJ (SR)  Disper. corr.   Coulomb (SR)   Coul. recip.
    7.39198e+04    1.35711e+05   -1.04911e+04   -1.29034e+06    8.65203e+03
 Position Rest.      Potential    Kinetic En.   Total Energy  Conserved En.
    2.99423e+02   -1.02389e+06    2.10401e+05   -8.13486e+05   -8.13575e+05
    Temperature Pres. DC (bar) Pressure (bar)   Constr. rmsd
    3.13200e+02   -2.18910e+02    4.12762e+02    3.83537e-06

step 3700: timed with pme grid 96 96 96, coulomb cutoff 1.000: 331.8 M-cycles
step 3900: timed with pme grid 80 80 80, coulomb cutoff 1.084: 342.4 M-cycles
step 4100: timed with pme grid 72 72 72, coulomb cutoff 1.204: 402.0 M-cycles
step 4300: timed with pme grid 80 80 80, coulomb cutoff 1.084: 355.3 M-cycles
step 4500: timed with pme grid 84 84 84, coulomb cutoff 1.032: 395.9 M-cycles
step 4700: timed with pme grid 96 96 96, coulomb cutoff 1.000: 332.1 M-cycles
              optimal pme grid 96 96 96, coulomb cutoff 1.000
           Step           Time
           5000       10.00000

   Energies (kJ/mol)
           Bond          Angle    Proper Dih. Per. Imp. Dih.          LJ-14
    5.77253e+03    1.87635e+04    2.26395e+04    1.10085e+03    6.29297e+03
     Coulomb-14        LJ (SR)  Disper. corr.   Coulomb (SR)   Coul. recip.
    7.47425e+04    1.37298e+05   -1.04831e+04   -1.29725e+06    8.41139e+03
 Position Rest.      Potential    Kinetic En.   Total Energy  Conserved En.
    1.58040e+03   -1.03114e+06    2.07588e+05   -8.23548e+05   -8.13420e+05
    Temperature Pres. DC (bar) Pressure (bar)   Constr. rmsd
    3.09013e+02   -2.18578e+02    1.72665e+02    3.83537e-06

           Step           Time
          10000       20.00000

   Energies (kJ/mol)
           Bond          Angle    Proper Dih. Per. Imp. Dih.          LJ-14
    5.98152e+03    1.88404e+04    2.21458e+04    1.05060e+03    6.26565e+03
     Coulomb-14        LJ (SR)  Disper. corr.   Coulomb (SR)   Coul. recip.
    7.48368e+04    1.38061e+05   -1.04880e+04   -1.29588e+06    8.33909e+03
 Position Rest.      Potential    Kinetic En.   Total Energy  Conserved En.
    1.70281e+03   -1.02914e+06    2.08211e+05   -8.20934e+05   -8.13418e+05
    Temperature Pres. DC (bar) Pressure (bar)   Constr. rmsd
    3.09939e+02   -2.18782e+02    1.39655e+02    3.83537e-06

           Step           Time
          15000       30.00000

   Energies (kJ/mol)
           Bond          Angle    Proper Dih. Per. Imp. Dih.          LJ-14
    6.03419e+03    1.86367e+04    2.20126e+04    1.02314e+03    6.24826e+03
     Coulomb-14        LJ (SR)  Disper. corr.   Coulomb (SR)   Coul. recip.
    7.52784e+04    1.35049e+05   -1.04951e+04   -1.29317e+06    8.35910e+03
 Position Rest.      Potential    Kinetic En.   Total Energy  Conserved En.
    1.68476e+03   -1.02934e+06    2.07824e+05   -8.21517e+05   -8.13317e+05
    Temperature Pres. DC (bar) Pressure (bar)   Constr. rmsd
    3.09364e+02   -2.19076e+02   -1.40130e+01    3.83537e-06

           Step           Time
          20000       40.00000

   Energies (kJ/mol)
           Bond          Angle    Proper Dih. Per. Imp. Dih.          LJ-14
    5.79083e+03    1.91992e+04    2.20288e+04    1.09997e+03    6.29904e+03
     Coulomb-14        LJ (SR)  Disper. corr.   Coulomb (SR)   Coul. recip.
    7.52705e+04    1.34946e+05   -1.05022e+04   -1.29339e+06    8.26440e+03
 Position Rest.      Potential    Kinetic En.   Total Energy  Conserved En.
    1.73283e+03   -1.02926e+06    2.09454e+05   -8.19808e+05   -8.13300e+05
    Temperature Pres. DC (bar) Pressure (bar)   Constr. rmsd
    3.11790e+02   -2.19373e+02    8.09828e+01    3.83537e-06

           Step           Time
          25000       50.00000

   Energies (kJ/mol)
           Bond          Angle    Proper Dih. Per. Imp. Dih.          LJ-14
    5.91243e+03    1.84509e+04    2.19253e+04    1.01896e+03    6.34825e+03
     Coulomb-14        LJ (SR)  Disper. corr.   Coulomb (SR)   Coul. recip.
    7.54297e+04    1.36109e+05   -1.04890e+04   -1.29801e+06    8.14106e+03
 Position Rest.      Potential    Kinetic En.   Total Energy  Conserved En.
    1.60568e+03   -1.03355e+06    2.07747e+05   -8.25807e+05   -8.13278e+05
    Temperature Pres. DC (bar) Pressure (bar)   Constr. rmsd
    3.09249e+02   -2.18821e+02    1.07975e+01    3.83537e-06

           Step           Time
          30000       60.00000

   Energies (kJ/mol)
           Bond          Angle    Proper Dih. Per. Imp. Dih.          LJ-14
    5.91684e+03    1.87457e+04    2.19714e+04    1.02970e+03    6.32660e+03
     Coulomb-14        LJ (SR)  Disper. corr.   Coulomb (SR)   Coul. recip.
    7.53818e+04    1.37285e+05   -1.04859e+04   -1.29769e+06    8.29733e+03
 Position Rest.      Potential    Kinetic En.   Total Energy  Conserved En.
    1.71495e+03   -1.03150e+06    2.09470e+05   -8.22035e+05   -8.13287e+05
    Temperature Pres. DC (bar) Pressure (bar)   Constr. rmsd
    3.11813e+02   -2.18693e+02    1.42466e+02    3.83537e-06

           Step           Time
          35000       70.00000

   Energies (kJ/mol)
           Bond          Angle    Proper Dih. Per. Imp. Dih.          LJ-14
    6.16363e+03    1.88001e+04    2.19518e+04    1.04974e+03    6.14752e+03
     Coulomb-14        LJ (SR)  Disper. corr.   Coulomb (SR)   Coul. recip.
    7.52345e+04    1.37847e+05   -1.04953e+04   -1.29608e+06    8.47370e+03
 Position Rest.      Potential    Kinetic En.   Total Energy  Conserved En.
    1.73736e+03   -1.02917e+06    2.08841e+05   -8.20334e+05   -8.13276e+05
    Temperature Pres. DC (bar) Pressure (bar)   Constr. rmsd
    3.10877e+02   -2.19086e+02    2.15021e+02    3.83537e-06

           Step           Time
          40000       80.00000

   Energies (kJ/mol)
           Bond          Angle    Proper Dih. Per. Imp. Dih.          LJ-14
    5.77241e+03    1.86101e+04    2.20619e+04    1.06548e+03    6.29441e+03
     Coulomb-14        LJ (SR)  Disper. corr.   Coulomb (SR)   Coul. recip.
    7.52353e+04    1.35537e+05   -1.04920e+04   -1.29550e+06    8.20927e+03
 Position Rest.      Potential    Kinetic En.   Total Energy  Conserved En.
    1.69256e+03   -1.03152e+06    2.08945e+05   -8.22571e+05   -8.13206e+05
    Temperature Pres. DC (bar) Pressure (bar)   Constr. rmsd
    3.11033e+02   -2.18949e+02   -2.54740e+01    3.83537e-06

           Step           Time
          45000       90.00000

   Energies (kJ/mol)
           Bond          Angle    Proper Dih. Per. Imp. Dih.          LJ-14
    6.19319e+03    1.84446e+04    2.18087e+04    9.38978e+02    6.26702e+03
     Coulomb-14        LJ (SR)  Disper. corr.   Coulomb (SR)   Coul. recip.
    7.52579e+04    1.36224e+05   -1.04915e+04   -1.29620e+06    8.21126e+03
 Position Rest.      Potential    Kinetic En.   Total Energy  Conserved En.
    1.73874e+03   -1.03160e+06    2.07474e+05   -8.24129e+05   -8.13181e+05
    Temperature Pres. DC (bar) Pressure (bar)   Constr. rmsd
    3.08842e+02   -2.18929e+02   -2.91263e+01    3.83537e-06

           Step           Time
          50000      100.00000

   Energies (kJ/mol)
           Bond          Angle    Proper Dih. Per. Imp. Dih.          LJ-14
    6.02021e+03    1.85528e+04    2.18165e+04    9.84996e+02    6.16992e+03
     Coulomb-14        LJ (SR)  Disper. corr.   Coulomb (SR)   Coul. recip.
    7.51094e+04    1.36425e+05   -1.04984e+04   -1.29679e+06    8.22943e+03
 Position Rest.      Potential    Kinetic En.   Total Energy  Conserved En.
    1.65012e+03   -1.03233e+06    2.07631e+05   -8.24697e+05   -8.13128e+05
    Temperature Pres. DC (bar) Pressure (bar)   Constr. rmsd
    3.09076e+02   -2.19214e+02    9.58567e+00    3.83537e-06

           Step           Time
          55000      110.00000

   Energies (kJ/mol)
           Bond          Angle    Proper Dih. Per. Imp. Dih.          LJ-14
    6.02383e+03    1.86801e+04    2.19979e+04    1.09133e+03    6.22977e+03
     Coulomb-14        LJ (SR)  Disper. corr.   Coulomb (SR)   Coul. recip.
    7.54173e+04    1.36416e+05   -1.04967e+04   -1.29662e+06    8.22020e+03
 Position Rest.      Potential    Kinetic En.   Total Energy  Conserved En.
    1.75432e+03   -1.03129e+06    2.08835e+05   -8.22450e+05   -8.13113e+05
    Temperature Pres. DC (bar) Pressure (bar)   Constr. rmsd
    3.10868e+02   -2.19144e+02    9.14874e+00    3.83537e-06

           Step           Time
          60000      120.00000

   Energies (kJ/mol)
           Bond          Angle    Proper Dih. Per. Imp. Dih.          LJ-14
    5.88690e+03    1.83162e+04    2.17268e+04    1.04132e+03    6.17310e+03
     Coulomb-14        LJ (SR)  Disper. corr.   Coulomb (SR)   Coul. recip.
    7.53934e+04    1.36997e+05   -1.04845e+04   -1.29646e+06    8.32434e+03
 Position Rest.      Potential    Kinetic En.   Total Energy  Conserved En.
    1.75508e+03   -1.03133e+06    2.08521e+05   -8.22814e+05   -8.13109e+05
    Temperature Pres. DC (bar) Pressure (bar)   Constr. rmsd
    3.10401e+02   -2.18636e+02    3.61026e+01    3.83537e-06

           Step           Time
          65000      130.00000

   Energies (kJ/mol)
           Bond          Angle    Proper Dih. Per. Imp. Dih.          LJ-14
    6.05079e+03    1.85522e+04    2.18554e+04    1.03972e+03    6.26447e+03
     Coulomb-14        LJ (SR)  Disper. corr.   Coulomb (SR)   Coul. recip.
    7.51443e+04    1.36137e+05   -1.04958e+04   -1.29656e+06    8.14591e+03
 Position Rest.      Potential    Kinetic En.   Total Energy  Conserved En.
    1.72588e+03   -1.03214e+06    2.08588e+05   -8.23547e+05   -8.13030e+05
    Temperature Pres. DC (bar) Pressure (bar)   Constr. rmsd
    3.10501e+02   -2.19107e+02    2.67712e+00    3.83537e-06

           Step           Time
          70000      140.00000

   Energies (kJ/mol)
           Bond          Angle    Proper Dih. Per. Imp. Dih.          LJ-14
    5.72334e+03    1.89305e+04    2.18949e+04    1.03355e+03    6.19821e+03
     Coulomb-14        LJ (SR)  Disper. corr.   Coulomb (SR)   Coul. recip.
    7.50539e+04    1.33303e+05   -1.05051e+04   -1.29389e+06    8.14381e+03
 Position Rest.      Potential    Kinetic En.   Total Energy  Conserved En.
    1.76095e+03   -1.03235e+06    2.07520e+05   -8.24832e+05   -8.12992e+05
    Temperature Pres. DC (bar) Pressure (bar)   Constr. rmsd
    3.08910e+02   -2.19496e+02   -2.11670e+02    3.83537e-06

           Step           Time
          75000      150.00000

   Energies (kJ/mol)
           Bond          Angle    Proper Dih. Per. Imp. Dih.          LJ-14
    6.00277e+03    1.85945e+04    2.17159e+04    1.03362e+03    6.23795e+03
     Coulomb-14        LJ (SR)  Disper. corr.   Coulomb (SR)   Coul. recip.
    7.52999e+04    1.36292e+05   -1.05020e+04   -1.29744e+06    8.22846e+03
 Position Rest.      Potential    Kinetic En.   Total Energy  Conserved En.
    1.77226e+03   -1.03277e+06    2.08638e+05   -8.24130e+05   -8.13020e+05
    Temperature Pres. DC (bar) Pressure (bar)   Constr. rmsd
    3.10575e+02   -2.19367e+02    8.72217e+01    3.83537e-06

           Step           Time
          80000      160.00000

   Energies (kJ/mol)
           Bond          Angle    Proper Dih. Per. Imp. Dih.          LJ-14
    6.15758e+03    1.89370e+04    2.17378e+04    1.04728e+03    6.25800e+03
     Coulomb-14        LJ (SR)  Disper. corr.   Coulomb (SR)   Coul. recip.
    7.53764e+04    1.38221e+05   -1.05051e+04   -1.29680e+06    8.37076e+03
 Position Rest.      Potential    Kinetic En.   Total Energy  Conserved En.
    1.80134e+03   -1.02940e+06    2.08878e+05   -8.20520e+05   -8.12996e+05
    Temperature Pres. DC (bar) Pressure (bar)   Constr. rmsd
    3.10933e+02   -2.19495e+02    1.99820e+02    3.83537e-06

           Step           Time
          85000      170.00000

   Energies (kJ/mol)
           Bond          Angle    Proper Dih. Per. Imp. Dih.          LJ-14
    6.29481e+03    1.87367e+04    2.17209e+04    1.01494e+03    6.15618e+03
     Coulomb-14        LJ (SR)  Disper. corr.   Coulomb (SR)   Coul. recip.
    7.55222e+04    1.37167e+05   -1.05008e+04   -1.29683e+06    8.33582e+03
 Position Rest.      Potential    Kinetic En.   Total Energy  Conserved En.
    1.82871e+03   -1.03056e+06    2.07887e+05   -8.22670e+05   -8.12932e+05
    Temperature Pres. DC (bar) Pressure (bar)   Constr. rmsd
    3.09457e+02   -2.19316e+02   -1.80764e+01    3.83537e-06

           Step           Time
          90000      180.00000

   Energies (kJ/mol)
           Bond          Angle    Proper Dih. Per. Imp. Dih.          LJ-14
    6.10660e+03    1.84434e+04    2.18124e+04    1.01458e+03    6.21088e+03
     Coulomb-14        LJ (SR)  Disper. corr.   Coulomb (SR)   Coul. recip.
    7.57928e+04    1.34205e+05   -1.04939e+04   -1.29486e+06    8.16598e+03
 Position Rest.      Potential    Kinetic En.   Total Energy  Conserved En.
    1.85957e+03   -1.03174e+06    2.08134e+05   -8.23605e+05   -8.12916e+05
    Temperature Pres. DC (bar) Pressure (bar)   Constr. rmsd
    3.09824e+02   -2.19027e+02   -1.90746e+02    3.83537e-06

           Step           Time
          95000      190.00000

   Energies (kJ/mol)
           Bond          Angle    Proper Dih. Per. Imp. Dih.          LJ-14
    6.02776e+03    1.85820e+04    2.18842e+04    1.03841e+03    6.28844e+03
     Coulomb-14        LJ (SR)  Disper. corr.   Coulomb (SR)   Coul. recip.
    7.54527e+04    1.34836e+05   -1.04874e+04   -1.29670e+06    8.30129e+03
 Position Rest.      Potential    Kinetic En.   Total Energy  Conserved En.
    1.73226e+03   -1.03304e+06    2.08863e+05   -8.24182e+05   -8.12916e+05
    Temperature Pres. DC (bar) Pressure (bar)   Constr. rmsd
    3.10910e+02   -2.18758e+02   -1.11251e+02    3.83537e-06

           Step           Time
         100000      200.00000

   Energies (kJ/mol)
           Bond          Angle    Proper Dih. Per. Imp. Dih.          LJ-14
    5.92511e+03    1.83794e+04    2.17088e+04    9.84111e+02    6.26533e+03
     Coulomb-14        LJ (SR)  Disper. corr.   Coulomb (SR)   Coul. recip.
    7.55814e+04    1.35321e+05   -1.04999e+04   -1.29502e+06    8.30122e+03
 Position Rest.      Potential    Kinetic En.   Total Energy  Conserved En.
    1.72224e+03   -1.03133e+06    2.07677e+05   -8.23651e+05   -8.12899e+05
    Temperature Pres. DC (bar) Pressure (bar)   Constr. rmsd
    3.09144e+02   -2.19276e+02   -1.35016e+00    3.83537e-06

           Step           Time
         105000      210.00000

   Energies (kJ/mol)
           Bond          Angle    Proper Dih. Per. Imp. Dih.          LJ-14
    5.81260e+03    1.89608e+04    2.18294e+04    1.07278e+03    6.24190e+03
     Coulomb-14        LJ (SR)  Disper. corr.   Coulomb (SR)   Coul. recip.
    7.53184e+04    1.33993e+05   -1.04925e+04   -1.29374e+06    8.14315e+03
 Position Rest.      Potential    Kinetic En.   Total Energy  Conserved En.
    1.81156e+03   -1.03105e+06    2.09311e+05   -8.21737e+05   -8.12865e+05
    Temperature Pres. DC (bar) Pressure (bar)   Constr. rmsd
    3.11577e+02   -2.18969e+02   -1.06079e+02    3.83537e-06

           Step           Time
         110000      220.00000

   Energies (kJ/mol)
           Bond          Angle    Proper Dih. Per. Imp. Dih.          LJ-14
    6.09318e+03    1.82940e+04    2.18369e+04    1.05951e+03    6.13158e+03
     Coulomb-14        LJ (SR)  Disper. corr.   Coulomb (SR)   Coul. recip.
    7.53897e+04    1.34438e+05   -1.04977e+04   -1.29452e+06    8.15821e+03
 Position Rest.      Potential    Kinetic En.   Total Energy  Conserved En.
    1.64384e+03   -1.03198e+06    2.07458e+05   -8.24520e+05   -8.12834e+05
    Temperature Pres. DC (bar) Pressure (bar)   Constr. rmsd
    3.08819e+02   -2.19186e+02   -8.86863e+01    3.83537e-06

           Step           Time
         115000      230.00000

   Energies (kJ/mol)
           Bond          Angle    Proper Dih. Per. Imp. Dih.          LJ-14
    6.13583e+03    1.85843e+04    2.17444e+04    1.04456e+03    6.16750e+03
     Coulomb-14        LJ (SR)  Disper. corr.   Coulomb (SR)   Coul. recip.
    7.57481e+04    1.35206e+05   -1.04952e+04   -1.29567e+06    8.04294e+03
 Position Rest.      Potential    Kinetic En.   Total Energy  Conserved En.
    1.76815e+03   -1.03172e+06    2.09166e+05   -8.22554e+05   -8.12811e+05
    Temperature Pres. DC (bar) Pressure (bar)   Constr. rmsd
    3.11361e+02   -2.19081e+02   -1.48969e+02    3.83537e-06

           Step           Time
         120000      240.00000

   Energies (kJ/mol)
           Bond          Angle    Proper Dih. Per. Imp. Dih.          LJ-14
    6.10968e+03    1.86425e+04    2.18665e+04    1.00437e+03    6.11253e+03
     Coulomb-14        LJ (SR)  Disper. corr.   Coulomb (SR)   Coul. recip.
    7.54134e+04    1.36276e+05   -1.04981e+04   -1.29559e+06    8.27669e+03
 Position Rest.      Potential    Kinetic En.   Total Energy  Conserved En.
    1.73696e+03   -1.03065e+06    2.08676e+05   -8.21978e+05   -8.12813e+05
    Temperature Pres. DC (bar) Pressure (bar)   Constr. rmsd
    3.10632e+02   -2.19204e+02    1.65564e+01    3.83537e-06

           Step           Time
         125000      250.00000

   Energies (kJ/mol)
           Bond          Angle    Proper Dih. Per. Imp. Dih.          LJ-14
    5.91251e+03    1.82296e+04    2.15545e+04    9.95259e+02    6.27603e+03
     Coulomb-14        LJ (SR)  Disper. corr.   Coulomb (SR)   Coul. recip.
    7.57866e+04    1.35353e+05   -1.04910e+04   -1.29729e+06    8.20497e+03
 Position Rest.      Potential    Kinetic En.   Total Energy  Conserved En.
    1.75747e+03   -1.03371e+06    2.07450e+05   -8.26264e+05   -8.12794e+05
    Temperature Pres. DC (bar) Pressure (bar)   Constr. rmsd
    3.08807e+02   -2.18906e+02   -1.20408e+02    3.83537e-06

           Step           Time
         130000      260.00000

   Energies (kJ/mol)
           Bond          Angle    Proper Dih. Per. Imp. Dih.          LJ-14
    6.08535e+03    1.85680e+04    2.18181e+04    1.06425e+03    6.30756e+03
     Coulomb-14        LJ (SR)  Disper. corr.   Coulomb (SR)   Coul. recip.
    7.56128e+04    1.37408e+05   -1.04999e+04   -1.29674e+06    8.15874e+03
 Position Rest.      Potential    Kinetic En.   Total Energy  Conserved En.
    1.67694e+03   -1.03054e+06    2.08926e+05   -8.21609e+05   -8.12785e+05
    Temperature Pres. DC (bar) Pressure (bar)   Constr. rmsd
    3.11004e+02   -2.19279e+02    8.07432e+01    3.83537e-06

           Step           Time
         135000      270.00000

   Energies (kJ/mol)
           Bond          Angle    Proper Dih. Per. Imp. Dih.          LJ-14
    6.02741e+03    1.82499e+04    2.19183e+04    1.04246e+03    6.31799e+03
     Coulomb-14        LJ (SR)  Disper. corr.   Coulomb (SR)   Coul. recip.
    7.59226e+04    1.35959e+05   -1.04980e+04   -1.29558e+06    8.22139e+03
 Position Rest.      Potential    Kinetic En.   Total Energy  Conserved En.
    1.61239e+03   -1.03081e+06    2.08330e+05   -8.22479e+05   -8.12771e+05
    Temperature Pres. DC (bar) Pressure (bar)   Constr. rmsd
    3.10117e+02   -2.19200e+02    7.39918e+01    3.83537e-06

           Step           Time
         140000      280.00000

   Energies (kJ/mol)
           Bond          Angle    Proper Dih. Per. Imp. Dih.          LJ-14
    5.97061e+03    1.86085e+04    2.15458e+04    9.66990e+02    6.31029e+03
     Coulomb-14        LJ (SR)  Disper. corr.   Coulomb (SR)   Coul. recip.
    7.61309e+04    1.35847e+05   -1.04984e+04   -1.29665e+06    8.21832e+03
 Position Rest.      Potential    Kinetic En.   Total Energy  Conserved En.
    1.73705e+03   -1.03181e+06    2.07654e+05   -8.24155e+05   -8.12760e+05
    Temperature Pres. DC (bar) Pressure (bar)   Constr. rmsd
    3.09111e+02   -2.19214e+02    1.58346e+02    3.83537e-06

           Step           Time
         145000      290.00000

   Energies (kJ/mol)
           Bond          Angle    Proper Dih. Per. Imp. Dih.          LJ-14
    6.04829e+03    1.79953e+04    2.16402e+04    9.76814e+02    6.17836e+03
     Coulomb-14        LJ (SR)  Disper. corr.   Coulomb (SR)   Coul. recip.
    7.60585e+04    1.36041e+05   -1.04897e+04   -1.29853e+06    8.10266e+03
 Position Rest.      Potential    Kinetic En.   Total Energy  Conserved En.
    1.66955e+03   -1.03431e+06    2.08099e+05   -8.26211e+05   -8.12719e+05
    Temperature Pres. DC (bar) Pressure (bar)   Constr. rmsd
    3.09773e+02   -2.18854e+02   -7.97171e+01    3.83537e-06

           Step           Time
         150000      300.00000

   Energies (kJ/mol)
           Bond          Angle    Proper Dih. Per. Imp. Dih.          LJ-14
    5.97983e+03    1.81477e+04    2.16278e+04    1.02973e+03    6.14518e+03
     Coulomb-14        LJ (SR)  Disper. corr.   Coulomb (SR)   Coul. recip.
    7.57140e+04    1.34961e+05   -1.04930e+04   -1.29665e+06    8.13887e+03
 Position Rest.      Potential    Kinetic En.   Total Energy  Conserved En.
    1.70239e+03   -1.03370e+06    2.07084e+05   -8.26612e+05   -8.12685e+05
    Temperature Pres. DC (bar) Pressure (bar)   Constr. rmsd
    3.08263e+02   -2.18990e+02   -1.11625e+02    3.83537e-06

           Step           Time
         155000      310.00000

   Energies (kJ/mol)
           Bond          Angle    Proper Dih. Per. Imp. Dih.          LJ-14
    5.93432e+03    1.79906e+04    2.18325e+04    9.65623e+02    6.30853e+03
     Coulomb-14        LJ (SR)  Disper. corr.   Coulomb (SR)   Coul. recip.
    7.59073e+04    1.37147e+05   -1.04979e+04   -1.29803e+06    8.16649e+03
 Position Rest.      Potential    Kinetic En.   Total Energy  Conserved En.
    1.67666e+03   -1.03260e+06    2.07218e+05   -8.25381e+05   -8.12680e+05
    Temperature Pres. DC (bar) Pressure (bar)   Constr. rmsd
    3.08461e+02   -2.19193e+02    1.25844e+02    3.83537e-06

           Step           Time
         160000      320.00000

   Energies (kJ/mol)
           Bond          Angle    Proper Dih. Per. Imp. Dih.          LJ-14
    6.01589e+03    1.85218e+04    2.19095e+04    1.06346e+03    6.24443e+03
     Coulomb-14        LJ (SR)  Disper. corr.   Coulomb (SR)   Coul. recip.
    7.57781e+04    1.35989e+05   -1.05056e+04   -1.29599e+06    8.38367e+03
 Position Rest.      Potential    Kinetic En.   Total Energy  Conserved En.
    1.65864e+03   -1.03093e+06    2.07479e+05   -8.23453e+05   -8.12584e+05
    Temperature Pres. DC (bar) Pressure (bar)   Constr. rmsd
    3.08850e+02   -2.19514e+02    1.12157e+01    3.83537e-06

           Step           Time
         165000      330.00000

   Energies (kJ/mol)
           Bond          Angle    Proper Dih. Per. Imp. Dih.          LJ-14
    6.20137e+03    1.85089e+04    2.17350e+04    9.75198e+02    6.26983e+03
     Coulomb-14        LJ (SR)  Disper. corr.   Coulomb (SR)   Coul. recip.
    7.57571e+04    1.35733e+05   -1.05018e+04   -1.29540e+06    8.19830e+03
 Position Rest.      Potential    Kinetic En.   Total Energy  Conserved En.
    1.68881e+03   -1.03083e+06    2.09099e+05   -8.21734e+05   -8.12610e+05
    Temperature Pres. DC (bar) Pressure (bar)   Constr. rmsd
    3.11261e+02   -2.19356e+02    8.71298e+01    3.83537e-06

           Step           Time
         170000      340.00000

   Energies (kJ/mol)
           Bond          Angle    Proper Dih. Per. Imp. Dih.          LJ-14
    6.01941e+03    1.80630e+04    2.16133e+04    9.86868e+02    6.25954e+03
     Coulomb-14        LJ (SR)  Disper. corr.   Coulomb (SR)   Coul. recip.
    7.58078e+04    1.36985e+05   -1.04931e+04   -1.29898e+06    8.18154e+03
 Position Rest.      Potential    Kinetic En.   Total Energy  Conserved En.
    1.70954e+03   -1.03384e+06    2.06351e+05   -8.27492e+05   -8.12584e+05
    Temperature Pres. DC (bar) Pressure (bar)   Constr. rmsd
    3.07171e+02   -2.18996e+02    4.26577e+01    3.83537e-06

           Step           Time
         175000      350.00000

   Energies (kJ/mol)
           Bond          Angle    Proper Dih. Per. Imp. Dih.          LJ-14
    5.83639e+03    1.86477e+04    2.14722e+04    1.00483e+03    6.23596e+03
     Coulomb-14        LJ (SR)  Disper. corr.   Coulomb (SR)   Coul. recip.
    7.59119e+04    1.36131e+05   -1.04940e+04   -1.29433e+06    8.25266e+03
 Position Rest.      Potential    Kinetic En.   Total Energy  Conserved En.
    1.68231e+03   -1.02965e+06    2.08608e+05   -8.21041e+05   -8.12618e+05
    Temperature Pres. DC (bar) Pressure (bar)   Constr. rmsd
    3.10530e+02   -2.19030e+02    2.10293e+02    3.83537e-06

           Step           Time
         180000      360.00000

   Energies (kJ/mol)
           Bond          Angle    Proper Dih. Per. Imp. Dih.          LJ-14
    5.77268e+03    1.83277e+04    2.16433e+04    1.03563e+03    6.31416e+03
     Coulomb-14        LJ (SR)  Disper. corr.   Coulomb (SR)   Coul. recip.
    7.64611e+04    1.35568e+05   -1.04970e+04   -1.29859e+06    8.24577e+03
 Position Rest.      Potential    Kinetic En.   Total Energy  Conserved En.
    1.67977e+03   -1.03404e+06    2.08157e+05   -8.25885e+05   -8.12493e+05
    Temperature Pres. DC (bar) Pressure (bar)   Constr. rmsd
    3.09859e+02   -2.19159e+02   -6.06116e+01    3.83537e-06

           Step           Time
         185000      370.00000

   Energies (kJ/mol)
           Bond          Angle    Proper Dih. Per. Imp. Dih.          LJ-14
    6.07720e+03    1.83806e+04    2.16770e+04    1.03959e+03    6.25367e+03
     Coulomb-14        LJ (SR)  Disper. corr.   Coulomb (SR)   Coul. recip.
    7.59108e+04    1.35843e+05   -1.05027e+04   -1.29604e+06    8.27584e+03
 Position Rest.      Potential    Kinetic En.   Total Energy  Conserved En.
    1.76718e+03   -1.03132e+06    2.08154e+05   -8.23163e+05   -8.12490e+05
    Temperature Pres. DC (bar) Pressure (bar)   Constr. rmsd
    3.09855e+02   -2.19397e+02   -3.07218e+01    3.83537e-06

           Step           Time
         190000      380.00000

   Energies (kJ/mol)
           Bond          Angle    Proper Dih. Per. Imp. Dih.          LJ-14
    6.01828e+03    1.82321e+04    2.15119e+04    1.14386e+03    6.11058e+03
     Coulomb-14        LJ (SR)  Disper. corr.   Coulomb (SR)   Coul. recip.
    7.59417e+04    1.35946e+05   -1.04986e+04   -1.29589e+06    8.08326e+03
 Position Rest.      Potential    Kinetic En.   Total Energy  Conserved En.
    1.77962e+03   -1.03162e+06    2.08094e+05   -8.23529e+05   -8.12452e+05
    Temperature Pres. DC (bar) Pressure (bar)   Constr. rmsd
    3.09765e+02   -2.19225e+02   -1.63415e+02    3.83537e-06

           Step           Time
         195000      390.00000

   Energies (kJ/mol)
           Bond          Angle    Proper Dih. Per. Imp. Dih.          LJ-14
    6.11793e+03    1.82033e+04    2.15641e+04    1.08493e+03    6.21919e+03
     Coulomb-14        LJ (SR)  Disper. corr.   Coulomb (SR)   Coul. recip.
    7.60701e+04    1.34044e+05   -1.05046e+04   -1.29465e+06    8.17235e+03
 Position Rest.      Potential    Kinetic En.   Total Energy  Conserved En.
    1.76986e+03   -1.03191e+06    2.09055e+05   -8.22851e+05   -8.12445e+05
    Temperature Pres. DC (bar) Pressure (bar)   Constr. rmsd
    3.11196e+02   -2.19474e+02   -1.90883e+02    3.83537e-06

           Step           Time
         200000      400.00000

   Energies (kJ/mol)
           Bond          Angle    Proper Dih. Per. Imp. Dih.          LJ-14
    5.84026e+03    1.88105e+04    2.13822e+04    9.62077e+02    6.38952e+03
     Coulomb-14        LJ (SR)  Disper. corr.   Coulomb (SR)   Coul. recip.
    7.57438e+04    1.36291e+05   -1.04887e+04   -1.29843e+06    8.15509e+03
 Position Rest.      Potential    Kinetic En.   Total Energy  Conserved En.
    1.80518e+03   -1.03354e+06    2.08873e+05   -8.24663e+05   -8.12448e+05
    Temperature Pres. DC (bar) Pressure (bar)   Constr. rmsd
    3.10925e+02   -2.18811e+02   -3.48948e+01    3.83537e-06

           Step           Time
         205000      410.00000

   Energies (kJ/mol)
           Bond          Angle    Proper Dih. Per. Imp. Dih.          LJ-14
    6.01378e+03    1.85643e+04    2.15486e+04    1.02920e+03    6.31968e+03
     Coulomb-14        LJ (SR)  Disper. corr.   Coulomb (SR)   Coul. recip.
    7.56399e+04    1.36219e+05   -1.04924e+04   -1.29778e+06    8.26728e+03
 Position Rest.      Potential    Kinetic En.   Total Energy  Conserved En.
    1.67632e+03   -1.03299e+06    2.08673e+05   -8.24317e+05   -8.12386e+05
    Temperature Pres. DC (bar) Pressure (bar)   Constr. rmsd
    3.10627e+02   -2.18965e+02    1.68166e+01    3.83537e-06

           Step           Time
         210000      420.00000

   Energies (kJ/mol)
           Bond          Angle    Proper Dih. Per. Imp. Dih.          LJ-14
    5.91079e+03    1.78913e+04    2.17217e+04    9.67103e+02    6.37780e+03
     Coulomb-14        LJ (SR)  Disper. corr.   Coulomb (SR)   Coul. recip.
    7.58542e+04    1.35934e+05   -1.04801e+04   -1.29691e+06    8.27080e+03
 Position Rest.      Potential    Kinetic En.   Total Energy  Conserved En.
    1.69000e+03   -1.03277e+06    2.06652e+05   -8.26117e+05   -8.12411e+05
    Temperature Pres. DC (bar) Pressure (bar)   Constr. rmsd
    3.07618e+02   -2.18452e+02    2.30251e+01    3.83537e-06

           Step           Time
         215000      430.00000

   Energies (kJ/mol)
           Bond          Angle    Proper Dih. Per. Imp. Dih.          LJ-14
    5.94327e+03    1.85399e+04    2.15846e+04    9.85341e+02    6.38260e+03
     Coulomb-14        LJ (SR)  Disper. corr.   Coulomb (SR)   Coul. recip.
    7.59752e+04    1.36409e+05   -1.04902e+04   -1.29612e+06    8.16690e+03
 Position Rest.      Potential    Kinetic En.   Total Energy  Conserved En.
    1.77218e+03   -1.03085e+06    2.08632e+05   -8.22218e+05   -8.12389e+05
    Temperature Pres. DC (bar) Pressure (bar)   Constr. rmsd
    3.10566e+02   -2.18875e+02    1.19340e+02    3.83537e-06

           Step           Time
         220000      440.00000

   Energies (kJ/mol)
           Bond          Angle    Proper Dih. Per. Imp. Dih.          LJ-14
    5.89263e+03    1.79184e+04    2.15308e+04    9.67589e+02    6.30467e+03
     Coulomb-14        LJ (SR)  Disper. corr.   Coulomb (SR)   Coul. recip.
    7.58326e+04    1.36211e+05   -1.04952e+04   -1.29899e+06    8.21768e+03
 Position Rest.      Potential    Kinetic En.   Total Energy  Conserved En.
    1.81211e+03   -1.03479e+06    2.08162e+05   -8.26633e+05   -8.12355e+05
    Temperature Pres. DC (bar) Pressure (bar)   Constr. rmsd
    3.09866e+02   -2.19080e+02   -4.49127e+01    3.83537e-06

           Step           Time
         225000      450.00000

   Energies (kJ/mol)
           Bond          Angle    Proper Dih. Per. Imp. Dih.          LJ-14
    5.93394e+03    1.81451e+04    2.15576e+04    1.02381e+03    6.28023e+03
     Coulomb-14        LJ (SR)  Disper. corr.   Coulomb (SR)   Coul. recip.
    7.60011e+04    1.36118e+05   -1.04883e+04   -1.29729e+06    8.03750e+03
 Position Rest.      Potential    Kinetic En.   Total Energy  Conserved En.
    1.76650e+03   -1.03292e+06    2.08988e+05   -8.23931e+05   -8.12322e+05
    Temperature Pres. DC (bar) Pressure (bar)   Constr. rmsd
    3.11096e+02   -2.18794e+02    4.27124e+01    3.83537e-06

           Step           Time
         230000      460.00000

   Energies (kJ/mol)
           Bond          Angle    Proper Dih. Per. Imp. Dih.          LJ-14
    6.00628e+03    1.84734e+04    2.15870e+04    1.00812e+03    6.23515e+03
     Coulomb-14        LJ (SR)  Disper. corr.   Coulomb (SR)   Coul. recip.
    7.56644e+04    1.37435e+05   -1.04992e+04   -1.29909e+06    8.26472e+03
 Position Rest.      Potential    Kinetic En.   Total Energy  Conserved En.
    1.74739e+03   -1.03317e+06    2.09553e+05   -8.23619e+05   -8.12330e+05
    Temperature Pres. DC (bar) Pressure (bar)   Constr. rmsd
    3.11938e+02   -2.19248e+02    4.07739e+01    3.83537e-06

           Step           Time
         235000      470.00000

   Energies (kJ/mol)
           Bond          Angle    Proper Dih. Per. Imp. Dih.          LJ-14
    6.19498e+03    1.82911e+04    2.12924e+04    1.02219e+03    6.19165e+03
     Coulomb-14        LJ (SR)  Disper. corr.   Coulomb (SR)   Coul. recip.
    7.56445e+04    1.38319e+05   -1.04854e+04   -1.30059e+06    7.99672e+03
 Position Rest.      Potential    Kinetic En.   Total Energy  Conserved En.
    1.79337e+03   -1.03433e+06    2.07029e+05   -8.27304e+05   -8.12278e+05
    Temperature Pres. DC (bar) Pressure (bar)   Constr. rmsd
    3.08180e+02   -2.18672e+02    1.14408e+02    3.83537e-06

           Step           Time
         240000      480.00000

   Energies (kJ/mol)
           Bond          Angle    Proper Dih. Per. Imp. Dih.          LJ-14
    6.21742e+03    1.82848e+04    2.15412e+04    9.77288e+02    6.27259e+03
     Coulomb-14        LJ (SR)  Disper. corr.   Coulomb (SR)   Coul. recip.
    7.58529e+04    1.35660e+05   -1.04977e+04   -1.29493e+06    8.21234e+03
 Position Rest.      Potential    Kinetic En.   Total Energy  Conserved En.
    1.71607e+03   -1.03069e+06    2.09694e+05   -8.20998e+05   -8.12262e+05
    Temperature Pres. DC (bar) Pressure (bar)   Constr. rmsd
    3.12147e+02   -2.19186e+02    1.29985e+01    3.83537e-06

           Step           Time
         245000      490.00000

   Energies (kJ/mol)
           Bond          Angle    Proper Dih. Per. Imp. Dih.          LJ-14
    5.84305e+03    1.83927e+04    2.13389e+04    1.04569e+03    6.28849e+03
     Coulomb-14        LJ (SR)  Disper. corr.   Coulomb (SR)   Coul. recip.
    7.57822e+04    1.36606e+05   -1.04881e+04   -1.29502e+06    8.27132e+03
 Position Rest.      Potential    Kinetic En.   Total Energy  Conserved En.
    1.84060e+03   -1.03010e+06    2.08379e+05   -8.21725e+05   -8.12300e+05
    Temperature Pres. DC (bar) Pressure (bar)   Constr. rmsd
    3.10190e+02   -2.18785e+02    2.18034e+02    3.83537e-06

           Step           Time
         250000      500.00000

   Energies (kJ/mol)
           Bond          Angle    Proper Dih. Per. Imp. Dih.          LJ-14
    6.09694e+03    1.83341e+04    2.14931e+04    9.92190e+02    6.19528e+03
     Coulomb-14        LJ (SR)  Disper. corr.   Coulomb (SR)   Coul. recip.
    7.57269e+04    1.38415e+05   -1.04980e+04   -1.30019e+06    8.14796e+03
 Position Rest.      Potential    Kinetic En.   Total Energy  Conserved En.
    1.82651e+03   -1.03346e+06    2.08243e+05   -8.25216e+05   -8.12177e+05
    Temperature Pres. DC (bar) Pressure (bar)   Constr. rmsd
    3.09987e+02   -2.19199e+02    5.48952e+01    3.83537e-06

           Step           Time
         255000      510.00000

   Energies (kJ/mol)
           Bond          Angle    Proper Dih. Per. Imp. Dih.          LJ-14
    5.84801e+03    1.84436e+04    2.14804e+04    9.90935e+02    6.32199e+03
     Coulomb-14        LJ (SR)  Disper. corr.   Coulomb (SR)   Coul. recip.
    7.61018e+04    1.35518e+05   -1.04845e+04   -1.29692e+06    8.18917e+03
 Position Rest.      Potential    Kinetic En.   Total Energy  Conserved En.
    1.79742e+03   -1.03272e+06    2.07780e+05   -8.24935e+05   -8.12178e+05
    Temperature Pres. DC (bar) Pressure (bar)   Constr. rmsd
    3.09298e+02   -2.18635e+02    2.58326e+01    3.83537e-06

           Step           Time
         260000      520.00000

   Energies (kJ/mol)
           Bond          Angle    Proper Dih. Per. Imp. Dih.          LJ-14
    6.03839e+03    1.80523e+04    2.14853e+04    9.92556e+02    6.25276e+03
     Coulomb-14        LJ (SR)  Disper. corr.   Coulomb (SR)   Coul. recip.
    7.58491e+04    1.37245e+05   -1.04882e+04   -1.29803e+06    8.06875e+03
 Position Rest.      Potential    Kinetic En.   Total Energy  Conserved En.
    1.78009e+03   -1.03275e+06    2.08259e+05   -8.24496e+05   -8.12191e+05
    Temperature Pres. DC (bar) Pressure (bar)   Constr. rmsd
    3.10010e+02   -2.18790e+02    2.09060e+01    3.83537e-06

           Step           Time
         265000      530.00000

   Energies (kJ/mol)
           Bond          Angle    Proper Dih. Per. Imp. Dih.          LJ-14
    6.05463e+03    1.81824e+04    2.16361e+04    9.85162e+02    6.13752e+03
     Coulomb-14        LJ (SR)  Disper. corr.   Coulomb (SR)   Coul. recip.
    7.56513e+04    1.37057e+05   -1.04962e+04   -1.29948e+06    8.12038e+03
 Position Rest.      Potential    Kinetic En.   Total Energy  Conserved En.
    1.71793e+03   -1.03444e+06    2.07592e+05   -8.26844e+05   -8.12114e+05
    Temperature Pres. DC (bar) Pressure (bar)   Constr. rmsd
    3.09018e+02   -2.19126e+02   -5.41097e+01    3.83537e-06

           Step           Time
         270000      540.00000

   Energies (kJ/mol)
           Bond          Angle    Proper Dih. Per. Imp. Dih.          LJ-14
    5.94586e+03    1.82697e+04    2.15891e+04    1.01720e+03    6.22741e+03
     Coulomb-14        LJ (SR)  Disper. corr.   Coulomb (SR)   Coul. recip.
    7.57441e+04    1.37593e+05   -1.04987e+04   -1.29939e+06    8.29639e+03
 Position Rest.      Potential    Kinetic En.   Total Energy  Conserved En.
    1.73942e+03   -1.03347e+06    2.08620e+05   -8.24852e+05   -8.12137e+05
    Temperature Pres. DC (bar) Pressure (bar)   Constr. rmsd
    3.10548e+02   -2.19227e+02    2.95984e+01    3.83537e-06

           Step           Time
         275000      550.00000

   Energies (kJ/mol)
           Bond          Angle    Proper Dih. Per. Imp. Dih.          LJ-14
    5.77439e+03    1.86537e+04    2.15093e+04    1.03031e+03    6.39488e+03
     Coulomb-14        LJ (SR)  Disper. corr.   Coulomb (SR)   Coul. recip.
    7.57081e+04    1.35493e+05   -1.05047e+04   -1.29754e+06    8.16349e+03
 Position Rest.      Potential    Kinetic En.   Total Energy  Conserved En.
    1.71765e+03   -1.03360e+06    2.08760e+05   -8.24839e+05   -8.12126e+05
    Temperature Pres. DC (bar) Pressure (bar)   Constr. rmsd
    3.10757e+02   -2.19478e+02    8.92687e+01    3.83537e-06

           Step           Time
         280000      560.00000

   Energies (kJ/mol)
           Bond          Angle    Proper Dih. Per. Imp. Dih.          LJ-14
    6.07010e+03    1.83853e+04    2.16435e+04    1.03059e+03    6.30165e+03
     Coulomb-14        LJ (SR)  Disper. corr.   Coulomb (SR)   Coul. recip.
    7.55408e+04    1.33573e+05   -1.04942e+04   -1.29423e+06    8.18164e+03
 Position Rest.      Potential    Kinetic En.   Total Energy  Conserved En.
    1.81477e+03   -1.03219e+06    2.08548e+05   -8.23639e+05   -8.12056e+05
    Temperature Pres. DC (bar) Pressure (bar)   Constr. rmsd
    3.10441e+02   -2.19039e+02   -1.09937e+02    3.83537e-06

           Step           Time
         285000      570.00000

   Energies (kJ/mol)
           Bond          Angle    Proper Dih. Per. Imp. Dih.          LJ-14
    5.87413e+03    1.85829e+04    2.15502e+04    9.83213e+02    6.17882e+03
     Coulomb-14        LJ (SR)  Disper. corr.   Coulomb (SR)   Coul. recip.
    7.56495e+04    1.35863e+05   -1.05042e+04   -1.29814e+06    8.40738e+03
 Position Rest.      Potential    Kinetic En.   Total Energy  Conserved En.
    1.73935e+03   -1.03382e+06    2.08331e+05   -8.25484e+05   -8.12011e+05
    Temperature Pres. DC (bar) Pressure (bar)   Constr. rmsd
    3.10119e+02   -2.19455e+02   -1.95099e+01    3.83537e-06

           Step           Time
         290000      580.00000

   Energies (kJ/mol)
           Bond          Angle    Proper Dih. Per. Imp. Dih.          LJ-14
    6.07759e+03    1.82488e+04    2.15733e+04    1.05210e+03    6.25471e+03
     Coulomb-14        LJ (SR)  Disper. corr.   Coulomb (SR)   Coul. recip.
    7.55865e+04    1.35717e+05   -1.05024e+04   -1.29663e+06    8.11367e+03
 Position Rest.      Potential    Kinetic En.   Total Energy  Conserved En.
    1.72428e+03   -1.03279e+06    2.10051e+05   -8.22736e+05   -8.12047e+05
    Temperature Pres. DC (bar) Pressure (bar)   Constr. rmsd
    3.12678e+02   -2.19383e+02   -3.54070e+01    3.83537e-06

           Step           Time
         295000      590.00000

   Energies (kJ/mol)
           Bond          Angle    Proper Dih. Per. Imp. Dih.          LJ-14
    5.61357e+03    1.86010e+04    2.15460e+04    9.60675e+02    6.34324e+03
     Coulomb-14        LJ (SR)  Disper. corr.   Coulomb (SR)   Coul. recip.
    7.56052e+04    1.34559e+05   -1.05068e+04   -1.29746e+06    8.08999e+03
 Position Rest.      Potential    Kinetic En.   Total Energy  Conserved En.
    1.75733e+03   -1.03489e+06    2.08190e+05   -8.26703e+05   -8.11991e+05
    Temperature Pres. DC (bar) Pressure (bar)   Constr. rmsd
    3.09909e+02   -2.19566e+02   -1.20449e+02    3.83537e-06

           Step           Time
         300000      600.00000

   Energies (kJ/mol)
           Bond          Angle    Proper Dih. Per. Imp. Dih.          LJ-14
    5.93672e+03    1.81150e+04    2.15518e+04    1.05075e+03    6.32102e+03
     Coulomb-14        LJ (SR)  Disper. corr.   Coulomb (SR)   Coul. recip.
    7.56580e+04    1.37370e+05   -1.04869e+04   -1.29950e+06    8.21949e+03
 Position Rest.      Potential    Kinetic En.   Total Energy  Conserved En.
    1.76329e+03   -1.03400e+06    2.09103e+05   -8.24896e+05   -8.11989e+05
    Temperature Pres. DC (bar) Pressure (bar)   Constr. rmsd
    3.11267e+02   -2.18736e+02    6.38265e+01    3.83537e-06

           Step           Time
         305000      610.00000

   Energies (kJ/mol)
           Bond          Angle    Proper Dih. Per. Imp. Dih.          LJ-14
    5.76586e+03    1.83890e+04    2.15341e+04    1.00549e+03    6.37617e+03
     Coulomb-14        LJ (SR)  Disper. corr.   Coulomb (SR)   Coul. recip.
    7.57555e+04    1.36761e+05   -1.04965e+04   -1.29745e+06    8.15196e+03
 Position Rest.      Potential    Kinetic En.   Total Energy  Conserved En.
    1.78103e+03   -1.03243e+06    2.08009e+05   -8.24416e+05   -8.12007e+05
    Temperature Pres. DC (bar) Pressure (bar)   Constr. rmsd
    3.09639e+02   -2.19137e+02    1.80490e+02    3.83537e-06

           Step           Time
         310000      620.00000

   Energies (kJ/mol)
           Bond          Angle    Proper Dih. Per. Imp. Dih.          LJ-14
    5.88211e+03    1.82098e+04    2.13359e+04    1.05545e+03    6.23229e+03
     Coulomb-14        LJ (SR)  Disper. corr.   Coulomb (SR)   Coul. recip.
    7.60715e+04    1.34980e+05   -1.04990e+04   -1.29708e+06    8.11985e+03
 Position Rest.      Potential    Kinetic En.   Total Energy  Conserved En.
    1.79765e+03   -1.03389e+06    2.07743e+05   -8.26149e+05   -8.11926e+05
    Temperature Pres. DC (bar) Pressure (bar)   Constr. rmsd
    3.09243e+02   -2.19242e+02   -8.80189e+01    3.83537e-06

           Step           Time
         315000      630.00000

   Energies (kJ/mol)
           Bond          Angle    Proper Dih. Per. Imp. Dih.          LJ-14
    6.01658e+03    1.79975e+04    2.14617e+04    9.68714e+02    6.33327e+03
     Coulomb-14        LJ (SR)  Disper. corr.   Coulomb (SR)   Coul. recip.
    7.57701e+04    1.35200e+05   -1.04972e+04   -1.29632e+06    8.17220e+03
 Position Rest.      Potential    Kinetic En.   Total Energy  Conserved En.
    1.73927e+03   -1.03316e+06    2.08635e+05   -8.24526e+05   -8.11920e+05
    Temperature Pres. DC (bar) Pressure (bar)   Constr. rmsd
    3.10571e+02   -2.19164e+02   -1.69015e+01    3.83537e-06

           Step           Time
         320000      640.00000

   Energies (kJ/mol)
           Bond          Angle    Proper Dih. Per. Imp. Dih.          LJ-14
    6.00471e+03    1.86377e+04    2.14309e+04    9.87154e+02    6.32966e+03
     Coulomb-14        LJ (SR)  Disper. corr.   Coulomb (SR)   Coul. recip.
    7.58716e+04    1.35868e+05   -1.05024e+04   -1.29673e+06    8.29813e+03
 Position Rest.      Potential    Kinetic En.   Total Energy  Conserved En.
    1.84927e+03   -1.03196e+06    2.09053e+05   -8.22903e+05   -8.11874e+05
    Temperature Pres. DC (bar) Pressure (bar)   Constr. rmsd
    3.11193e+02   -2.19384e+02    7.13502e+01    3.83537e-06

           Step           Time
         325000      650.00000

   Energies (kJ/mol)
           Bond          Angle    Proper Dih. Per. Imp. Dih.          LJ-14
    6.19020e+03    1.83571e+04    2.12096e+04    1.06746e+03    6.15807e+03
     Coulomb-14        LJ (SR)  Disper. corr.   Coulomb (SR)   Coul. recip.
    7.56976e+04    1.35234e+05   -1.05058e+04   -1.29654e+06    8.15989e+03
 Position Rest.      Potential    Kinetic En.   Total Energy  Conserved En.
    1.86872e+03   -1.03310e+06    2.07671e+05   -8.25433e+05   -8.11817e+05
    Temperature Pres. DC (bar) Pressure (bar)   Constr. rmsd
    3.09136e+02   -2.19523e+02   -1.41365e+02    3.83537e-06

           Step           Time
         330000      660.00000

   Energies (kJ/mol)
           Bond          Angle    Proper Dih. Per. Imp. Dih.          LJ-14
    5.89757e+03    1.82754e+04    2.15614e+04    9.89920e+02    6.31573e+03
     Coulomb-14        LJ (SR)  Disper. corr.   Coulomb (SR)   Coul. recip.
    7.57553e+04    1.35546e+05   -1.05092e+04   -1.29770e+06    8.19164e+03
 Position Rest.      Potential    Kinetic En.   Total Energy  Conserved En.
    1.80395e+03   -1.03387e+06    2.08875e+05   -8.24994e+05   -8.11842e+05
    Temperature Pres. DC (bar) Pressure (bar)   Constr. rmsd
    3.10927e+02   -2.19667e+02   -3.10357e+01    3.83537e-06

           Step           Time
         335000      670.00000

   Energies (kJ/mol)
           Bond          Angle    Proper Dih. Per. Imp. Dih.          LJ-14
    5.87558e+03    1.81347e+04    2.12073e+04    9.73390e+02    6.23864e+03
     Coulomb-14        LJ (SR)  Disper. corr.   Coulomb (SR)   Coul. recip.
    7.58011e+04    1.34110e+05   -1.04891e+04   -1.29565e+06    8.19747e+03
 Position Rest.      Potential    Kinetic En.   Total Energy  Conserved En.
    1.85415e+03   -1.03375e+06    2.08867e+05   -8.24879e+05   -8.11848e+05
    Temperature Pres. DC (bar) Pressure (bar)   Constr. rmsd
    3.10916e+02   -2.18827e+02   -4.87922e+01    3.83537e-06

           Step           Time
         340000      680.00000

   Energies (kJ/mol)
           Bond          Angle    Proper Dih. Per. Imp. Dih.          LJ-14
    5.96696e+03    1.81680e+04    2.14978e+04    1.03725e+03    6.33971e+03
     Coulomb-14        LJ (SR)  Disper. corr.   Coulomb (SR)   Coul. recip.
    7.57285e+04    1.36293e+05   -1.05102e+04   -1.29857e+06    8.04640e+03
 Position Rest.      Potential    Kinetic En.   Total Energy  Conserved En.
    1.81524e+03   -1.03419e+06    2.07419e+05   -8.26773e+05   -8.11767e+05
    Temperature Pres. DC (bar) Pressure (bar)   Constr. rmsd
    3.08760e+02   -2.19708e+02   -2.62617e+01    3.83537e-06

           Step           Time
         345000      690.00000

   Energies (kJ/mol)
           Bond          Angle    Proper Dih. Per. Imp. Dih.          LJ-14
    5.69792e+03    1.83687e+04    2.12648e+04    9.48068e+02    6.28190e+03
     Coulomb-14        LJ (SR)  Disper. corr.   Coulomb (SR)   Coul. recip.
    7.59581e+04    1.36891e+05   -1.05032e+04   -1.29773e+06    8.16513e+03
 Position Rest.      Potential    Kinetic En.   Total Energy  Conserved En.
    1.84593e+03   -1.03281e+06    2.08945e+05   -8.23864e+05   -8.11839e+05
    Temperature Pres. DC (bar) Pressure (bar)   Constr. rmsd
    3.11033e+02   -2.19415e+02    1.69886e+02    3.83537e-06

           Step           Time
         350000      700.00000

   Energies (kJ/mol)
           Bond          Angle    Proper Dih. Per. Imp. Dih.          LJ-14
    6.03096e+03    1.86551e+04    2.12855e+04    9.69354e+02    6.23517e+03
     Coulomb-14        LJ (SR)  Disper. corr.   Coulomb (SR)   Coul. recip.
    7.58265e+04    1.37340e+05   -1.05063e+04   -1.29787e+06    8.19367e+03
 Position Rest.      Potential    Kinetic En.   Total Energy  Conserved En.
    1.94091e+03   -1.03190e+06    2.10064e+05   -8.21837e+05   -8.11804e+05
    Temperature Pres. DC (bar) Pressure (bar)   Constr. rmsd
    3.12698e+02   -2.19545e+02    1.62721e+02    3.83537e-06

           Step           Time
         355000      710.00000

   Energies (kJ/mol)
           Bond          Angle    Proper Dih. Per. Imp. Dih.          LJ-14
    5.80832e+03    1.82739e+04    2.14062e+04    1.03268e+03    6.26671e+03
     Coulomb-14        LJ (SR)  Disper. corr.   Coulomb (SR)   Coul. recip.
    7.60185e+04    1.36345e+05   -1.05105e+04   -1.29977e+06    8.28883e+03
 Position Rest.      Potential    Kinetic En.   Total Energy  Conserved En.
    1.80442e+03   -1.03504e+06    2.09010e+05   -8.26029e+05   -8.11728e+05
    Temperature Pres. DC (bar) Pressure (bar)   Constr. rmsd
    3.11130e+02   -2.19718e+02    2.89537e+01    3.83537e-06

           Step           Time
         360000      720.00000

   Energies (kJ/mol)
           Bond          Angle    Proper Dih. Per. Imp. Dih.          LJ-14
    5.80620e+03    1.85903e+04    2.11391e+04    9.23673e+02    6.37018e+03
     Coulomb-14        LJ (SR)  Disper. corr.   Coulomb (SR)   Coul. recip.
    7.56075e+04    1.36144e+05   -1.05062e+04   -1.29836e+06    8.18074e+03
 Position Rest.      Potential    Kinetic En.   Total Energy  Conserved En.
    1.77825e+03   -1.03432e+06    2.08634e+05   -8.25688e+05   -8.11746e+05
    Temperature Pres. DC (bar) Pressure (bar)   Constr. rmsd
    3.10569e+02   -2.19540e+02    1.61907e+02    3.83537e-06

           Step           Time
         365000      730.00000

   Energies (kJ/mol)
           Bond          Angle    Proper Dih. Per. Imp. Dih.          LJ-14
    5.84681e+03    1.80957e+04    2.13344e+04    9.92944e+02    6.16970e+03
     Coulomb-14        LJ (SR)  Disper. corr.   Coulomb (SR)   Coul. recip.
    7.59540e+04    1.35722e+05   -1.04927e+04   -1.29785e+06    8.16336e+03
 Position Rest.      Potential    Kinetic En.   Total Energy  Conserved En.
    1.76737e+03   -1.03430e+06    2.07591e+05   -8.26706e+05   -8.11661e+05
    Temperature Pres. DC (bar) Pressure (bar)   Constr. rmsd
    3.09017e+02   -2.18979e+02   -1.78099e+01    3.83537e-06

           Step           Time
         370000      740.00000

   Energies (kJ/mol)
           Bond          Angle    Proper Dih. Per. Imp. Dih.          LJ-14
    5.92078e+03    1.79803e+04    2.14836e+04    1.05237e+03    6.41891e+03
     Coulomb-14        LJ (SR)  Disper. corr.   Coulomb (SR)   Coul. recip.
    7.56997e+04    1.35258e+05   -1.05198e+04   -1.29715e+06    7.93762e+03
 Position Rest.      Potential    Kinetic En.   Total Energy  Conserved En.
    1.76907e+03   -1.03414e+06    2.06976e+05   -8.27168e+05   -8.11684e+05
    Temperature Pres. DC (bar) Pressure (bar)   Constr. rmsd
    3.08101e+02   -2.20108e+02    8.56026e+01    3.83537e-06

           Step           Time
         375000      750.00000

   Energies (kJ/mol)
           Bond          Angle    Proper Dih. Per. Imp. Dih.          LJ-14
    5.94162e+03    1.85545e+04    2.14131e+04    1.06016e+03    6.45858e+03
     Coulomb-14        LJ (SR)  Disper. corr.   Coulomb (SR)   Coul. recip.
    7.57336e+04    1.38187e+05   -1.04986e+04   -1.29897e+06    8.08943e+03
 Position Rest.      Potential    Kinetic En.   Total Energy  Conserved En.
    1.80459e+03   -1.03223e+06    2.08401e+05   -8.23826e+05   -8.11644e+05
    Temperature Pres. DC (bar) Pressure (bar)   Constr. rmsd
    3.10223e+02   -2.19224e+02    2.78214e+02    3.83537e-06

           Step           Time
         380000      760.00000

   Energies (kJ/mol)
           Bond          Angle    Proper Dih. Per. Imp. Dih.          LJ-14
    6.02249e+03    1.86317e+04    2.12923e+04    9.87912e+02    6.25308e+03
     Coulomb-14        LJ (SR)  Disper. corr.   Coulomb (SR)   Coul. recip.
    7.54941e+04    1.34667e+05   -1.05013e+04   -1.29542e+06    8.13691e+03
 Position Rest.      Potential    Kinetic En.   Total Energy  Conserved En.
    1.81274e+03   -1.03263e+06    2.07518e+05   -8.25109e+05   -8.11575e+05
    Temperature Pres. DC (bar) Pressure (bar)   Constr. rmsd
    3.08907e+02   -2.19336e+02   -1.15556e+02    3.83537e-06

           Step           Time
         385000      770.00000

   Energies (kJ/mol)
           Bond          Angle    Proper Dih. Per. Imp. Dih.          LJ-14
    6.10918e+03    1.80715e+04    2.14025e+04    1.08333e+03    6.32303e+03
     Coulomb-14        LJ (SR)  Disper. corr.   Coulomb (SR)   Coul. recip.
    7.59439e+04    1.35704e+05   -1.05046e+04   -1.29715e+06    8.24105e+03
 Position Rest.      Potential    Kinetic En.   Total Energy  Conserved En.
    1.82562e+03   -1.03295e+06    2.08081e+05   -8.24865e+05   -8.11588e+05
    Temperature Pres. DC (bar) Pressure (bar)   Constr. rmsd
    3.09746e+02   -2.19474e+02   -3.05090e+01    3.83537e-06

           Step           Time
         390000      780.00000

   Energies (kJ/mol)
           Bond          Angle    Proper Dih. Per. Imp. Dih.          LJ-14
    5.97307e+03    1.81020e+04    2.15085e+04    1.00664e+03    6.38742e+03
     Coulomb-14        LJ (SR)  Disper. corr.   Coulomb (SR)   Coul. recip.
    7.59938e+04    1.34706e+05   -1.05122e+04   -1.29486e+06    8.11822e+03
 Position Rest.      Potential    Kinetic En.   Total Energy  Conserved En.
    1.81179e+03   -1.03177e+06    2.07474e+05   -8.24293e+05   -8.11588e+05
    Temperature Pres. DC (bar) Pressure (bar)   Constr. rmsd
    3.08843e+02   -2.19791e+02    1.42785e+02    3.83537e-06

           Step           Time
         395000      790.00000

   Energies (kJ/mol)
           Bond          Angle    Proper Dih. Per. Imp. Dih.          LJ-14
    6.21895e+03    1.82952e+04    2.12938e+04    1.00603e+03    6.26737e+03
     Coulomb-14        LJ (SR)  Disper. corr.   Coulomb (SR)   Coul. recip.
    7.60246e+04    1.36526e+05   -1.05126e+04   -1.29667e+06    8.23911e+03
 Position Rest.      Potential    Kinetic En.   Total Energy  Conserved En.
    1.79567e+03   -1.03152e+06    2.08880e+05   -8.22635e+05   -8.11538e+05
    Temperature Pres. DC (bar) Pressure (bar)   Constr. rmsd
    3.10936e+02   -2.19806e+02    2.33380e+01    3.83537e-06

           Step           Time
         400000      800.00000

   Energies (kJ/mol)
           Bond          Angle    Proper Dih. Per. Imp. Dih.          LJ-14
    5.97315e+03    1.80611e+04    2.16662e+04    1.01552e+03    6.25301e+03
     Coulomb-14        LJ (SR)  Disper. corr.   Coulomb (SR)   Coul. recip.
    7.59194e+04    1.35371e+05   -1.04851e+04   -1.29716e+06    8.04239e+03
 Position Rest.      Potential    Kinetic En.   Total Energy  Conserved En.
    1.90806e+03   -1.03343e+06    2.07339e+05   -8.26093e+05   -8.11482e+05
    Temperature Pres. DC (bar) Pressure (bar)   Constr. rmsd
    3.08642e+02   -2.18659e+02   -3.66357e+01    3.83537e-06

           Step           Time
         405000      810.00000

   Energies (kJ/mol)
           Bond          Angle    Proper Dih. Per. Imp. Dih.          LJ-14
    5.63526e+03    1.83061e+04    2.13688e+04    9.72118e+02    6.22857e+03
     Coulomb-14        LJ (SR)  Disper. corr.   Coulomb (SR)   Coul. recip.
    7.57121e+04    1.36238e+05   -1.04915e+04   -1.29749e+06    8.13490e+03
 Position Rest.      Potential    Kinetic En.   Total Energy  Conserved En.
    1.87786e+03   -1.03351e+06    2.06945e+05   -8.26562e+05   -8.11518e+05
    Temperature Pres. DC (bar) Pressure (bar)   Constr. rmsd
    3.08055e+02   -2.18929e+02    1.49936e+01    3.83537e-06

           Step           Time
         410000      820.00000

   Energies (kJ/mol)
           Bond          Angle    Proper Dih. Per. Imp. Dih.          LJ-14
    5.85941e+03    1.82873e+04    2.14116e+04    1.00670e+03    6.25586e+03
     Coulomb-14        LJ (SR)  Disper. corr.   Coulomb (SR)   Coul. recip.
    7.61025e+04    1.36935e+05   -1.04805e+04   -1.29881e+06    8.13818e+03
 Position Rest.      Potential    Kinetic En.   Total Energy  Conserved En.
    1.87404e+03   -1.03342e+06    2.08701e+05   -8.24719e+05   -8.11472e+05
    Temperature Pres. DC (bar) Pressure (bar)   Constr. rmsd
    3.10668e+02   -2.18468e+02   -1.13256e+01    3.83537e-06

           Step           Time
         415000      830.00000

   Energies (kJ/mol)
           Bond          Angle    Proper Dih. Per. Imp. Dih.          LJ-14
    5.67448e+03    1.79201e+04    2.13225e+04    1.02340e+03    6.35803e+03
     Coulomb-14        LJ (SR)  Disper. corr.   Coulomb (SR)   Coul. recip.
    7.60831e+04    1.36091e+05   -1.04880e+04   -1.29892e+06    8.20847e+03
 Position Rest.      Potential    Kinetic En.   Total Energy  Conserved En.
    1.75499e+03   -1.03497e+06    2.07146e+05   -8.27828e+05   -8.11421e+05
    Temperature Pres. DC (bar) Pressure (bar)   Constr. rmsd
    3.08354e+02   -2.18782e+02   -7.63260e+01    3.83537e-06

           Step           Time
         420000      840.00000

   Energies (kJ/mol)
           Bond          Angle    Proper Dih. Per. Imp. Dih.          LJ-14
    5.78501e+03    1.82504e+04    2.14144e+04    9.95194e+02    6.31790e+03
     Coulomb-14        LJ (SR)  Disper. corr.   Coulomb (SR)   Coul. recip.
    7.60992e+04    1.34770e+05   -1.04953e+04   -1.29792e+06    8.03153e+03
 Position Rest.      Potential    Kinetic En.   Total Energy  Conserved En.
    1.77431e+03   -1.03498e+06    2.08122e+05   -8.26856e+05   -8.11436e+05
    Temperature Pres. DC (bar) Pressure (bar)   Constr. rmsd
    3.09806e+02   -2.19085e+02   -3.07139e+00    3.83537e-06

           Step           Time
         425000      850.00000

   Energies (kJ/mol)
           Bond          Angle    Proper Dih. Per. Imp. Dih.          LJ-14
    5.84516e+03    1.83893e+04    2.15201e+04    1.01604e+03    6.22532e+03
     Coulomb-14        LJ (SR)  Disper. corr.   Coulomb (SR)   Coul. recip.
    7.61846e+04    1.35998e+05   -1.04955e+04   -1.29853e+06    8.09149e+03
 Position Rest.      Potential    Kinetic En.   Total Energy  Conserved En.
    1.70856e+03   -1.03405e+06    2.08316e+05   -8.25730e+05   -8.11414e+05
    Temperature Pres. DC (bar) Pressure (bar)   Constr. rmsd
    3.10096e+02   -2.19093e+02   -4.64290e+01    3.83537e-06

           Step           Time
         430000      860.00000

   Energies (kJ/mol)
           Bond          Angle    Proper Dih. Per. Imp. Dih.          LJ-14
    5.98307e+03    1.78853e+04    2.13003e+04    9.83113e+02    6.24755e+03
     Coulomb-14        LJ (SR)  Disper. corr.   Coulomb (SR)   Coul. recip.
    7.58406e+04    1.35101e+05   -1.04926e+04   -1.29728e+06    7.98510e+03
 Position Rest.      Potential    Kinetic En.   Total Energy  Conserved En.
    1.75566e+03   -1.03469e+06    2.08246e+05   -8.26441e+05   -8.11409e+05
    Temperature Pres. DC (bar) Pressure (bar)   Constr. rmsd
    3.09992e+02   -2.18975e+02   -4.36270e+01    3.83537e-06

           Step           Time
         435000      870.00000

   Energies (kJ/mol)
           Bond          Angle    Proper Dih. Per. Imp. Dih.          LJ-14
    6.02329e+03    1.84746e+04    2.15948e+04    1.02741e+03    6.17751e+03
     Coulomb-14        LJ (SR)  Disper. corr.   Coulomb (SR)   Coul. recip.
    7.59522e+04    1.35816e+05   -1.04995e+04   -1.29817e+06    8.37013e+03
 Position Rest.      Potential    Kinetic En.   Total Energy  Conserved En.
    1.78236e+03   -1.03345e+06    2.07259e+05   -8.26189e+05   -8.11242e+05
    Temperature Pres. DC (bar) Pressure (bar)   Constr. rmsd
    3.08522e+02   -2.19263e+02   -1.35662e+02    3.83537e-06

           Step           Time
         440000      880.00000

   Energies (kJ/mol)
           Bond          Angle    Proper Dih. Per. Imp. Dih.          LJ-14
    6.05165e+03    1.79286e+04    2.15553e+04    9.91058e+02    6.23640e+03
     Coulomb-14        LJ (SR)  Disper. corr.   Coulomb (SR)   Coul. recip.
    7.59502e+04    1.33821e+05   -1.05065e+04   -1.29590e+06    8.18148e+03
 Position Rest.      Potential    Kinetic En.   Total Energy  Conserved En.
    1.78510e+03   -1.03391e+06    2.06890e+05   -8.27020e+05   -8.11267e+05
    Temperature Pres. DC (bar) Pressure (bar)   Constr. rmsd
    3.07973e+02   -2.19552e+02   -2.03052e+02    3.83537e-06

           Step           Time
         445000      890.00000

   Energies (kJ/mol)
           Bond          Angle    Proper Dih. Per. Imp. Dih.          LJ-14
    5.91856e+03    1.84042e+04    2.13013e+04    9.46694e+02    6.21657e+03
     Coulomb-14        LJ (SR)  Disper. corr.   Coulomb (SR)   Coul. recip.
    7.61601e+04    1.35929e+05   -1.04951e+04   -1.29653e+06    8.26015e+03
 Position Rest.      Potential    Kinetic En.   Total Energy  Conserved En.
    1.72831e+03   -1.03216e+06    2.07788e+05   -8.24376e+05   -8.11309e+05
    Temperature Pres. DC (bar) Pressure (bar)   Constr. rmsd
    3.09310e+02   -2.19079e+02    3.11829e+01    3.83537e-06

           Step           Time
         450000      900.00000

   Energies (kJ/mol)
           Bond          Angle    Proper Dih. Per. Imp. Dih.          LJ-14
    5.99441e+03    1.78016e+04    2.14836e+04    9.69147e+02    6.35652e+03
     Coulomb-14        LJ (SR)  Disper. corr.   Coulomb (SR)   Coul. recip.
    7.60075e+04    1.36180e+05   -1.04907e+04   -1.29811e+06    8.25443e+03
 Position Rest.      Potential    Kinetic En.   Total Energy  Conserved En.
    1.79739e+03   -1.03375e+06    2.08493e+05   -8.25261e+05   -8.11256e+05
    Temperature Pres. DC (bar) Pressure (bar)   Constr. rmsd
    3.10359e+02   -2.18893e+02   -6.82975e+01    3.83537e-06

           Step           Time
         455000      910.00000

   Energies (kJ/mol)
           Bond          Angle    Proper Dih. Per. Imp. Dih.          LJ-14
    5.81942e+03    1.82360e+04    2.14466e+04    1.03666e+03    6.26312e+03
     Coulomb-14        LJ (SR)  Disper. corr.   Coulomb (SR)   Coul. recip.
    7.62537e+04    1.34910e+05   -1.05061e+04   -1.29676e+06    8.08040e+03
 Position Rest.      Potential    Kinetic En.   Total Energy  Conserved En.
    1.75002e+03   -1.03347e+06    2.06741e+05   -8.26733e+05   -8.11209e+05
    Temperature Pres. DC (bar) Pressure (bar)   Constr. rmsd
    3.07751e+02   -2.19539e+02   -2.83908e+01    3.83537e-06

           Step           Time
         460000      920.00000

   Energies (kJ/mol)
           Bond          Angle    Proper Dih. Per. Imp. Dih.          LJ-14
    6.09271e+03    1.77376e+04    2.13941e+04    1.00703e+03    6.36487e+03
     Coulomb-14        LJ (SR)  Disper. corr.   Coulomb (SR)   Coul. recip.
    7.62261e+04    1.37720e+05   -1.04979e+04   -1.29979e+06    8.10377e+03
 Position Rest.      Potential    Kinetic En.   Total Energy  Conserved En.
    1.85566e+03   -1.03378e+06    2.07907e+05   -8.25878e+05   -8.11265e+05
    Temperature Pres. DC (bar) Pressure (bar)   Constr. rmsd
    3.09487e+02   -2.19192e+02    9.16378e+01    3.83537e-06

           Step           Time
         465000      930.00000

   Energies (kJ/mol)
           Bond          Angle    Proper Dih. Per. Imp. Dih.          LJ-14
    5.91277e+03    1.80417e+04    2.12331e+04    1.02940e+03    6.35383e+03
     Coulomb-14        LJ (SR)  Disper. corr.   Coulomb (SR)   Coul. recip.
    7.60861e+04    1.36095e+05   -1.04954e+04   -1.29915e+06    8.17882e+03
 Position Rest.      Potential    Kinetic En.   Total Energy  Conserved En.
    1.81088e+03   -1.03491e+06    2.06997e+05   -8.27909e+05   -8.11212e+05
    Temperature Pres. DC (bar) Pressure (bar)   Constr. rmsd
    3.08133e+02   -2.19090e+02    9.96262e+01    3.83537e-06

           Step           Time
         470000      940.00000

   Energies (kJ/mol)
           Bond          Angle    Proper Dih. Per. Imp. Dih.          LJ-14
    5.94680e+03    1.82086e+04    2.15084e+04    1.11381e+03    6.15950e+03
     Coulomb-14        LJ (SR)  Disper. corr.   Coulomb (SR)   Coul. recip.
    7.62502e+04    1.35496e+05   -1.05029e+04   -1.29639e+06    8.16104e+03
 Position Rest.      Potential    Kinetic En.   Total Energy  Conserved En.
    1.83939e+03   -1.03221e+06    2.09134e+05   -8.23077e+05   -8.11171e+05
    Temperature Pres. DC (bar) Pressure (bar)   Constr. rmsd
    3.11314e+02   -2.19405e+02   -6.59390e+01    3.83537e-06

           Step           Time
         475000      950.00000

   Energies (kJ/mol)
           Bond          Angle    Proper Dih. Per. Imp. Dih.          LJ-14
    6.04105e+03    1.84066e+04    2.13106e+04    1.00458e+03    6.38996e+03
     Coulomb-14        LJ (SR)  Disper. corr.   Coulomb (SR)   Coul. recip.
    7.62715e+04    1.35629e+05   -1.04979e+04   -1.29609e+06    8.20014e+03
 Position Rest.      Potential    Kinetic En.   Total Energy  Conserved En.
    1.70984e+03   -1.03163e+06    2.07707e+05   -8.23919e+05   -8.11119e+05
    Temperature Pres. DC (bar) Pressure (bar)   Constr. rmsd
    3.09189e+02   -2.19194e+02    1.18247e+02    3.83537e-06

           Step           Time
         480000      960.00000

   Energies (kJ/mol)
           Bond          Angle    Proper Dih. Per. Imp. Dih.          LJ-14
    6.39602e+03    1.83188e+04    2.12876e+04    1.02425e+03    6.16113e+03
     Coulomb-14        LJ (SR)  Disper. corr.   Coulomb (SR)   Coul. recip.
    7.60975e+04    1.37906e+05   -1.04936e+04   -1.29979e+06    8.23021e+03
 Position Rest.      Potential    Kinetic En.   Total Energy  Conserved En.
    1.84835e+03   -1.03302e+06    2.08453e+05   -8.24564e+05   -8.11072e+05
    Temperature Pres. DC (bar) Pressure (bar)   Constr. rmsd
    3.10300e+02   -2.19014e+02    7.09038e+01    3.83537e-06

           Step           Time
         485000      970.00000

   Energies (kJ/mol)
           Bond          Angle    Proper Dih. Per. Imp. Dih.          LJ-14
    5.98018e+03    1.79014e+04    2.16663e+04    9.75195e+02    6.26761e+03
     Coulomb-14        LJ (SR)  Disper. corr.   Coulomb (SR)   Coul. recip.
    7.62969e+04    1.36307e+05   -1.04904e+04   -1.29922e+06    8.17430e+03
 Position Rest.      Potential    Kinetic En.   Total Energy  Conserved En.
    1.74505e+03   -1.03440e+06    2.08696e+05   -8.25701e+05   -8.11116e+05
    Temperature Pres. DC (bar) Pressure (bar)   Constr. rmsd
    3.10661e+02   -2.18881e+02   -3.34031e+01    3.83537e-06

           Step           Time
         490000      980.00000

   Energies (kJ/mol)
           Bond          Angle    Proper Dih. Per. Imp. Dih.          LJ-14
    5.94054e+03    1.81614e+04    2.12785e+04    9.38971e+02    6.31374e+03
     Coulomb-14        LJ (SR)  Disper. corr.   Coulomb (SR)   Coul. recip.
    7.62710e+04    1.35776e+05   -1.04933e+04   -1.29776e+06    8.29742e+03
 Position Rest.      Potential    Kinetic En.   Total Energy  Conserved En.
    1.77969e+03   -1.03350e+06    2.08216e+05   -8.25284e+05   -8.11048e+05
    Temperature Pres. DC (bar) Pressure (bar)   Constr. rmsd
    3.09947e+02   -2.19001e+02   -4.45800e+00    3.83537e-06

           Step           Time
         495000      990.00000

   Energies (kJ/mol)
           Bond          Angle    Proper Dih. Per. Imp. Dih.          LJ-14
    6.09922e+03    1.79312e+04    2.12833e+04    1.00504e+03    6.25247e+03
     Coulomb-14        LJ (SR)  Disper. corr.   Coulomb (SR)   Coul. recip.
    7.62785e+04    1.36071e+05   -1.04899e+04   -1.29817e+06    8.15536e+03
 Position Rest.      Potential    Kinetic En.   Total Energy  Conserved En.
    1.79582e+03   -1.03379e+06    2.08188e+05   -8.25604e+05   -8.11025e+05
    Temperature Pres. DC (bar) Pressure (bar)   Constr. rmsd
    3.09905e+02   -2.18862e+02    4.55157e+01    3.83537e-06

           Step           Time
         500000     1000.00000

Writing checkpoint, step 500000 at Wed Apr 29 12:11:43 2026


   Energies (kJ/mol)
           Bond          Angle    Proper Dih. Per. Imp. Dih.          LJ-14
    6.12554e+03    1.81600e+04    2.15366e+04    1.07454e+03    6.19592e+03
     Coulomb-14        LJ (SR)  Disper. corr.   Coulomb (SR)   Coul. recip.
    7.60047e+04    1.35358e+05   -1.04903e+04   -1.29642e+06    8.19948e+03
 Position Rest.      Potential    Kinetic En.   Total Energy  Conserved En.
    1.81138e+03   -1.03245e+06    2.08784e+05   -8.23662e+05   -8.10970e+05
    Temperature Pres. DC (bar) Pressure (bar)   Constr. rmsd
    3.10793e+02   -2.18877e+02   -1.35644e+02    3.83537e-06


Energy conservation over simulation part #1 of length 1000 ps, time 0 to 1000 ps
  Conserved energy drift: 3.30e-05 kJ/mol/ps per atom


	<======  ###############  ==>
	<====  A V E R A G E S  ====>
	<==  ###############  ======>

	Statistics over 500001 steps using 5001 frames

   Energies (kJ/mol)
           Bond          Angle    Proper Dih. Per. Imp. Dih.          LJ-14
    5.96355e+03    1.83732e+04    2.15958e+04    1.02987e+03    6.26429e+03
     Coulomb-14        LJ (SR)  Disper. corr.   Coulomb (SR)   Coul. recip.
    7.57377e+04    1.36070e+05   -1.04964e+04   -1.29707e+06    8.20922e+03
 Position Rest.      Potential    Kinetic En.   Total Energy  Conserved En.
    1.76436e+03   -1.03256e+06    2.08230e+05   -8.24331e+05   -8.12207e+05
    Temperature Pres. DC (bar) Pressure (bar)   Constr. rmsd
    3.09967e+02   -2.19133e+02    9.83352e-01    0.00000e+00

          Box-X          Box-Y          Box-Z
    1.04042e+01    1.04042e+01    7.35686e+00

   Total Virial (kJ/mol)
    6.93782e+04   -9.73186e+01   -1.26039e+02
   -9.73194e+01    6.93578e+04   -4.76575e+02
   -1.26038e+02   -4.76576e+02    6.94234e+04

   Pressure (bar)
   -6.66146e-01    4.35598e+00    5.61684e+00
    4.35601e+00    1.84277e+00    1.98998e+01
    5.61683e+00    1.98999e+01    1.77343e+00

  T-Protein_PDLT-Water_and_ions
    3.10067e+02    3.09955e+02


	M E G A - F L O P S   A C C O U N T I N G

 NB=Group-cutoff nonbonded kernels    NxN=N-by-N cluster Verlet kernels
 RF=Reaction-Field  VdW=Van der Waals  QSTab=quadratic-spline table
 W3=SPC/TIP3p  W4=TIP4p (single or pairs)
 V&F=Potential and force  V=Potential only  F=Force only

 Computing:                               M-Number         M-Flops  % Flops
-----------------------------------------------------------------------------
 Pair Search distance check           37180.980272      334628.822     0.0
 NxN Ewald Elec. + LJ [F]          38704156.204032  2554474309.466    98.2
 NxN Ewald Elec. + LJ [V&F]          391029.298624    41840134.953     1.6
 1,4 nonbonded interactions            9127.518255      821476.643     0.0
 Shift-X                                394.843953        2369.064     0.0
 Bonds                                 1834.003668      108206.216     0.0
 Angles                                6349.012698     1066634.133     0.0
 Propers                               9793.519587     2242715.985     0.1
 Impropers                              723.501447      150488.301     0.0
 Pos. Restr.                            232.500465       11625.023     0.0
 Virial                                 395.068998        7111.242     0.0
 P-Coupling                             394.843953        2369.064     0.0
 Calc-Ekin                             7895.457906      213177.363     0.0
 Lincs                                    0.006790           0.407     0.0
 Lincs-Mat                                0.035256           0.141     0.0
 Constraint-V                             0.078661           0.708     0.0
 Settle                                   0.047914          17.728     0.0
-----------------------------------------------------------------------------
 Total                                              2601275265.261   100.0
-----------------------------------------------------------------------------


      R E A L   C Y C L E   A N D   T I M E   A C C O U N T I N G

On 1 MPI rank, each using 32 OpenMP threads

 Activity:              Num   Num      Call    Wall time         Giga-Cycles
                        Ranks Threads  Count      (s)         total sum    %
--------------------------------------------------------------------------------
 Neighbor search           1   32       5001      32.534       2492.925   4.4
 Launch PP GPU ops.        1   32     995001      41.593       3187.058   5.6
 Force                     1   32     500001     362.871      27805.165  49.3
 PME GPU mesh              1   32     500001      31.190       2389.921   4.2
 Wait GPU NB local         1   32     500001       4.680        358.630   0.6
 Wait GPU state copy       1   32     610001     181.886      13937.114  24.7
 NB X/F buffer ops.        1   32       5001       4.693        359.579   0.6
 Write traj.               1   32        101       1.563        119.741   0.2
 Constraints               1   32          2       0.001          0.052   0.0
 Rest                                             75.324       5771.721  10.2
--------------------------------------------------------------------------------
 Total                                           736.333      56421.906 100.0
--------------------------------------------------------------------------------
 Breakdown of PME mesh activities
--------------------------------------------------------------------------------
 Wait PME GPU gather       1   32     500001       0.095          7.264   0.0
 Reduce GPU PME F          1   32     500001       0.613         46.999   0.1
 Launch PME GPU ops.       1   32    4500009      29.237       2240.326   4.0
--------------------------------------------------------------------------------

               Core t (s)   Wall t (s)        (%)
       Time:    23562.225      736.333     3199.9
                 (ns/day)    (hour/ns)
Performance:      117.338        0.205
Finished mdrun on rank 0 Wed Apr 29 12:11:44 2026

