============================================================================
| ACPYPE: AnteChamber PYthon Parser interfacE v. 2023.10.27 (c) 2026 AWSdS |
============================================================================
DEBUG: CLI: -i ERG.pdb -n 0 -d
DEBUG: Python Version 3.12.14 | packaged by conda-forge | (main, Aug 21 2026, 22:48:28) [GCC 14.4.0]
DEBUG: Max execution time tolerance is 3h
DEBUG: setResNameCheckCoords done
DEBUG: Net charge drift '0.000000'
==> ... charge set to 0
==> ... converting pdb input file to mol2 input file
DEBUG: /usr/local/bin/obabel -ipdb ERG.pdb -omol2 -O ERG.mol2
==> * Babel OK *
==> Executing Antechamber...
DEBUG: /usr/local/bin/antechamber -dr no -i ERG.mol2 -fi mol2 -o ERG_bcc_gaff2.mol2 -fo mol2 -c bcc -nc 0 -m 1 -s 2 -df 2 -at gaff2 -pf n 
DEBUG: No file left to be removed
==> * Antechamber OK *
DEBUG: /usr/local/bin/parmchk2 -i ERG_bcc_gaff2.mol2 -f mol2 -o ERG_AC.frcmod -s 2
==> * Parmchk OK *
DEBUG: No crd or prm files left to be removed
==> Executing Tleap...
DEBUG: /usr/local/bin/tleap -f tleap.in
DEBUG: ++++++++++start_quote+++++++++++++++++++++++++++++++++++++++++++++++++++++++++++
DEBUG: Checking 'ERG'....
Checking parameters for unit 'ERG'.
Checking for bond parameters.
Checking for angle parameters.
Unit is OK.
DEBUG: ++++++++++end_quote+++++++++++++++++++++++++++++++++++++++++++++++++++++++++++++
==> * Tleap OK *
DEBUG: prmtop and inpcrd files loaded
DEBUG: basename defined = 'ERG'
DEBUG: getCoords done
DEBUG: getABCOEFs done
DEBUG: charge to be balanced: total -0.0029980051
DEBUG: balanceCharges done
DEBUG: Balanced TotalCharge 0.0000000000
DEBUG: PBC = None
DEBUG: getAtoms done
DEBUG: getBonds done
DEBUG: getAngles done
DEBUG: getDihedrals done
==> Using OpenBabel v.3.2.1

==> Writing NEW PDB file

==> Writing CNS/XPLOR files

DEBUG: chiralGroups 5
==> Writing GROMACS files

==> Disambiguating lower and uppercase atomtypes in GMX top file, even if identical.

DEBUG: writing GRO file
DEBUG: Box size estimated
DEBUG: writing POSRE file
DEBUG: atomTypes 22
DEBUG: GMX atomtypes done
DEBUG: atoms 78
DEBUG: GMX atoms done
DEBUG: bonds 85
DEBUG: GMX bonds done
DEBUG: atomPairs 225
DEBUG: GMX pairs done
DEBUG: angles 158
DEBUG: GMX angles done
DEBUG: setProperDihedralsCoef done
DEBUG: properDihedralsCoefRB 255
DEBUG: properDihedralsAlphaGamma 0
DEBUG: properDihedralsGmx45 306
==> Writing GMX dihedrals for GMX 4.5 and higher.

DEBUG: GMX special proper dihedrals done
DEBUG: improperDihedrals 23
DEBUG: GMX improper dihedrals done
==> Writing CHARMM files

DEBUG: /usr/local/bin/antechamber -dr no -i ERG_bcc_gaff2.mol2 -fi mol2 -o ERG_CHARMM -fo charmm -s 2 -at gaff2 -pf n -rn ERG
DEBUG: ++++++++++start_quote+++++++++++++++++++++++++++++++++++++++++++++++++++++++++++
DEBUG: Info: The atom type is set to gaff2; the options available to the -at flag are
 gaff, gaff2, amber, bcc, abcg2, and sybyl.

Info: Ignoring Mol2 record type (@<TRIPOS>SUBSTRUCTURE).
Info: Finished reading file (ERG_bcc_gaff2.mol2); atoms read (78), bonds read (85).
Info: Determining atomic numbers from atomic symbols which are case sensitive.
Running: /usr/local/bin/bondtype -j full -i ANTECHAMBER_BOND_TYPE.AC0 -o ANTECHAMBER_BOND_TYPE.AC -f ac

Running: /usr/local/bin/atomtype -i ANTECHAMBER_AC.AC0 -o ANTECHAMBER_AC.AC -p gaff2

Running: /usr/local/bin/atomtype -i ANTECHAMBER_PREP.AC0 -o ANTECHAMBER_PREP.AC -p gaff2

Running: /usr/local/bin/charmmgen -i ANTECHAMBER_PREP.AC -f ac -o ERG_CHARMM -r ERG

DEBUG: ++++++++++end_quote+++++++++++++++++++++++++++++++++++++++++++++++++++++++++++++
==> Writing pickle file ERG.pkl
Total time of execution: 9m 3s
DEBUG: Keeping folder '/host_pwd/ligand/.acpype_tmp_ERG' for possible helping debugging
