            --------------------------------------------------------
                             AMBER SQM VERSION 19
 
                                     By
              Ross C. Walker, Michael F. Crowley, Scott Brozell,
                         Tim Giese, Andreas W. Goetz,
                        Tai-Sung Lee and David A. Case
 
            --------------------------------------------------------
 

--------------------------------------------------------------------------------
  QM CALCULATION INFO
--------------------------------------------------------------------------------

| QMMM: Citation for AMBER QMMM Run:
| QMMM: R.C. Walker, M.F. Crowley and D.A. Case, J. COMP. CHEM. 29:1019, 2008

QMMM: SINGLET STATE CALCULATION
QMMM: RHF CALCULATION, NO. OF DOUBLY OCCUPIED LEVELS =111

| QMMM: *** Selected Hamiltonian *** 
| QMMM: AM1         

| QMMM: *** Parameter sets in use ***
| QMMM: C : M.J.S.DEWAR et al. JACS, 107, 3902, (1985)
| QMMM: O : M.J.S.DEWAR et al. JACS, 107, 3902, (1985)
| QMMM: N : M.J.S.DEWAR et al. JACS, 107, 3902, (1985)
| QMMM: H : M.J.S.DEWAR et al. JACS, 107, 3902, (1985)

| QMMM: *** SCF convergence criteria ***
| QMMM: Energy change                :  0.1D-09 kcal/mol
| QMMM: Error matrix |FP-PF|         :  0.1D+00 au
| QMMM: Density matrix change        :  0.5D-06
| QMMM: Maximum number of SCF cycles :     1000

| QMMM: *** Diagonalization Routine Information ***
| QMMM: Pseudo diagonalizations are allowed.
| QMMM: Auto diagonalization routine selection is in use.
| QMMM:
| QMMM: Timing diagonalization routines:
| QMMM:                              norbs =      207
| QMMM:    diag iterations used for timing =        4
| QMMM:
| QMMM:              Internal diag routine = 0.151951 seconds
| QMMM:                 Dspev diag routine = 0.432079 seconds
| QMMM:                Dspevd diag routine = 0.100568 seconds
| QMMM:                Dspevx diag routine = 0.330317 seconds
| QMMM:                 Dsyev diag routine = 0.121011 seconds
| QMMM:                Dsyevd diag routine = 0.032646 seconds
| QMMM:                Dsyevr diag routine = 0.049789 seconds
| QMMM:
| QMMM:                Pseudo diag routine = 0.065442 seconds
| QMMM: Pseudo diagonalization appears to be slower than regular
| QMMM: diagonalization. Setting pseudo_diag=0 for optimum performance.
| QMMM:
| QMMM: Using dsyevd routine (diag_routine=6).

  QMMM: QM Region Cartesian Coordinates (*=link atom) 
  QMMM: QM_NO.   MM_NO.  ATOM         X         Y         Z
  QMMM:     1        1      C       -6.3180   19.7970   -1.8560
  QMMM:     2        2      C       -6.6420   20.4890   -3.1720
  QMMM:     3        3      O       -7.3410   20.0760   -0.8890
  QMMM:     4        4      C       -7.6400   18.8710   -0.2100
  QMMM:     5        5      C       -9.1430   18.7330    0.0830
  QMMM:     6        6      C       -9.7240   19.6100    1.1910
  QMMM:     7        7      C      -11.0040   18.8560    1.5590
  QMMM:     8        8      C      -10.5880   17.3900    1.4730
  QMMM:     9        9      N       -9.5080   17.3820    0.5060
  QMMM:    10       10      C       -8.8370   16.2370    0.1240
  QMMM:    11       11      O       -9.2220   15.1270    0.4930
  QMMM:    12       12      C       -7.5540   16.4200   -0.7520
  QMMM:    13       13      N       -7.2600   17.8190   -1.0820
  QMMM:    14       14      C       -6.3810   18.2730   -2.0270
  QMMM:    15       15      O       -5.7180   17.5980   -2.7970
  QMMM:    16       16      C       -4.5730   21.4480   -1.2100
  QMMM:    17       17      O       -5.2650   22.4290   -1.4680
  QMMM:    18       18      N       -5.0230   20.1540   -1.3170
  QMMM:    19       19      H       -4.3410   19.4040   -1.2610
  QMMM:    20       20      C       -0.8930   22.8070    0.9590
  QMMM:    21       21      N       -1.8660   21.8440    1.4780
  QMMM:    22       22      C       -3.1660   21.9850    0.7940
  QMMM:    23       23      C       -3.1360   21.6000   -0.6980
  QMMM:    24       24      C       -2.3480   20.3360   -0.9520
  QMMM:    25       25      C       -1.5990   19.7580    0.0080
  QMMM:    26       26      C       -0.9620   18.4340   -0.2060
  QMMM:    27       27      C       -1.2420   17.4850   -1.2000
  QMMM:    28       28      C       -0.5770   16.2500   -1.2230
  QMMM:    29       29      C        0.3830   15.9090   -0.2600
  QMMM:    30       30      C        0.6500   16.8610    0.7270
  QMMM:    31       31      N        1.5080   16.8540    1.8050
  QMMM:    32       32      C        1.4260   18.0480    2.4900
  QMMM:    33       33      C        0.4960   18.8300    1.8450
  QMMM:    34       34      C        0.0040   18.0860    0.7490
  QMMM:    35       35      C        0.0080   20.2170    2.0670
  QMMM:    36       36      C       -1.4100   20.4210    1.4110
  QMMM:    37       37      H        2.1170   16.0860    2.0500
  QMMM:    38       38      O       -6.8300   18.7760    0.9380
  QMMM:    39       39      H       -7.3880   18.3320    1.5960
  QMMM:    40       40      C       -6.3550   15.7530   -0.0410
  QMMM:    41       41      C       -5.6700   14.7130   -0.8990
  QMMM:    42       42      C       -6.3750   13.5850   -1.3390
  QMMM:    43       43      C       -5.7440   12.6150   -2.1180
  QMMM:    44       44      C       -4.4020   12.7610   -2.4620
  QMMM:    45       45      C       -3.6900   13.8760   -2.0230
  QMMM:    46       46      C       -4.3190   14.8470   -1.2440
  QMMM:    47       47      H       -5.8740   20.2750   -3.8860
  QMMM:    48       48      H       -6.6990   21.5460   -3.0150
  QMMM:    49       49      H       -7.5810   20.1330   -3.5410
  QMMM:    50       50      H       -9.5420   19.0320   -0.8640
  QMMM:    51       51      H       -9.9420   20.5940    0.8330
  QMMM:    52       52      H       -9.0590   19.7580    2.0160
  QMMM:    53       53      H      -11.7890   19.0730    0.8650
  QMMM:    54       54      H      -11.3860   19.1260    2.5210
  QMMM:    55       55      H      -11.4030   16.7840    1.1370
  QMMM:    56       56      H      -10.2920   16.9920    2.4210
  QMMM:    57       57      H       -7.7380   15.9420   -1.6910
  QMMM:    58       58      H       -1.2920   23.7970    1.0420
  QMMM:    59       59      H       -0.6890   22.5890   -0.0690
  QMMM:    60       60      H        0.0130   22.7390    1.5250
  QMMM:    61       61      H       -3.4780   23.0060    0.8720
  QMMM:    62       62      H       -3.8430   21.3090    1.2740
  QMMM:    63       63      H       -2.6390   22.3840   -1.2300
  QMMM:    64       64      H       -2.3840   19.9030   -1.8880
  QMMM:    65       65      H       -1.9460   17.6980   -1.9240
  QMMM:    66       66      H       -0.8010   15.5740   -1.9700
  QMMM:    67       67      H        0.8690   14.9990   -0.2790
  QMMM:    68       68      H        1.9640   18.3070    3.3320
  QMMM:    69       69      H        0.7000   20.9070    1.6300
  QMMM:    70       70      H       -0.0730   20.3890    3.1200
  QMMM:    71       71      H       -2.0800   19.8590    2.0280
  QMMM:    72       72      H       -6.7070   15.2810    0.8530
  QMMM:    73       73      H       -5.6390   16.5190    0.1700
  QMMM:    74       74      H       -7.3690   13.4710   -1.0850
  QMMM:    75       75      H       -6.2720   11.7890   -2.4400
  QMMM:    76       76      H       -3.9360   12.0450   -3.0410
  QMMM:    77       77      H       -2.6950   13.9830   -2.2750
  QMMM:    78       78      H       -3.7860   15.6690   -0.9200

--------------------------------------------------------------------------------
  RESULTS
--------------------------------------------------------------------------------

      iter         sqm energy              rms gradient
      ----    -------------------    -----------------------
xmin    10      -49.5072 kcal/mol        0.7540 kcal/(mol*A)
xmin    20      -50.2499 kcal/mol        0.1300 kcal/(mol*A)
xmin    30      -50.5450 kcal/mol        0.1985 kcal/(mol*A)
xmin    40      -50.8413 kcal/mol        0.4318 kcal/(mol*A)
xmin    50      -51.0795 kcal/mol        0.2303 kcal/(mol*A)
xmin    60      -51.3080 kcal/mol        0.2055 kcal/(mol*A)
xmin    70      -51.6049 kcal/mol        0.2005 kcal/(mol*A)
xmin    80      -51.6372 kcal/mol        0.0502 kcal/(mol*A)
xmin    90      -51.6542 kcal/mol        0.0241 kcal/(mol*A)
xmin   100      -51.6561 kcal/mol        0.0186 kcal/(mol*A)
xmin   110      -51.6648 kcal/mol        0.0209 kcal/(mol*A)
xmin   120      -51.6704 kcal/mol        0.0318 kcal/(mol*A)
xmin   130      -51.6808 kcal/mol        0.0397 kcal/(mol*A)
xmin   140      -51.6981 kcal/mol        0.0748 kcal/(mol*A)
xmin   150      -51.7109 kcal/mol        0.0412 kcal/(mol*A)
xmin   160      -51.7215 kcal/mol        0.0228 kcal/(mol*A)
xmin   170      -51.7237 kcal/mol        0.0179 kcal/(mol*A)
xmin   180      -51.7243 kcal/mol        0.0133 kcal/(mol*A)
xmin   190      -51.7247 kcal/mol        0.0042 kcal/(mol*A)
xmin   200      -51.7248 kcal/mol        0.0020 kcal/(mol*A)
xmin   210      -51.7248 kcal/mol        0.0012 kcal/(mol*A)
xmin   220      -51.7248 kcal/mol        0.0008 kcal/(mol*A)
xmin   230      -51.7248 kcal/mol        0.0010 kcal/(mol*A)
xmin   240      -51.7248 kcal/mol        0.0008 kcal/(mol*A)
  ... geometry converged !
 
 Final MO eigenvalues (eV):
 -42.7101  -41.9502  -40.9120  -40.3166  -39.7179  -39.0738  -38.9211  -38.0984
 -37.4579  -37.3540  -36.3366  -35.3910  -35.0424  -34.3891  -33.6237  -32.7197
 -31.8489  -31.3967  -31.0011  -30.6185  -30.4325  -30.0301  -29.6999  -28.0294
 -27.1764  -26.4469  -26.1297  -24.8694  -24.5759  -24.2301  -23.6414  -23.2002
 -22.9517  -22.5970  -22.1591  -22.0017  -21.7710  -21.2061  -20.5191  -19.9814
 -19.4602  -18.9525  -18.8037  -18.4140  -18.2719  -18.0288  -17.6191  -17.5501
 -17.3342  -17.1122  -17.0050  -16.7785  -16.6909  -16.4990  -16.2277  -16.1670
 -15.9540  -15.8564  -15.7755  -15.4719  -15.3769  -15.3246  -15.2894  -15.0174
 -14.8923  -14.8258  -14.6357  -14.6244  -14.5264  -14.4840  -14.3102  -14.2194
 -14.0790  -14.0230  -13.9400  -13.9004  -13.6461  -13.4430  -13.4307  -13.3614
 -13.3379  -13.1967  -13.1382  -13.0963  -13.0137  -12.9718  -12.8136  -12.7895
 -12.4976  -12.4717  -12.2907  -12.2465  -12.1755  -11.9990  -11.9560  -11.8266
 -11.7347  -11.6334  -11.5722  -11.2365  -11.0275  -10.8793  -10.5701  -10.3068
  -9.9390   -9.6145   -9.6066   -9.3855   -9.3028   -9.0089   -8.3292   -0.3291
   0.3979    0.5338    0.6184    0.7636    0.8192    0.9067    1.0575    1.1186
   1.3783    1.6195    1.7271    1.9084    2.0632    2.3670    2.6819    2.7012
   2.7420    2.8674    2.9525    2.9835    3.0767    3.2177    3.2603    3.3547
   3.3985    3.4375    3.4841    3.5175    3.6548    3.6797    3.7010    3.7355
   3.7762    3.8032    3.8140    3.8920    3.9060    3.9442    3.9824    4.0581
   4.0858    4.1044    4.1297    4.1730    4.1911    4.1949    4.2065    4.2567
   4.2894    4.3219    4.3263    4.3376    4.3486    4.3741    4.4055    4.4660
   4.5173    4.5395    4.5669    4.6063    4.6585    4.6644    4.6844    4.7361
   4.7546    4.7949    4.8577    4.8655    4.9325    4.9665    5.0097    5.0823
   5.1336    5.1804    5.2256    5.2407    5.3568    5.4939    5.5904    5.6126
   5.6409    5.6572    5.7270    5.7580    5.8126    5.8733    5.9722    5.9980
   6.0984    6.1476    6.1504    6.3631    6.4730    6.6167    6.8407

 Heat of formation   =        -51.72484808 kcal/mol  (       -2.24295772 eV)

 Total SCF energy    =    -169304.78475426 kcal/mol  (    -7341.60638109 eV)
 Electronic energy   =   -1783832.13547926 kcal/mol  (   -77352.76594594 eV)
 Core-core repulsion =    1614527.35072500 kcal/mol  (    70011.15956485 eV)
 
    Atomic Charges for Step       1 :
  Atom    Element       Mulliken Charge
     1      C                  0.192
     2      C                 -0.198
     3      O                 -0.276
     4      C                  0.292
     5      C                  0.007
     6      C                 -0.169
     7      C                 -0.178
     8      C                 -0.030
     9      N                 -0.325
    10      C                  0.287
    11      O                 -0.348
    12      C                  0.038
    13      N                 -0.391
    14      C                  0.296
    15      O                 -0.285
    16      C                  0.321
    17      O                 -0.350
    18      N                 -0.356
    19      H                  0.239
    20      C                 -0.129
    21      N                 -0.246
    22      C                 -0.068
    23      C                 -0.138
    24      C                 -0.168
    25      C                 -0.071
    26      C                  0.004
    27      C                 -0.141
    28      C                 -0.119
    29      C                 -0.132
    30      C                  0.006
    31      N                 -0.218
    32      C                 -0.064
    33      C                 -0.152
    34      C                 -0.090
    35      C                 -0.075
    36      C                  0.018
    37      H                  0.250
    38      O                 -0.326
    39      H                  0.221
    40      C                 -0.133
    41      C                 -0.080
    42      C                 -0.116
    43      C                 -0.123
    44      C                 -0.125
    45      C                 -0.132
    46      C                 -0.119
    47      H                  0.122
    48      H                  0.123
    49      H                  0.090
    50      H                  0.128
    51      H                  0.110
    52      H                  0.109
    53      H                  0.099
    54      H                  0.094
    55      H                  0.100
    56      H                  0.105
    57      H                  0.152
    58      H                  0.085
    59      H                  0.056
    60      H                  0.086
    61      H                  0.107
    62      H                  0.103
    63      H                  0.139
    64      H                  0.142
    65      H                  0.138
    66      H                  0.130
    67      H                  0.134
    68      H                  0.168
    69      H                  0.094
    70      H                  0.098
    71      H                  0.111
    72      H                  0.127
    73      H                  0.084
    74      H                  0.134
    75      H                  0.133
    76      H                  0.130
    77      H                  0.136
    78      H                  0.130
 Total Mulliken Charge =       0.000
 
                  X        Y        Z     TOTAL  
  QM DIPOLE     2.275   -0.283    5.280    5.756
 
 Final Structure

  QMMM: QM Region Cartesian Coordinates (*=link atom) 
  QMMM: QM_NO.   MM_NO.  ATOM         X         Y         Z
  QMMM:     1        1      C       -6.4930   19.6484   -2.0013
  QMMM:     2        2      C       -7.0155   20.4838   -3.1624
  QMMM:     3        3      O       -7.3336   19.9753   -0.8379
  QMMM:     4        4      C       -7.6669   18.7669   -0.1498
  QMMM:     5        5      C       -9.1587   18.8623    0.2943
  QMMM:     6        6      C       -9.3675   19.6431    1.6082
  QMMM:     7        7      C      -10.4324   18.8733    2.3850
  QMMM:     8        8      C      -10.7349   17.6017    1.5726
  QMMM:     9        9      N       -9.8090   17.5709    0.4500
  QMMM:    10       10      C       -9.3161   16.3827   -0.0525
  QMMM:    11       11      O       -9.9276   15.3151    0.1416
  QMMM:    12       12      C       -7.9985   16.3593   -0.8659
  QMMM:    13       13      N       -7.4358   17.6599   -1.0904
  QMMM:    14       14      C       -6.8126   18.1255   -2.2476
  QMMM:    15       15      O       -6.5849   17.4850   -3.2727
  QMMM:    16       16      C       -4.3489   20.9349   -1.8990
  QMMM:    17       17      O       -4.6852   21.7931   -2.7337
  QMMM:    18       18      N       -5.1102   19.8023   -1.6315
  QMMM:    19       19      H       -4.8425   19.2645   -0.8326
  QMMM:    20       20      C       -1.2299   22.6494    0.8396
  QMMM:    21       21      N       -2.1064   21.5381    1.1379
  QMMM:    22       22      C       -3.2937   21.5110    0.3024
  QMMM:    23       23      C       -3.0270   21.0711   -1.1491
  QMMM:    24       24      C       -2.2169   19.8277   -1.1644
  QMMM:    25       25      C       -1.4693   19.4397   -0.1150
  QMMM:    26       26      C       -0.7149   18.1899   -0.1264
  QMMM:    27       27      C       -0.8385   17.1258   -1.0162
  QMMM:    28       28      C       -0.0527   15.9656   -0.8570
  QMMM:    29       29      C        0.8694   15.8017    0.1698
  QMMM:    30       30      C        1.0181   16.8625    1.0789
  QMMM:    31       31      N        1.8158   17.0836    2.2061
  QMMM:    32       32      C        1.5427   18.3672    2.7107
  QMMM:    33       33      C        0.5687   18.9816    1.9289
  QMMM:    34       34      C        0.2220   18.0383    0.8976
  QMMM:    35       35      C       -0.0651   20.3036    1.8876
  QMMM:    36       36      C       -1.4554   20.2218    1.2001
  QMMM:    37       37      H        2.4763   16.4539    2.5730
  QMMM:    38       38      O       -6.7276   18.7888    0.9061
  QMMM:    39       39      H       -6.9320   18.0628    1.5092
  QMMM:    40       40      C       -7.0590   15.3871   -0.1114
  QMMM:    41       41      C       -5.9500   14.8844   -0.9622
  QMMM:    42       42      C       -6.2188   13.9989   -2.0140
  QMMM:    43       43      C       -5.1784   13.4986   -2.7938
  QMMM:    44       44      C       -3.8613   13.8749   -2.5288
  QMMM:    45       45      C       -3.5877   14.7530   -1.4811
  QMMM:    46       46      C       -4.6270   15.2556   -0.6991
  QMMM:    47       47      H       -6.3610   20.3363   -4.0550
  QMMM:    48       48      H       -7.0189   21.5663   -2.8864
  QMMM:    49       49      H       -8.0562   20.1585   -3.3995
  QMMM:    50       50      H       -9.6878   19.4119   -0.5436
  QMMM:    51       51      H       -9.7025   20.6830    1.3744
  QMMM:    52       52      H       -8.4142   19.7161    2.1876
  QMMM:    53       53      H      -11.3610   19.4830    2.5026
  QMMM:    54       54      H      -10.0658   18.6055    3.4057
  QMMM:    55       55      H      -11.7857   17.6253    1.1722
  QMMM:    56       56      H      -10.6215   16.6715    2.1936
  QMMM:    57       57      H       -8.2361   15.9038   -1.8772
  QMMM:    58       58      H       -1.8431   23.5772    0.6889
  QMMM:    59       59      H       -0.5963   22.4925   -0.0752
  QMMM:    60       60      H       -0.5570   22.8183    1.7216
  QMMM:    61       61      H       -3.7613   22.5342    0.2980
  QMMM:    62       62      H       -4.0216   20.7967    0.7817
  QMMM:    63       63      H       -2.4473   21.8832   -1.6811
  QMMM:    64       64      H       -2.2457   19.2433   -2.0979
  QMMM:    65       65      H       -1.5538   17.1730   -1.8505
  QMMM:    66       66      H       -0.1805   15.1495   -1.5860
  QMMM:    67       67      H        1.4572   14.8800    0.2634
  QMMM:    68       68      H        2.0703   18.7335    3.5927
  QMMM:    69       69      H        0.6098   20.9972    1.3142
  QMMM:    70       70      H       -0.2000   20.7249    2.9184
  QMMM:    71       71      H       -2.1141   19.6109    1.8980
  QMMM:    72       72      H       -7.6830   14.5119    0.2251
  QMMM:    73       73      H       -6.6510   15.8888    0.8055
  QMMM:    74       74      H       -7.2569   13.6999   -2.2237
  QMMM:    75       75      H       -5.3978   12.8081   -3.6213
  QMMM:    76       76      H       -3.0416   13.4810   -3.1469
  QMMM:    77       77      H       -2.5498   15.0573   -1.2692
  QMMM:    78       78      H       -4.4030   15.9464    0.1273

           --------- Calculation Completed ----------

