                :-) GROMACS - gmx mdrun, 2024.5-conda_forge (-:

Copyright 1991-2024 The GROMACS Authors.
GROMACS is free software; you can redistribute it and/or modify it
under the terms of the GNU Lesser General Public License
as published by the Free Software Foundation; either version 2.1
of the License, or (at your option) any later version.

                         Current GROMACS contributors:
       Mark Abraham           Andrey Alekseenko           Vladimir Basov      
      Cathrine Bergh            Eliane Briand               Ania Brown        
      Mahesh Doijade            Giacomo Fiorin          Stefan Fleischmann    
      Sergey Gorelov         Gilles Gouaillardet            Alan Gray         
     M. Eric Irrgang         Farzaneh Jalalypour            Joe Jordan        
     Carsten Kutzner           Justin A. Lemkul          Magnus Lundborg      
       Pascal Merz              Vedran Miletic            Dmitry Morozov      
       Julien Nabet              Szilard Pall        Andrea Pasquadibisceglie 
    Michele Pellegrino          Hubert Santuz             Roland Schulz       
     Tatiana Shugaeva          Alexey Shvetsov            Philip Turner       
     Alessandra Villa      Sebastian Wingbermuehle  

                         Previous GROMACS contributors:
        Emile Apol             Rossen Apostolov           James Barnett       
        Paul Bauer          Herman J.C. Berendsen          Par Bjelkmar       
      Christian Blau          Viacheslav Bolnykh            Kevin Boyd        
    Aldert van Buuren          Carlo Camilloni           Rudi van Drunen      
      Anton Feenstra           Oliver Fleetwood            Vytas Gapsys       
       Gaurav Garg             Gerrit Groenhof            Bert de Groot       
      Anca Hamuraru           Vincent Hindriksen          Victor Holanda      
     Aleksei Iupinov          Christoph Junghans        Prashanth Kanduri     
   Dimitrios Karkoulis           Peter Kasson             Sebastian Kehl      
     Sebastian Keller             Jiri Kraus               Per Larsson        
      Viveca Lindahl            Erik Marklund           Pieter Meulenhoff     
      Teemu Murtola              Sander Pronk             Michael Shirts      
      Alfons Sijbers            Balint Soproni         David van der Spoel    
      Peter Tieleman            Carsten Uphoff             Jon Vincent        
     Teemu Virolainen         Christian Wennberg           Maarten Wolf       
      Artem Zhmurov       

                  Coordinated by the GROMACS project leaders:
                           Berk Hess and Erik Lindahl

GROMACS:      gmx mdrun, version 2024.5-conda_forge
Executable:   /venv/main/bin.AVX2_256/gmx
Data prefix:  /venv/main
Working dir:  /home/admin/gitrepos/gromacs_sims/protein-1lml-ligand-pdl-sim/1lml_pdl_complex/sys_equi/sys_equi/00_equi_HA
Process ID:   2216
Command line:
  gmx mdrun -s equi_HA_1lml_pdl_complex.tpr -deffnm equi_HA_1lml_pdl_complex -nt 32 -ntmpi 0 -nsteps -2 -nocopyright -gpu_id 0

GROMACS version:     2024.5-conda_forge
Precision:           mixed
Memory model:        64 bit
MPI library:         thread_mpi
OpenMP support:      enabled (GMX_OPENMP_MAX_THREADS = 128)
GPU support:         CUDA
NBNxM GPU setup:     super-cluster 2x2x2 / cluster 8
SIMD instructions:   AVX2_256
CPU FFT library:     fftw-3.3.11-sse2-avx
GPU FFT library:     cuFFT
Multi-GPU FFT:       none
RDTSCP usage:        disabled
TNG support:         enabled
Hwloc support:       disabled
Tracing support:     disabled
C compiler:          /home/conda/feedstock_root/build_artifacts/gromacs_1737880200488/_build_env/bin/x86_64-conda-linux-gnu-cc GNU 11.4.0
C compiler flags:    -fexcess-precision=fast -funroll-all-loops -mavx2 -mfma -Wno-missing-field-initializers -O3 -DNDEBUG
C++ compiler:        /home/conda/feedstock_root/build_artifacts/gromacs_1737880200488/_build_env/bin/x86_64-conda-linux-gnu-c++ GNU 11.4.0
C++ compiler flags:  -fexcess-precision=fast -funroll-all-loops -mavx2 -mfma -Wno-missing-field-initializers -Wno-cast-function-type-strict SHELL:-fopenmp -O3 -DNDEBUG
BLAS library:        Internal
LAPACK library:      Internal
CUDA compiler:       /usr/local/cuda/bin/nvcc nvcc: NVIDIA (R) Cuda compiler driver;Copyright (c) 2005-2022 NVIDIA Corporation;Built on Wed_Sep_21_10:33:58_PDT_2022;Cuda compilation tools, release 11.8, V11.8.89;Build cuda_11.8.r11.8/compiler.31833905_0
CUDA compiler flags:-std=c++17;--generate-code=arch=compute_35,code=sm_35;--generate-code=arch=compute_37,code=sm_37;--generate-code=arch=compute_50,code=sm_50;--generate-code=arch=compute_52,code=sm_52;--generate-code=arch=compute_60,code=sm_60;--generate-code=arch=compute_61,code=sm_61;--generate-code=arch=compute_70,code=sm_70;--generate-code=arch=compute_75,code=sm_75;--generate-code=arch=compute_80,code=sm_80;--generate-code=arch=compute_86,code=sm_86;--generate-code=arch=compute_89,code=sm_89;--generate-code=arch=compute_90,code=sm_90;-Wno-deprecated-gpu-targets;--generate-code=arch=compute_53,code=sm_53;--generate-code=arch=compute_80,code=sm_80;-use_fast_math;-Xptxas;-warn-double-usage;-Xptxas;-Werror;;-Xcompiler;-fopenmp;-fexcess-precision=fast -funroll-all-loops -mavx2 -mfma -Wno-missing-field-initializers -Wno-cast-function-type-strict SHELL:-fopenmp -O3 -DNDEBUG
CUDA driver:         13.10
CUDA runtime:        11.80


Running on 1 node with total 14 cores, 28 processing units, 1 compatible GPU
Hardware detected on host 9f449d7b1e5e:
  CPU info:
    Vendor: Intel
    Brand:  Intel(R) Xeon(R) CPU E5-2680 v4 @ 2.40GHz
    Family: 6   Model: 79   Stepping: 1
    Features: aes apic avx avx2 clfsh cmov cx8 cx16 f16c fma hle htt intel lahf mmx msr nonstop_tsc pcid pclmuldq pdcm pdpe1gb popcnt pse rdrnd rdtscp rtm sse2 sse3 sse4.1 sse4.2 ssse3 tdt x2apic
  Hardware topology: Basic
    Packages, cores, and logical processors:
    [indices refer to OS logical processors]
      Package  0: [   0  14] [   1  15] [   2  16] [   3  17] [   4  18] [   5  19] [   6  20] [   7  21] [   8  22] [   9  23] [  10  24] [  11  25] [  12  26] [  13  27]
    CPU limit set by OS: 26.88   Recommended max number of threads: 27
  GPU info:
    Number of GPUs detected: 1
    #0: NVIDIA NVIDIA GeForce RTX 2060 SUPER, compute cap.: 7.5, ECC:  no, stat: compatible

The current CPU can measure timings more accurately than the code in
gmx mdrun was configured to use. This might affect your simulation
speed as accurate timings are needed for load-balancing.
Please consider rebuilding gmx mdrun with the GMX_USE_RDTSCP=ON CMake option.

++++ PLEASE READ AND CITE THE FOLLOWING REFERENCE ++++
M. J. Abraham, T. Murtola, R. Schulz, S. Páll, J. C. Smith, B. Hess, E.
Lindahl
GROMACS: High performance molecular simulations through multi-level
parallelism from laptops to supercomputers
SoftwareX 1 (2015) pp. 19-25
-------- -------- --- Thank You --- -------- --------


++++ PLEASE READ AND CITE THE FOLLOWING REFERENCE ++++
S. Páll, M. J. Abraham, C. Kutzner, B. Hess, E. Lindahl
Tackling Exascale Software Challenges in Molecular Dynamics Simulations with
GROMACS
In S. Markidis & E. Laure (Eds.), Solving Software Challenges for Exascale 8759 (2015) pp. 3-27
-------- -------- --- Thank You --- -------- --------


++++ PLEASE READ AND CITE THE FOLLOWING REFERENCE ++++
S. Pronk, S. Páll, R. Schulz, P. Larsson, P. Bjelkmar, R. Apostolov, M. R.
Shirts, J. C. Smith, P. M. Kasson, D. van der Spoel, B. Hess, and E. Lindahl
GROMACS 4.5: a high-throughput and highly parallel open source molecular
simulation toolkit
Bioinformatics 29 (2013) pp. 845-54
-------- -------- --- Thank You --- -------- --------


++++ PLEASE READ AND CITE THE FOLLOWING REFERENCE ++++
B. Hess and C. Kutzner and D. van der Spoel and E. Lindahl
GROMACS 4: Algorithms for highly efficient, load-balanced, and scalable
molecular simulation
J. Chem. Theory Comput. 4 (2008) pp. 435-447
-------- -------- --- Thank You --- -------- --------


++++ PLEASE READ AND CITE THE FOLLOWING REFERENCE ++++
D. van der Spoel, E. Lindahl, B. Hess, G. Groenhof, A. E. Mark and H. J. C.
Berendsen
GROMACS: Fast, Flexible and Free
J. Comp. Chem. 26 (2005) pp. 1701-1719
-------- -------- --- Thank You --- -------- --------


++++ PLEASE READ AND CITE THE FOLLOWING REFERENCE ++++
E. Lindahl and B. Hess and D. van der Spoel
GROMACS 3.0: A package for molecular simulation and trajectory analysis
J. Mol. Mod. 7 (2001) pp. 306-317
-------- -------- --- Thank You --- -------- --------


++++ PLEASE READ AND CITE THE FOLLOWING REFERENCE ++++
H. J. C. Berendsen, D. van der Spoel and R. van Drunen
GROMACS: A message-passing parallel molecular dynamics implementation
Comp. Phys. Comm. 91 (1995) pp. 43-56
-------- -------- --- Thank You --- -------- --------

Input Parameters:
   integrator                     = md
   tinit                          = 0
   dt                             = 0.001
   nsteps                         = 500000
   init-step                      = 0
   simulation-part                = 1
   mts                            = false
   mass-repartition-factor        = 1
   comm-mode                      = None
   nstcomm                        = 0
   bd-fric                        = 0
   ld-seed                        = -537264897
   emtol                          = 10
   emstep                         = 0.01
   niter                          = 20
   fcstep                         = 0
   nstcgsteep                     = 1000
   nbfgscorr                      = 10
   rtpi                           = 0.05
   nstxout                        = 200000
   nstvout                        = 200000
   nstfout                        = 0
   nstlog                         = 5000
   nstcalcenergy                  = 100
   nstenergy                      = 5000
   nstxout-compressed             = 5000
   compressed-x-precision         = 1000
   cutoff-scheme                  = Verlet
   nstlist                        = 10
   pbc                            = xyz
   periodic-molecules             = false
   verlet-buffer-tolerance        = 0.005
   verlet-buffer-pressure-tolerance = 0.5
   rlist                          = 1
   coulombtype                    = PME
   coulomb-modifier               = Potential-shift
   rcoulomb-switch                = 0
   rcoulomb                       = 1
   epsilon-r                      = 1
   epsilon-rf                     = inf
   vdw-type                       = Cut-off
   vdw-modifier                   = Potential-shift
   rvdw-switch                    = 0
   rvdw                           = 1
   DispCorr                       = EnerPres
   table-extension                = 1
   fourierspacing                 = 0.12
   fourier-nx                     = 96
   fourier-ny                     = 96
   fourier-nz                     = 96
   pme-order                      = 4
   ewald-rtol                     = 1e-05
   ewald-rtol-lj                  = 0.001
   lj-pme-comb-rule               = Geometric
   ewald-geometry                 = 3d
   epsilon-surface                = 0
   ensemble-temperature-setting   = constant
   ensemble-temperature           = 310
   tcoupl                         = V-rescale
   nsttcouple                     = 20
   nh-chain-length                = 0
   print-nose-hoover-chain-variables = false
   pcoupl                         = Berendsen
   pcoupltype                     = Isotropic
   nstpcouple                     = 100
   tau-p                          = 5
   compressibility (3x3):
      compressibility[    0]={ 4.50000e-05,  0.00000e+00,  0.00000e+00}
      compressibility[    1]={ 0.00000e+00,  4.50000e-05,  0.00000e+00}
      compressibility[    2]={ 0.00000e+00,  0.00000e+00,  4.50000e-05}
   ref-p (3x3):
      ref-p[    0]={ 1.00000e+00,  0.00000e+00,  0.00000e+00}
      ref-p[    1]={ 0.00000e+00,  1.00000e+00,  0.00000e+00}
      ref-p[    2]={ 0.00000e+00,  0.00000e+00,  1.00000e+00}
   refcoord-scaling               = COM
   posres-com (3):
      posres-com[0]= 4.97202e-01
      posres-com[1]= 4.99198e-01
      posres-com[2]= 5.01626e-01
   posres-comB (3):
      posres-comB[0]= 4.97202e-01
      posres-comB[1]= 4.99198e-01
      posres-comB[2]= 5.01626e-01
   QMMM                           = false
qm-opts:
   ngQM                           = 0
   constraint-algorithm           = Lincs
   continuation                   = false
   Shake-SOR                      = false
   shake-tol                      = 0.0001
   lincs-order                    = 4
   lincs-iter                     = 1
   lincs-warnangle                = 30
   nwall                          = 0
   wall-type                      = 9-3
   wall-r-linpot                  = -1
   wall-atomtype[0]               = -1
   wall-atomtype[1]               = -1
   wall-density[0]                = 0
   wall-density[1]                = 0
   wall-ewald-zfac                = 3
   pull                           = false
   awh                            = false
   rotation                       = false
   interactiveMD                  = false
   disre                          = Simple
   disre-weighting                = Conservative
   disre-mixed                    = false
   dr-fc                          = 1000
   dr-tau                         = 0
   nstdisreout                    = 0
   orire-fc                       = 0
   orire-tau                      = 0
   nstorireout                    = 100
   free-energy                    = no
   cos-acceleration               = 0
   deform (3x3):
      deform[    0]={ 0.00000e+00,  0.00000e+00,  0.00000e+00}
      deform[    1]={ 0.00000e+00,  0.00000e+00,  0.00000e+00}
      deform[    2]={ 0.00000e+00,  0.00000e+00,  0.00000e+00}
   simulated-tempering            = false
   swapcoords                     = no
   userint1                       = 0
   userint2                       = 0
   userint3                       = 0
   userint4                       = 0
   userreal1                      = 0
   userreal2                      = 0
   userreal3                      = 0
   userreal4                      = 0
   applied-forces:
     electric-field:
       x:
         E0                       = 0
         omega                    = 0
         t0                       = 0
         sigma                    = 0
       y:
         E0                       = 0
         omega                    = 0
         t0                       = 0
         sigma                    = 0
       z:
         E0                       = 0
         omega                    = 0
         t0                       = 0
         sigma                    = 0
     density-guided-simulation:
       active                     = false
       group                      = protein
       similarity-measure         = inner-product
       atom-spreading-weight      = unity
       force-constant             = 1e+09
       gaussian-transform-spreading-width = 0.2
       gaussian-transform-spreading-range-in-multiples-of-width = 4
       reference-density-filename = reference.mrc
       nst                        = 1
       normalize-densities        = true
       adaptive-force-scaling     = false
       adaptive-force-scaling-time-constant = 4
       shift-vector               = 
       transformation-matrix      = 
     qmmm-cp2k:
       active                     = false
       qmgroup                    = System
       qmmethod                   = PBE
       qmfilenames                = 
       qmcharge                   = 0
       qmmultiplicity             = 1
     colvars:
       active                     = false
       configfile                 = 
       seed                       = -1
grpopts:
   nrdf:       17491      144102
   ref-t:         310         310
   tau-t:         0.1         0.1
annealing:          No          No
annealing-npoints:           0           0
   acc:	           0           0           0
   nfreeze:           N           N           N
   energygrp-flags[  0]: 0

Changing nstlist from 10 to 100, rlist from 1 to 1.108


Update groups can not be used for this system because atoms that are (in)directly constrained together are interdispersed with other atoms

1 GPU selected for this run.
Mapping of GPU IDs to the 2 GPU tasks in the 1 rank on this node:
  PP:0,PME:0
PP tasks will do (non-perturbed) short-ranged interactions on the GPU
PP task will update and constrain coordinates on the GPU
PME tasks will do all aspects on the GPU
Using 1 MPI thread
Using 32 OpenMP threads 


WARNING: Oversubscribing the recommended max load of 27 logical CPUs with 32 threads.
         This will cause considerable performance loss.
System total charge: 0.000
Will do PME sum in reciprocal space for electrostatic interactions.

++++ PLEASE READ AND CITE THE FOLLOWING REFERENCE ++++
U. Essmann, L. Perera, M. L. Berkowitz, T. Darden, H. Lee and L. G. Pedersen 
A smooth particle mesh Ewald method
J. Chem. Phys. 103 (1995) pp. 8577-8592
-------- -------- --- Thank You --- -------- --------

Using a Gaussian width (1/beta) of 0.320163 nm for Ewald
Potential shift: LJ r^-12: -1.000e+00 r^-6: -1.000e+00, Ewald -1.000e-05
Initialized non-bonded Coulomb Ewald tables, spacing: 9.33e-04 size: 1073

Generated table with 1054 data points for 1-4 COUL.
Tabscale = 500 points/nm
Generated table with 1054 data points for 1-4 LJ6.
Tabscale = 500 points/nm
Generated table with 1054 data points for 1-4 LJ12.
Tabscale = 500 points/nm

Long Range LJ corr.: <C6> 3.2051e-04


Using GPU 8x8 nonbonded short-range kernels

Using a dual 8x8 pair-list setup updated with dynamic, rolling pruning:
  outer list: updated every 100 steps, buffer 0.108 nm, rlist 1.108 nm
  inner list: updated every  20 steps, buffer 0.001 nm, rlist 1.001 nm
At tolerance 0.005 kJ/mol/ps per atom, equivalent classical 1x1 list would be:
  outer list: updated every 100 steps, buffer 0.235 nm, rlist 1.235 nm
  inner list: updated every  20 steps, buffer 0.043 nm, rlist 1.043 nm

The average pressure is off by at most 0.45 bar due to missing LJ interactions

Using Lorentz-Berthelot Lennard-Jones combination rule
Removing pbc first time

NOTE: OS CPU limit is lower than logical cpu count, thread pinning disabled.

Initializing LINear Constraint Solver

++++ PLEASE READ AND CITE THE FOLLOWING REFERENCE ++++
B. Hess and H. Bekker and H. J. C. Berendsen and J. G. E. M. Fraaije
LINCS: A Linear Constraint Solver for molecular simulations
J. Comp. Chem. 18 (1997) pp. 1463-1472
-------- -------- --- Thank You --- -------- --------

The number of constraints is 3395

++++ PLEASE READ AND CITE THE FOLLOWING REFERENCE ++++
S. Miyamoto and P. A. Kollman
SETTLE: An Analytical Version of the SHAKE and RATTLE Algorithms for Rigid
Water Models
J. Comp. Chem. 13 (1992) pp. 952-962
-------- -------- --- Thank You --- -------- --------


++++ PLEASE READ AND CITE THE FOLLOWING REFERENCE ++++
G. Bussi, D. Donadio and M. Parrinello
Canonical sampling through velocity rescaling
J. Chem. Phys. 126 (2007) pp. 014101
-------- -------- --- Thank You --- -------- --------

There are: 78953 Atoms

Updating coordinates and applying constraints on the GPU.

Constraining the starting coordinates (step 0)

Constraining the coordinates at t0-dt (step 0)
RMS relative constraint deviation after constraining: 1.66e-06
Initial temperature: 3.88153e-06 K

Started mdrun on rank 0 Wed Apr 29 11:48:42 2026

           Step           Time
              0        0.00000

   Energies (kJ/mol)
           Bond          Angle    Proper Dih. Per. Imp. Dih.          LJ-14
    1.45007e+02    1.26719e+04    2.71376e+04    9.44557e+02    6.81339e+03
     Coulomb-14        LJ (SR)  Disper. corr.   Coulomb (SR)   Coul. recip.
    7.53594e+04    1.76138e+05   -1.03975e+04   -1.53636e+06    8.47648e+03
 Position Rest.      Potential    Kinetic En.   Total Energy  Conserved En.
    1.63757e-03   -1.23907e+06    3.81142e+01   -1.23904e+06   -1.23840e+06
    Temperature Pres. DC (bar) Pressure (bar)   Constr. rmsd
    5.67362e-02   -2.15028e+02   -3.81339e+03    1.65798e-06

step 3600: timed with pme grid 96 96 96, coulomb cutoff 1.000: 282.8 M-cycles
step 3800: timed with pme grid 80 80 80, coulomb cutoff 1.087: 354.0 M-cycles
step 4000: timed with pme grid 84 84 84, coulomb cutoff 1.035: 396.2 M-cycles
step 4200: timed with pme grid 96 96 96, coulomb cutoff 1.000: 365.3 M-cycles
              optimal pme grid 96 96 96, coulomb cutoff 1.000
           Step           Time
           5000        5.00000

   Energies (kJ/mol)
           Bond          Angle    Proper Dih. Per. Imp. Dih.          LJ-14
    5.83413e+03    1.99204e+04    2.50733e+04    1.28563e+03    6.37287e+03
     Coulomb-14        LJ (SR)  Disper. corr.   Coulomb (SR)   Coul. recip.
    7.42898e+04    1.39115e+05   -1.04151e+04   -1.29183e+06    8.75548e+03
 Position Rest.      Potential    Kinetic En.   Total Energy  Conserved En.
    5.80472e+03   -1.01579e+06    2.09350e+05   -8.06441e+05   -1.23791e+06
    Temperature Pres. DC (bar) Pressure (bar)   Constr. rmsd
    3.11635e+02   -2.15756e+02    2.74390e+02    1.65798e-06

           Step           Time
          10000       10.00000

   Energies (kJ/mol)
           Bond          Angle    Proper Dih. Per. Imp. Dih.          LJ-14
    6.07264e+03    2.03407e+04    2.49734e+04    1.39864e+03    6.32297e+03
     Coulomb-14        LJ (SR)  Disper. corr.   Coulomb (SR)   Coul. recip.
    7.40295e+04    1.35593e+05   -1.04336e+04   -1.28997e+06    8.84792e+03
 Position Rest.      Potential    Kinetic En.   Total Energy  Conserved En.
    5.37478e+03   -1.01745e+06    2.08193e+05   -8.09252e+05   -1.23784e+06
    Temperature Pres. DC (bar) Pressure (bar)   Constr. rmsd
    3.09913e+02   -2.16520e+02   -2.22669e+02    1.65798e-06

           Step           Time
          15000       15.00000

   Energies (kJ/mol)
           Bond          Angle    Proper Dih. Per. Imp. Dih.          LJ-14
    6.04930e+03    2.03397e+04    2.47884e+04    1.33579e+03    6.48086e+03
     Coulomb-14        LJ (SR)  Disper. corr.   Coulomb (SR)   Coul. recip.
    7.36502e+04    1.36294e+05   -1.04552e+04   -1.29062e+06    8.80291e+03
 Position Rest.      Potential    Kinetic En.   Total Energy  Conserved En.
    5.36756e+03   -1.01796e+06    2.08892e+05   -8.09070e+05   -1.23785e+06
    Temperature Pres. DC (bar) Pressure (bar)   Constr. rmsd
    3.10953e+02   -2.17419e+02   -1.09200e+02    1.65798e-06

           Step           Time
          20000       20.00000

   Energies (kJ/mol)
           Bond          Angle    Proper Dih. Per. Imp. Dih.          LJ-14
    5.97453e+03    2.03083e+04    2.48957e+04    1.28472e+03    6.35374e+03
     Coulomb-14        LJ (SR)  Disper. corr.   Coulomb (SR)   Coul. recip.
    7.38194e+04    1.38614e+05   -1.04774e+04   -1.29402e+06    8.74151e+03
 Position Rest.      Potential    Kinetic En.   Total Energy  Conserved En.
    5.36040e+03   -1.01914e+06    2.08041e+05   -8.11100e+05   -1.23788e+06
    Temperature Pres. DC (bar) Pressure (bar)   Constr. rmsd
    3.09686e+02   -2.18341e+02    1.15606e+02    1.65798e-06

           Step           Time
          25000       25.00000

   Energies (kJ/mol)
           Bond          Angle    Proper Dih. Per. Imp. Dih.          LJ-14
    6.11117e+03    1.99366e+04    2.49540e+04    1.25515e+03    6.41281e+03
     Coulomb-14        LJ (SR)  Disper. corr.   Coulomb (SR)   Coul. recip.
    7.40822e+04    1.36708e+05   -1.04740e+04   -1.29096e+06    8.88296e+03
 Position Rest.      Potential    Kinetic En.   Total Energy  Conserved En.
    5.39452e+03   -1.01770e+06    2.08938e+05   -8.08760e+05   -1.23785e+06
    Temperature Pres. DC (bar) Pressure (bar)   Constr. rmsd
    3.11022e+02   -2.18198e+02   -6.06086e+01    1.65798e-06

           Step           Time
          30000       30.00000

   Energies (kJ/mol)
           Bond          Angle    Proper Dih. Per. Imp. Dih.          LJ-14
    6.13592e+03    2.03664e+04    2.47506e+04    1.31035e+03    6.42499e+03
     Coulomb-14        LJ (SR)  Disper. corr.   Coulomb (SR)   Coul. recip.
    7.41787e+04    1.36266e+05   -1.04843e+04   -1.29101e+06    8.75742e+03
 Position Rest.      Potential    Kinetic En.   Total Energy  Conserved En.
    5.53107e+03   -1.01777e+06    2.08169e+05   -8.09603e+05   -1.23782e+06
    Temperature Pres. DC (bar) Pressure (bar)   Constr. rmsd
    3.09877e+02   -2.18629e+02   -1.60550e+02    1.65798e-06

           Step           Time
          35000       35.00000

   Energies (kJ/mol)
           Bond          Angle    Proper Dih. Per. Imp. Dih.          LJ-14
    5.90492e+03    2.01458e+04    2.47821e+04    1.30086e+03    6.44351e+03
     Coulomb-14        LJ (SR)  Disper. corr.   Coulomb (SR)   Coul. recip.
    7.39794e+04    1.37083e+05   -1.04909e+04   -1.29430e+06    8.61940e+03
 Position Rest.      Potential    Kinetic En.   Total Energy  Conserved En.
    5.43246e+03   -1.02110e+06    2.07799e+05   -8.13305e+05   -1.23787e+06
    Temperature Pres. DC (bar) Pressure (bar)   Constr. rmsd
    3.09326e+02   -2.18900e+02    6.40587e+01    1.65798e-06

           Step           Time
          40000       40.00000

   Energies (kJ/mol)
           Bond          Angle    Proper Dih. Per. Imp. Dih.          LJ-14
    5.87936e+03    2.05567e+04    2.47194e+04    1.28341e+03    6.41368e+03
     Coulomb-14        LJ (SR)  Disper. corr.   Coulomb (SR)   Coul. recip.
    7.40865e+04    1.37001e+05   -1.04937e+04   -1.29247e+06    8.51748e+03
 Position Rest.      Potential    Kinetic En.   Total Energy  Conserved En.
    5.26789e+03   -1.01924e+06    2.07513e+05   -8.11725e+05   -1.23784e+06
    Temperature Pres. DC (bar) Pressure (bar)   Constr. rmsd
    3.08900e+02   -2.19019e+02   -1.69865e+00    1.65798e-06

           Step           Time
          45000       45.00000

   Energies (kJ/mol)
           Bond          Angle    Proper Dih. Per. Imp. Dih.          LJ-14
    6.05361e+03    2.02553e+04    2.47491e+04    1.40236e+03    6.41864e+03
     Coulomb-14        LJ (SR)  Disper. corr.   Coulomb (SR)   Coul. recip.
    7.39359e+04    1.35940e+05   -1.04953e+04   -1.28971e+06    8.74514e+03
 Position Rest.      Potential    Kinetic En.   Total Energy  Conserved En.
    5.40629e+03   -1.01730e+06    2.08788e+05   -8.08507e+05   -1.23784e+06
    Temperature Pres. DC (bar) Pressure (bar)   Constr. rmsd
    3.10799e+02   -2.19087e+02   -1.00419e+01    1.65798e-06

           Step           Time
          50000       50.00000

   Energies (kJ/mol)
           Bond          Angle    Proper Dih. Per. Imp. Dih.          LJ-14
    6.06783e+03    2.03246e+04    2.47329e+04    1.32263e+03    6.34684e+03
     Coulomb-14        LJ (SR)  Disper. corr.   Coulomb (SR)   Coul. recip.
    7.41338e+04    1.38913e+05   -1.04967e+04   -1.29594e+06    8.71215e+03
 Position Rest.      Potential    Kinetic En.   Total Energy  Conserved En.
    5.23124e+03   -1.02065e+06    2.07877e+05   -8.12774e+05   -1.23785e+06
    Temperature Pres. DC (bar) Pressure (bar)   Constr. rmsd
    3.09442e+02   -2.19146e+02    1.13414e+02    1.65798e-06

           Step           Time
          55000       55.00000

   Energies (kJ/mol)
           Bond          Angle    Proper Dih. Per. Imp. Dih.          LJ-14
    6.02571e+03    2.01958e+04    2.47161e+04    1.37314e+03    6.35256e+03
     Coulomb-14        LJ (SR)  Disper. corr.   Coulomb (SR)   Coul. recip.
    7.42907e+04    1.39318e+05   -1.04885e+04   -1.29590e+06    8.73299e+03
 Position Rest.      Potential    Kinetic En.   Total Energy  Conserved En.
    5.35996e+03   -1.02002e+06    2.08971e+05   -8.11049e+05   -1.23785e+06
    Temperature Pres. DC (bar) Pressure (bar)   Constr. rmsd
    3.11071e+02   -2.18802e+02    9.62404e+01    1.65798e-06

           Step           Time
          60000       60.00000

   Energies (kJ/mol)
           Bond          Angle    Proper Dih. Per. Imp. Dih.          LJ-14
    6.07313e+03    2.02856e+04    2.50734e+04    1.29648e+03    6.33665e+03
     Coulomb-14        LJ (SR)  Disper. corr.   Coulomb (SR)   Coul. recip.
    7.42610e+04    1.37772e+05   -1.04968e+04   -1.29355e+06    8.78810e+03
 Position Rest.      Potential    Kinetic En.   Total Energy  Conserved En.
    5.38202e+03   -1.01878e+06    2.08835e+05   -8.09944e+05   -1.23782e+06
    Temperature Pres. DC (bar) Pressure (bar)   Constr. rmsd
    3.10868e+02   -2.19150e+02   -8.53973e+01    1.65798e-06

           Step           Time
          65000       65.00000

   Energies (kJ/mol)
           Bond          Angle    Proper Dih. Per. Imp. Dih.          LJ-14
    5.97797e+03    2.01837e+04    2.46111e+04    1.24737e+03    6.38536e+03
     Coulomb-14        LJ (SR)  Disper. corr.   Coulomb (SR)   Coul. recip.
    7.40952e+04    1.36690e+05   -1.05034e+04   -1.29230e+06    8.66168e+03
 Position Rest.      Potential    Kinetic En.   Total Energy  Conserved En.
    5.34554e+03   -1.01961e+06    2.06995e+05   -8.12612e+05   -1.23783e+06
    Temperature Pres. DC (bar) Pressure (bar)   Constr. rmsd
    3.08129e+02   -2.19425e+02    1.06413e+01    1.65798e-06

           Step           Time
          70000       70.00000

   Energies (kJ/mol)
           Bond          Angle    Proper Dih. Per. Imp. Dih.          LJ-14
    6.05818e+03    2.02305e+04    2.47260e+04    1.23503e+03    6.29433e+03
     Coulomb-14        LJ (SR)  Disper. corr.   Coulomb (SR)   Coul. recip.
    7.37091e+04    1.37516e+05   -1.04997e+04   -1.29280e+06    8.66121e+03
 Position Rest.      Potential    Kinetic En.   Total Energy  Conserved En.
    5.47848e+03   -1.01939e+06    2.05287e+05   -8.14107e+05   -1.23781e+06
    Temperature Pres. DC (bar) Pressure (bar)   Constr. rmsd
    3.05587e+02   -2.19271e+02   -5.55873e+01    1.65798e-06

           Step           Time
          75000       75.00000

   Energies (kJ/mol)
           Bond          Angle    Proper Dih. Per. Imp. Dih.          LJ-14
    6.10438e+03    2.01858e+04    2.47509e+04    1.30293e+03    6.38405e+03
     Coulomb-14        LJ (SR)  Disper. corr.   Coulomb (SR)   Coul. recip.
    7.42412e+04    1.37872e+05   -1.04950e+04   -1.29443e+06    8.69200e+03
 Position Rest.      Potential    Kinetic En.   Total Energy  Conserved En.
    5.41182e+03   -1.01997e+06    2.07918e+05   -8.12057e+05   -1.23783e+06
    Temperature Pres. DC (bar) Pressure (bar)   Constr. rmsd
    3.09503e+02   -2.19071e+02   -7.13020e+00    1.65798e-06

           Step           Time
          80000       80.00000

   Energies (kJ/mol)
           Bond          Angle    Proper Dih. Per. Imp. Dih.          LJ-14
    5.86879e+03    2.01702e+04    2.46902e+04    1.31777e+03    6.36598e+03
     Coulomb-14        LJ (SR)  Disper. corr.   Coulomb (SR)   Coul. recip.
    7.40361e+04    1.36770e+05   -1.04891e+04   -1.29317e+06    8.67211e+03
 Position Rest.      Potential    Kinetic En.   Total Energy  Conserved En.
    5.46154e+03   -1.02030e+06    2.08071e+05   -8.12231e+05   -1.23784e+06
    Temperature Pres. DC (bar) Pressure (bar)   Constr. rmsd
    3.09732e+02   -2.18826e+02    8.07152e+01    1.65798e-06

           Step           Time
          85000       85.00000

   Energies (kJ/mol)
           Bond          Angle    Proper Dih. Per. Imp. Dih.          LJ-14
    6.08828e+03    1.99823e+04    2.43932e+04    1.28962e+03    6.35254e+03
     Coulomb-14        LJ (SR)  Disper. corr.   Coulomb (SR)   Coul. recip.
    7.42509e+04    1.37483e+05   -1.04923e+04   -1.29409e+06    8.53568e+03
 Position Rest.      Potential    Kinetic En.   Total Energy  Conserved En.
    5.46210e+03   -1.02074e+06    2.07348e+05   -8.13392e+05   -1.23784e+06
    Temperature Pres. DC (bar) Pressure (bar)   Constr. rmsd
    3.08655e+02   -2.18962e+02    7.99932e+01    1.65798e-06

           Step           Time
          90000       90.00000

   Energies (kJ/mol)
           Bond          Angle    Proper Dih. Per. Imp. Dih.          LJ-14
    6.23338e+03    1.99602e+04    2.46952e+04    1.26035e+03    6.36761e+03
     Coulomb-14        LJ (SR)  Disper. corr.   Coulomb (SR)   Coul. recip.
    7.41638e+04    1.38350e+05   -1.04934e+04   -1.29346e+06    8.76842e+03
 Position Rest.      Potential    Kinetic En.   Total Energy  Conserved En.
    5.34484e+03   -1.01881e+06    2.07146e+05   -8.11667e+05   -1.23783e+06
    Temperature Pres. DC (bar) Pressure (bar)   Constr. rmsd
    3.08355e+02   -2.19008e+02    1.04544e+02    1.65798e-06

           Step           Time
          95000       95.00000

   Energies (kJ/mol)
           Bond          Angle    Proper Dih. Per. Imp. Dih.          LJ-14
    6.22223e+03    2.07091e+04    2.45333e+04    1.24466e+03    6.29497e+03
     Coulomb-14        LJ (SR)  Disper. corr.   Coulomb (SR)   Coul. recip.
    7.38711e+04    1.35730e+05   -1.04911e+04   -1.28973e+06    8.68614e+03
 Position Rest.      Potential    Kinetic En.   Total Energy  Conserved En.
    5.35576e+03   -1.01757e+06    2.09091e+05   -8.08480e+05   -1.23779e+06
    Temperature Pres. DC (bar) Pressure (bar)   Constr. rmsd
    3.11250e+02   -2.18909e+02   -2.01587e+02    1.65798e-06

           Step           Time
         100000      100.00000

   Energies (kJ/mol)
           Bond          Angle    Proper Dih. Per. Imp. Dih.          LJ-14
    6.09284e+03    1.99986e+04    2.47188e+04    1.32172e+03    6.38609e+03
     Coulomb-14        LJ (SR)  Disper. corr.   Coulomb (SR)   Coul. recip.
    7.40454e+04    1.36533e+05   -1.04957e+04   -1.29273e+06    8.66256e+03
 Position Rest.      Potential    Kinetic En.   Total Energy  Conserved En.
    5.37858e+03   -1.02009e+06    2.08169e+05   -8.11920e+05   -1.23781e+06
    Temperature Pres. DC (bar) Pressure (bar)   Constr. rmsd
    3.09876e+02   -2.19103e+02   -5.87755e+01    1.65798e-06

           Step           Time
         105000      105.00000

   Energies (kJ/mol)
           Bond          Angle    Proper Dih. Per. Imp. Dih.          LJ-14
    6.06578e+03    2.03774e+04    2.45800e+04    1.33625e+03    6.40904e+03
     Coulomb-14        LJ (SR)  Disper. corr.   Coulomb (SR)   Coul. recip.
    7.41719e+04    1.36085e+05   -1.04898e+04   -1.29111e+06    8.64270e+03
 Position Rest.      Potential    Kinetic En.   Total Energy  Conserved En.
    5.18233e+03   -1.01874e+06    2.08783e+05   -8.09962e+05   -1.23782e+06
    Temperature Pres. DC (bar) Pressure (bar)   Constr. rmsd
    3.10790e+02   -2.18856e+02   -5.41531e+01    1.65798e-06

           Step           Time
         110000      110.00000

   Energies (kJ/mol)
           Bond          Angle    Proper Dih. Per. Imp. Dih.          LJ-14
    6.00983e+03    2.02221e+04    2.47495e+04    1.26321e+03    6.42012e+03
     Coulomb-14        LJ (SR)  Disper. corr.   Coulomb (SR)   Coul. recip.
    7.42008e+04    1.37664e+05   -1.04894e+04   -1.29118e+06    8.84002e+03
 Position Rest.      Potential    Kinetic En.   Total Energy  Conserved En.
    5.28116e+03   -1.01702e+06    2.09880e+05   -8.07136e+05   -1.23785e+06
    Temperature Pres. DC (bar) Pressure (bar)   Constr. rmsd
    3.12425e+02   -2.18840e+02    1.69949e+02    1.65798e-06

           Step           Time
         115000      115.00000

   Energies (kJ/mol)
           Bond          Angle    Proper Dih. Per. Imp. Dih.          LJ-14
    6.15900e+03    2.02109e+04    2.44046e+04    1.25005e+03    6.32529e+03
     Coulomb-14        LJ (SR)  Disper. corr.   Coulomb (SR)   Coul. recip.
    7.40633e+04    1.37713e+05   -1.04873e+04   -1.29219e+06    8.52876e+03
 Position Rest.      Potential    Kinetic En.   Total Energy  Conserved En.
    5.48175e+03   -1.01854e+06    2.07822e+05   -8.10723e+05   -1.23781e+06
    Temperature Pres. DC (bar) Pressure (bar)   Constr. rmsd
    3.09360e+02   -2.18754e+02   -1.13160e+02    1.65798e-06

           Step           Time
         120000      120.00000

   Energies (kJ/mol)
           Bond          Angle    Proper Dih. Per. Imp. Dih.          LJ-14
    5.89220e+03    2.01223e+04    2.44725e+04    1.24028e+03    6.31669e+03
     Coulomb-14        LJ (SR)  Disper. corr.   Coulomb (SR)   Coul. recip.
    7.40717e+04    1.36412e+05   -1.04946e+04   -1.29369e+06    8.55100e+03
 Position Rest.      Potential    Kinetic En.   Total Energy  Conserved En.
    5.58922e+03   -1.02151e+06    2.05946e+05   -8.15568e+05   -1.23781e+06
    Temperature Pres. DC (bar) Pressure (bar)   Constr. rmsd
    3.06568e+02   -2.19056e+02   -1.73743e+02    1.65798e-06

           Step           Time
         125000      125.00000

   Energies (kJ/mol)
           Bond          Angle    Proper Dih. Per. Imp. Dih.          LJ-14
    6.13607e+03    2.02457e+04    2.48668e+04    1.32565e+03    6.28853e+03
     Coulomb-14        LJ (SR)  Disper. corr.   Coulomb (SR)   Coul. recip.
    7.38536e+04    1.37100e+05   -1.04929e+04   -1.29114e+06    8.71009e+03
 Position Rest.      Potential    Kinetic En.   Total Energy  Conserved En.
    5.14112e+03   -1.01797e+06    2.07188e+05   -8.10778e+05   -1.23781e+06
    Temperature Pres. DC (bar) Pressure (bar)   Constr. rmsd
    3.08417e+02   -2.18985e+02   -3.47947e+01    1.65798e-06

           Step           Time
         130000      130.00000

   Energies (kJ/mol)
           Bond          Angle    Proper Dih. Per. Imp. Dih.          LJ-14
    6.15102e+03    2.03155e+04    2.45320e+04    1.20856e+03    6.38924e+03
     Coulomb-14        LJ (SR)  Disper. corr.   Coulomb (SR)   Coul. recip.
    7.42522e+04    1.36030e+05   -1.04889e+04   -1.29128e+06    8.71388e+03
 Position Rest.      Potential    Kinetic En.   Total Energy  Conserved En.
    5.40387e+03   -1.01877e+06    2.07526e+05   -8.11247e+05   -1.23781e+06
    Temperature Pres. DC (bar) Pressure (bar)   Constr. rmsd
    3.08920e+02   -2.18819e+02   -3.78247e+01    1.65798e-06

           Step           Time
         135000      135.00000

   Energies (kJ/mol)
           Bond          Angle    Proper Dih. Per. Imp. Dih.          LJ-14
    6.17608e+03    2.02440e+04    2.45773e+04    1.26509e+03    6.37962e+03
     Coulomb-14        LJ (SR)  Disper. corr.   Coulomb (SR)   Coul. recip.
    7.38556e+04    1.38088e+05   -1.04812e+04   -1.29263e+06    8.81110e+03
 Position Rest.      Potential    Kinetic En.   Total Energy  Conserved En.
    5.44195e+03   -1.01827e+06    2.10243e+05   -8.08032e+05   -1.23783e+06
    Temperature Pres. DC (bar) Pressure (bar)   Constr. rmsd
    3.12964e+02   -2.18497e+02    2.84744e+01    1.65798e-06

           Step           Time
         140000      140.00000

   Energies (kJ/mol)
           Bond          Angle    Proper Dih. Per. Imp. Dih.          LJ-14
    5.71537e+03    2.01560e+04    2.47329e+04    1.32444e+03    6.44126e+03
     Coulomb-14        LJ (SR)  Disper. corr.   Coulomb (SR)   Coul. recip.
    7.41863e+04    1.36717e+05   -1.04848e+04   -1.29025e+06    8.70732e+03
 Position Rest.      Potential    Kinetic En.   Total Energy  Conserved En.
    5.33891e+03   -1.01742e+06    2.08720e+05   -8.08699e+05   -1.23785e+06
    Temperature Pres. DC (bar) Pressure (bar)   Constr. rmsd
    3.10698e+02   -2.18650e+02    1.26848e+02    1.65798e-06

           Step           Time
         145000      145.00000

   Energies (kJ/mol)
           Bond          Angle    Proper Dih. Per. Imp. Dih.          LJ-14
    6.10182e+03    2.00318e+04    2.49514e+04    1.32490e+03    6.33885e+03
     Coulomb-14        LJ (SR)  Disper. corr.   Coulomb (SR)   Coul. recip.
    7.40970e+04    1.37096e+05   -1.04918e+04   -1.29305e+06    8.71631e+03
 Position Rest.      Potential    Kinetic En.   Total Energy  Conserved En.
    5.51723e+03   -1.01936e+06    2.08247e+05   -8.11118e+05   -1.23783e+06
    Temperature Pres. DC (bar) Pressure (bar)   Constr. rmsd
    3.09992e+02   -2.18939e+02   -1.35248e+01    1.65798e-06

           Step           Time
         150000      150.00000

   Energies (kJ/mol)
           Bond          Angle    Proper Dih. Per. Imp. Dih.          LJ-14
    6.01196e+03    2.02723e+04    2.45715e+04    1.23808e+03    6.41887e+03
     Coulomb-14        LJ (SR)  Disper. corr.   Coulomb (SR)   Coul. recip.
    7.41302e+04    1.37433e+05   -1.04931e+04   -1.29193e+06    8.81037e+03
 Position Rest.      Potential    Kinetic En.   Total Energy  Conserved En.
    5.47136e+03   -1.01807e+06    2.08674e+05   -8.09392e+05   -1.23785e+06
    Temperature Pres. DC (bar) Pressure (bar)   Constr. rmsd
    3.10628e+02   -2.18994e+02    1.07268e+02    1.65798e-06

           Step           Time
         155000      155.00000

   Energies (kJ/mol)
           Bond          Angle    Proper Dih. Per. Imp. Dih.          LJ-14
    5.96638e+03    2.06272e+04    2.48215e+04    1.25790e+03    6.31941e+03
     Coulomb-14        LJ (SR)  Disper. corr.   Coulomb (SR)   Coul. recip.
    7.38342e+04    1.37244e+05   -1.05000e+04   -1.28973e+06    8.73423e+03
 Position Rest.      Potential    Kinetic En.   Total Energy  Conserved En.
    5.42346e+03   -1.01600e+06    2.09753e+05   -8.06249e+05   -1.23784e+06
    Temperature Pres. DC (bar) Pressure (bar)   Constr. rmsd
    3.12236e+02   -2.19280e+02    1.20192e+02    1.65798e-06

           Step           Time
         160000      160.00000

   Energies (kJ/mol)
           Bond          Angle    Proper Dih. Per. Imp. Dih.          LJ-14
    5.86275e+03    2.01802e+04    2.46172e+04    1.40448e+03    6.30057e+03
     Coulomb-14        LJ (SR)  Disper. corr.   Coulomb (SR)   Coul. recip.
    7.37105e+04    1.36395e+05   -1.04957e+04   -1.29244e+06    8.61285e+03
 Position Rest.      Potential    Kinetic En.   Total Energy  Conserved En.
    5.36827e+03   -1.02049e+06    2.06857e+05   -8.13630e+05   -1.23782e+06
    Temperature Pres. DC (bar) Pressure (bar)   Constr. rmsd
    3.07924e+02   -2.19104e+02   -4.58980e+01    1.65798e-06

           Step           Time
         165000      165.00000

   Energies (kJ/mol)
           Bond          Angle    Proper Dih. Per. Imp. Dih.          LJ-14
    6.15928e+03    2.00642e+04    2.46330e+04    1.30248e+03    6.26228e+03
     Coulomb-14        LJ (SR)  Disper. corr.   Coulomb (SR)   Coul. recip.
    7.40372e+04    1.36741e+05   -1.05037e+04   -1.29419e+06    8.62298e+03
 Position Rest.      Potential    Kinetic En.   Total Energy  Conserved En.
    5.43891e+03   -1.02143e+06    2.08562e+05   -8.12872e+05   -1.23781e+06
    Temperature Pres. DC (bar) Pressure (bar)   Constr. rmsd
    3.10462e+02   -2.19438e+02   -1.12657e+02    1.65798e-06

           Step           Time
         170000      170.00000

   Energies (kJ/mol)
           Bond          Angle    Proper Dih. Per. Imp. Dih.          LJ-14
    5.86595e+03    2.08486e+04    2.45151e+04    1.33229e+03    6.42573e+03
     Coulomb-14        LJ (SR)  Disper. corr.   Coulomb (SR)   Coul. recip.
    7.40226e+04    1.35969e+05   -1.05076e+04   -1.29365e+06    8.69177e+03
 Position Rest.      Potential    Kinetic En.   Total Energy  Conserved En.
    5.28709e+03   -1.02120e+06    2.09338e+05   -8.11865e+05   -1.23781e+06
    Temperature Pres. DC (bar) Pressure (bar)   Constr. rmsd
    3.11618e+02   -2.19597e+02   -1.30529e+02    1.65798e-06

           Step           Time
         175000      175.00000

   Energies (kJ/mol)
           Bond          Angle    Proper Dih. Per. Imp. Dih.          LJ-14
    5.99386e+03    2.02867e+04    2.48155e+04    1.33798e+03    6.38419e+03
     Coulomb-14        LJ (SR)  Disper. corr.   Coulomb (SR)   Coul. recip.
    7.39367e+04    1.36636e+05   -1.04961e+04   -1.29087e+06    8.76066e+03
 Position Rest.      Potential    Kinetic En.   Total Energy  Conserved En.
    5.29835e+03   -1.01792e+06    2.07557e+05   -8.10361e+05   -1.23783e+06
    Temperature Pres. DC (bar) Pressure (bar)   Constr. rmsd
    3.08966e+02   -2.19117e+02    7.51870e+01    1.65798e-06

           Step           Time
         180000      180.00000

   Energies (kJ/mol)
           Bond          Angle    Proper Dih. Per. Imp. Dih.          LJ-14
    6.10879e+03    2.02261e+04    2.47994e+04    1.16490e+03    6.47177e+03
     Coulomb-14        LJ (SR)  Disper. corr.   Coulomb (SR)   Coul. recip.
    7.39148e+04    1.35802e+05   -1.04959e+04   -1.29129e+06    8.70658e+03
 Position Rest.      Potential    Kinetic En.   Total Energy  Conserved En.
    5.47280e+03   -1.01912e+06    2.08064e+05   -8.11057e+05   -1.23781e+06
    Temperature Pres. DC (bar) Pressure (bar)   Constr. rmsd
    3.09721e+02   -2.19110e+02   -8.11471e+01    1.65798e-06

           Step           Time
         185000      185.00000

   Energies (kJ/mol)
           Bond          Angle    Proper Dih. Per. Imp. Dih.          LJ-14
    5.96582e+03    2.02251e+04    2.46659e+04    1.34185e+03    6.40023e+03
     Coulomb-14        LJ (SR)  Disper. corr.   Coulomb (SR)   Coul. recip.
    7.40605e+04    1.38225e+05   -1.04942e+04   -1.29211e+06    8.66385e+03
 Position Rest.      Potential    Kinetic En.   Total Energy  Conserved En.
    5.39282e+03   -1.01766e+06    2.07904e+05   -8.09760e+05   -1.23785e+06
    Temperature Pres. DC (bar) Pressure (bar)   Constr. rmsd
    3.09482e+02   -2.19041e+02    1.81031e+02    1.65798e-06

           Step           Time
         190000      190.00000

   Energies (kJ/mol)
           Bond          Angle    Proper Dih. Per. Imp. Dih.          LJ-14
    5.96418e+03    2.03790e+04    2.48441e+04    1.24470e+03    6.40443e+03
     Coulomb-14        LJ (SR)  Disper. corr.   Coulomb (SR)   Coul. recip.
    7.37294e+04    1.38259e+05   -1.05056e+04   -1.29361e+06    8.62460e+03
 Position Rest.      Potential    Kinetic En.   Total Energy  Conserved En.
    5.11505e+03   -1.01955e+06    2.08348e+05   -8.11198e+05   -1.23786e+06
    Temperature Pres. DC (bar) Pressure (bar)   Constr. rmsd
    3.10144e+02   -2.19514e+02    2.50565e+02    1.65798e-06

           Step           Time
         195000      195.00000

   Energies (kJ/mol)
           Bond          Angle    Proper Dih. Per. Imp. Dih.          LJ-14
    5.94215e+03    2.01225e+04    2.45691e+04    1.31124e+03    6.42331e+03
     Coulomb-14        LJ (SR)  Disper. corr.   Coulomb (SR)   Coul. recip.
    7.40637e+04    1.36501e+05   -1.04960e+04   -1.29213e+06    8.54583e+03
 Position Rest.      Potential    Kinetic En.   Total Energy  Conserved En.
    5.39823e+03   -1.01975e+06    2.07285e+05   -8.12468e+05   -1.23784e+06
    Temperature Pres. DC (bar) Pressure (bar)   Constr. rmsd
    3.08561e+02   -2.19114e+02    3.79040e+01    1.65798e-06

           Step           Time
         200000      200.00000

   Energies (kJ/mol)
           Bond          Angle    Proper Dih. Per. Imp. Dih.          LJ-14
    6.13867e+03    2.02240e+04    2.49433e+04    1.26386e+03    6.30907e+03
     Coulomb-14        LJ (SR)  Disper. corr.   Coulomb (SR)   Coul. recip.
    7.38790e+04    1.37626e+05   -1.04932e+04   -1.29519e+06    8.67703e+03
 Position Rest.      Potential    Kinetic En.   Total Energy  Conserved En.
    5.39032e+03   -1.02123e+06    2.07923e+05   -8.13312e+05   -1.23783e+06
    Temperature Pres. DC (bar) Pressure (bar)   Constr. rmsd
    3.09510e+02   -2.18999e+02   -8.67481e+01    1.65798e-06

           Step           Time
         205000      205.00000

   Energies (kJ/mol)
           Bond          Angle    Proper Dih. Per. Imp. Dih.          LJ-14
    5.93254e+03    2.04181e+04    2.45306e+04    1.40512e+03    6.41986e+03
     Coulomb-14        LJ (SR)  Disper. corr.   Coulomb (SR)   Coul. recip.
    7.36579e+04    1.37212e+05   -1.04909e+04   -1.29282e+06    8.59641e+03
 Position Rest.      Potential    Kinetic En.   Total Energy  Conserved En.
    5.42805e+03   -1.01971e+06    2.09190e+05   -8.10516e+05   -1.23785e+06
    Temperature Pres. DC (bar) Pressure (bar)   Constr. rmsd
    3.11397e+02   -2.18903e+02    4.89554e+01    1.65798e-06

           Step           Time
         210000      210.00000

   Energies (kJ/mol)
           Bond          Angle    Proper Dih. Per. Imp. Dih.          LJ-14
    6.01955e+03    2.00538e+04    2.45040e+04    1.27993e+03    6.41683e+03
     Coulomb-14        LJ (SR)  Disper. corr.   Coulomb (SR)   Coul. recip.
    7.43622e+04    1.38325e+05   -1.04877e+04   -1.29365e+06    8.73101e+03
 Position Rest.      Potential    Kinetic En.   Total Energy  Conserved En.
    5.48538e+03   -1.01896e+06    2.08043e+05   -8.10914e+05   -1.23785e+06
    Temperature Pres. DC (bar) Pressure (bar)   Constr. rmsd
    3.09690e+02   -2.18768e+02    6.12805e+01    1.65798e-06

           Step           Time
         215000      215.00000

   Energies (kJ/mol)
           Bond          Angle    Proper Dih. Per. Imp. Dih.          LJ-14
    5.99433e+03    2.01779e+04    2.46550e+04    1.26082e+03    6.40206e+03
     Coulomb-14        LJ (SR)  Disper. corr.   Coulomb (SR)   Coul. recip.
    7.40796e+04    1.35676e+05   -1.04895e+04   -1.28902e+06    8.71935e+03
 Position Rest.      Potential    Kinetic En.   Total Energy  Conserved En.
    5.31064e+03   -1.01724e+06    2.08568e+05   -8.08670e+05   -1.23785e+06
    Temperature Pres. DC (bar) Pressure (bar)   Constr. rmsd
    3.10471e+02   -2.18845e+02   -2.53794e+01    1.65798e-06

           Step           Time
         220000      220.00000

   Energies (kJ/mol)
           Bond          Angle    Proper Dih. Per. Imp. Dih.          LJ-14
    5.83063e+03    1.99687e+04    2.45695e+04    1.29626e+03    6.34098e+03
     Coulomb-14        LJ (SR)  Disper. corr.   Coulomb (SR)   Coul. recip.
    7.39858e+04    1.36668e+05   -1.04973e+04   -1.29225e+06    8.79539e+03
 Position Rest.      Potential    Kinetic En.   Total Energy  Conserved En.
    5.49902e+03   -1.01979e+06    2.08886e+05   -8.10902e+05   -1.23788e+06
    Temperature Pres. DC (bar) Pressure (bar)   Constr. rmsd
    3.10945e+02   -2.19169e+02    1.69899e+02    1.65798e-06

           Step           Time
         225000      225.00000

   Energies (kJ/mol)
           Bond          Angle    Proper Dih. Per. Imp. Dih.          LJ-14
    6.19359e+03    2.03123e+04    2.45953e+04    1.27563e+03    6.31733e+03
     Coulomb-14        LJ (SR)  Disper. corr.   Coulomb (SR)   Coul. recip.
    7.39529e+04    1.36206e+05   -1.04863e+04   -1.29250e+06    8.58351e+03
 Position Rest.      Potential    Kinetic En.   Total Energy  Conserved En.
    5.41746e+03   -1.02013e+06    2.08507e+05   -8.11625e+05   -1.23784e+06
    Temperature Pres. DC (bar) Pressure (bar)   Constr. rmsd
    3.10380e+02   -2.18709e+02   -6.42755e+01    1.65798e-06

           Step           Time
         230000      230.00000

   Energies (kJ/mol)
           Bond          Angle    Proper Dih. Per. Imp. Dih.          LJ-14
    5.85007e+03    2.06080e+04    2.46609e+04    1.29720e+03    6.47644e+03
     Coulomb-14        LJ (SR)  Disper. corr.   Coulomb (SR)   Coul. recip.
    7.42471e+04    1.37024e+05   -1.04915e+04   -1.29300e+06    8.58349e+03
 Position Rest.      Potential    Kinetic En.   Total Energy  Conserved En.
    5.44610e+03   -1.01930e+06    2.09663e+05   -8.09638e+05   -1.23785e+06
    Temperature Pres. DC (bar) Pressure (bar)   Constr. rmsd
    3.12101e+02   -2.18929e+02    2.50761e+01    1.65798e-06

           Step           Time
         235000      235.00000

   Energies (kJ/mol)
           Bond          Angle    Proper Dih. Per. Imp. Dih.          LJ-14
    6.03214e+03    2.01607e+04    2.46364e+04    1.26039e+03    6.27377e+03
     Coulomb-14        LJ (SR)  Disper. corr.   Coulomb (SR)   Coul. recip.
    7.41658e+04    1.37331e+05   -1.04892e+04   -1.29275e+06    8.63496e+03
 Position Rest.      Potential    Kinetic En.   Total Energy  Conserved En.
    5.37666e+03   -1.01937e+06    2.08308e+05   -8.11063e+05   -1.23784e+06
    Temperature Pres. DC (bar) Pressure (bar)   Constr. rmsd
    3.10084e+02   -2.18830e+02   -3.70622e+01    1.65798e-06

           Step           Time
         240000      240.00000

   Energies (kJ/mol)
           Bond          Angle    Proper Dih. Per. Imp. Dih.          LJ-14
    6.17791e+03    1.99535e+04    2.48659e+04    1.34554e+03    6.30203e+03
     Coulomb-14        LJ (SR)  Disper. corr.   Coulomb (SR)   Coul. recip.
    7.42924e+04    1.36883e+05   -1.04909e+04   -1.29407e+06    8.65138e+03
 Position Rest.      Potential    Kinetic En.   Total Energy  Conserved En.
    5.38168e+03   -1.02071e+06    2.07440e+05   -8.13270e+05   -1.23784e+06
    Temperature Pres. DC (bar) Pressure (bar)   Constr. rmsd
    3.08793e+02   -2.18901e+02   -1.93603e+01    1.65798e-06

           Step           Time
         245000      245.00000

   Energies (kJ/mol)
           Bond          Angle    Proper Dih. Per. Imp. Dih.          LJ-14
    6.25672e+03    1.99171e+04    2.46396e+04    1.22369e+03    6.27483e+03
     Coulomb-14        LJ (SR)  Disper. corr.   Coulomb (SR)   Coul. recip.
    7.41785e+04    1.37238e+05   -1.05003e+04   -1.29442e+06    8.65125e+03
 Position Rest.      Potential    Kinetic En.   Total Energy  Conserved En.
    5.53704e+03   -1.02100e+06    2.09439e+05   -8.11562e+05   -1.23785e+06
    Temperature Pres. DC (bar) Pressure (bar)   Constr. rmsd
    3.11767e+02   -2.19296e+02   -2.89447e+01    1.65798e-06

           Step           Time
         250000      250.00000

   Energies (kJ/mol)
           Bond          Angle    Proper Dih. Per. Imp. Dih.          LJ-14
    6.02441e+03    2.02935e+04    2.46281e+04    1.29859e+03    6.46417e+03
     Coulomb-14        LJ (SR)  Disper. corr.   Coulomb (SR)   Coul. recip.
    7.41789e+04    1.37945e+05   -1.04913e+04   -1.29300e+06    8.56101e+03
 Position Rest.      Potential    Kinetic En.   Total Energy  Conserved En.
    5.37603e+03   -1.01872e+06    2.08911e+05   -8.09810e+05   -1.23786e+06
    Temperature Pres. DC (bar) Pressure (bar)   Constr. rmsd
    3.10982e+02   -2.18920e+02    1.06887e+02    1.65798e-06

           Step           Time
         255000      255.00000

   Energies (kJ/mol)
           Bond          Angle    Proper Dih. Per. Imp. Dih.          LJ-14
    6.11914e+03    2.04401e+04    2.47382e+04    1.35379e+03    6.36098e+03
     Coulomb-14        LJ (SR)  Disper. corr.   Coulomb (SR)   Coul. recip.
    7.39606e+04    1.37122e+05   -1.04942e+04   -1.29223e+06    8.70918e+03
 Position Rest.      Potential    Kinetic En.   Total Energy  Conserved En.
    5.28255e+03   -1.01864e+06    2.07920e+05   -8.10716e+05   -1.23784e+06
    Temperature Pres. DC (bar) Pressure (bar)   Constr. rmsd
    3.09507e+02   -2.19042e+02    5.77716e+01    1.65798e-06

           Step           Time
         260000      260.00000

   Energies (kJ/mol)
           Bond          Angle    Proper Dih. Per. Imp. Dih.          LJ-14
    5.97034e+03    1.96193e+04    2.47388e+04    1.26299e+03    6.54749e+03
     Coulomb-14        LJ (SR)  Disper. corr.   Coulomb (SR)   Coul. recip.
    7.42240e+04    1.37741e+05   -1.04886e+04   -1.29375e+06    8.71378e+03
 Position Rest.      Potential    Kinetic En.   Total Energy  Conserved En.
    5.48896e+03   -1.01993e+06    2.07766e+05   -8.12166e+05   -1.23785e+06
    Temperature Pres. DC (bar) Pressure (bar)   Constr. rmsd
    3.09278e+02   -2.18805e+02    1.38637e+02    1.65798e-06

           Step           Time
         265000      265.00000

   Energies (kJ/mol)
           Bond          Angle    Proper Dih. Per. Imp. Dih.          LJ-14
    5.97152e+03    2.01675e+04    2.45562e+04    1.29158e+03    6.28545e+03
     Coulomb-14        LJ (SR)  Disper. corr.   Coulomb (SR)   Coul. recip.
    7.36968e+04    1.36031e+05   -1.04967e+04   -1.29255e+06    8.86193e+03
 Position Rest.      Potential    Kinetic En.   Total Energy  Conserved En.
    5.20473e+03   -1.02098e+06    2.07858e+05   -8.13121e+05   -1.23782e+06
    Temperature Pres. DC (bar) Pressure (bar)   Constr. rmsd
    3.09414e+02   -2.19145e+02   -1.28537e+02    1.65798e-06

           Step           Time
         270000      270.00000

   Energies (kJ/mol)
           Bond          Angle    Proper Dih. Per. Imp. Dih.          LJ-14
    6.12162e+03    2.03910e+04    2.46508e+04    1.35539e+03    6.42204e+03
     Coulomb-14        LJ (SR)  Disper. corr.   Coulomb (SR)   Coul. recip.
    7.39948e+04    1.36980e+05   -1.04957e+04   -1.29228e+06    8.71613e+03
 Position Rest.      Potential    Kinetic En.   Total Energy  Conserved En.
    5.16916e+03   -1.01898e+06    2.08973e+05   -8.10003e+05   -1.23784e+06
    Temperature Pres. DC (bar) Pressure (bar)   Constr. rmsd
    3.11073e+02   -2.19104e+02    3.27421e+01    1.65798e-06

           Step           Time
         275000      275.00000

   Energies (kJ/mol)
           Bond          Angle    Proper Dih. Per. Imp. Dih.          LJ-14
    5.91347e+03    2.04220e+04    2.46137e+04    1.27900e+03    6.33086e+03
     Coulomb-14        LJ (SR)  Disper. corr.   Coulomb (SR)   Coul. recip.
    7.40500e+04    1.37024e+05   -1.04888e+04   -1.29406e+06    8.57768e+03
 Position Rest.      Potential    Kinetic En.   Total Energy  Conserved En.
    5.43007e+03   -1.02091e+06    2.08670e+05   -8.12238e+05   -1.23785e+06
    Temperature Pres. DC (bar) Pressure (bar)   Constr. rmsd
    3.10622e+02   -2.18814e+02    4.04734e+01    1.65798e-06

           Step           Time
         280000      280.00000

   Energies (kJ/mol)
           Bond          Angle    Proper Dih. Per. Imp. Dih.          LJ-14
    6.14108e+03    2.06934e+04    2.44894e+04    1.19008e+03    6.32971e+03
     Coulomb-14        LJ (SR)  Disper. corr.   Coulomb (SR)   Coul. recip.
    7.41446e+04    1.37847e+05   -1.04951e+04   -1.29296e+06    8.69202e+03
 Position Rest.      Potential    Kinetic En.   Total Energy  Conserved En.
    5.42001e+03   -1.01851e+06    2.09000e+05   -8.09513e+05   -1.23785e+06
    Temperature Pres. DC (bar) Pressure (bar)   Constr. rmsd
    3.11114e+02   -2.19078e+02    3.89153e+01    1.65798e-06

           Step           Time
         285000      285.00000

   Energies (kJ/mol)
           Bond          Angle    Proper Dih. Per. Imp. Dih.          LJ-14
    6.12069e+03    1.98259e+04    2.45848e+04    1.37838e+03    6.31400e+03
     Coulomb-14        LJ (SR)  Disper. corr.   Coulomb (SR)   Coul. recip.
    7.36540e+04    1.38198e+05   -1.04968e+04   -1.29530e+06    8.67424e+03
 Position Rest.      Potential    Kinetic En.   Total Energy  Conserved En.
    5.43440e+03   -1.02162e+06    2.06912e+05   -8.14705e+05   -1.23782e+06
    Temperature Pres. DC (bar) Pressure (bar)   Constr. rmsd
    3.08006e+02   -2.19148e+02   -1.20616e+02    1.65798e-06

           Step           Time
         290000      290.00000

   Energies (kJ/mol)
           Bond          Angle    Proper Dih. Per. Imp. Dih.          LJ-14
    6.05381e+03    2.03737e+04    2.48405e+04    1.30456e+03    6.47132e+03
     Coulomb-14        LJ (SR)  Disper. corr.   Coulomb (SR)   Coul. recip.
    7.39761e+04    1.39118e+05   -1.04947e+04   -1.29457e+06    8.58828e+03
 Position Rest.      Potential    Kinetic En.   Total Energy  Conserved En.
    5.19882e+03   -1.01914e+06    2.08783e+05   -8.10360e+05   -1.23786e+06
    Temperature Pres. DC (bar) Pressure (bar)   Constr. rmsd
    3.10791e+02   -2.19063e+02    2.52839e+02    1.65798e-06

           Step           Time
         295000      295.00000

   Energies (kJ/mol)
           Bond          Angle    Proper Dih. Per. Imp. Dih.          LJ-14
    6.18945e+03    2.02950e+04    2.46019e+04    1.29130e+03    6.33754e+03
     Coulomb-14        LJ (SR)  Disper. corr.   Coulomb (SR)   Coul. recip.
    7.40098e+04    1.36129e+05   -1.04848e+04   -1.29002e+06    8.66764e+03
 Position Rest.      Potential    Kinetic En.   Total Energy  Conserved En.
    5.60221e+03   -1.01738e+06    2.08863e+05   -8.08521e+05   -1.23784e+06
    Temperature Pres. DC (bar) Pressure (bar)   Constr. rmsd
    3.10910e+02   -2.18648e+02    9.16289e+00    1.65798e-06

           Step           Time
         300000      300.00000

   Energies (kJ/mol)
           Bond          Angle    Proper Dih. Per. Imp. Dih.          LJ-14
    6.14475e+03    2.03701e+04    2.46229e+04    1.23986e+03    6.42268e+03
     Coulomb-14        LJ (SR)  Disper. corr.   Coulomb (SR)   Coul. recip.
    7.40013e+04    1.37420e+05   -1.04919e+04   -1.29304e+06    8.55873e+03
 Position Rest.      Potential    Kinetic En.   Total Energy  Conserved En.
    5.43858e+03   -1.01931e+06    2.08307e+05   -8.11004e+05   -1.23784e+06
    Temperature Pres. DC (bar) Pressure (bar)   Constr. rmsd
    3.10082e+02   -2.18946e+02    8.54232e+01    1.65798e-06

           Step           Time
         305000      305.00000

   Energies (kJ/mol)
           Bond          Angle    Proper Dih. Per. Imp. Dih.          LJ-14
    6.34194e+03    2.02230e+04    2.44674e+04    1.32644e+03    6.26652e+03
     Coulomb-14        LJ (SR)  Disper. corr.   Coulomb (SR)   Coul. recip.
    7.38885e+04    1.37702e+05   -1.04829e+04   -1.29198e+06    8.71687e+03
 Position Rest.      Potential    Kinetic En.   Total Energy  Conserved En.
    5.43914e+03   -1.01809e+06    2.08580e+05   -8.09509e+05   -1.23785e+06
    Temperature Pres. DC (bar) Pressure (bar)   Constr. rmsd
    3.10489e+02   -2.18569e+02    3.58156e+01    1.65798e-06

           Step           Time
         310000      310.00000

   Energies (kJ/mol)
           Bond          Angle    Proper Dih. Per. Imp. Dih.          LJ-14
    5.95346e+03    2.01984e+04    2.46287e+04    1.27709e+03    6.44140e+03
     Coulomb-14        LJ (SR)  Disper. corr.   Coulomb (SR)   Coul. recip.
    7.40748e+04    1.36045e+05   -1.04866e+04   -1.29132e+06    8.75893e+03
 Position Rest.      Potential    Kinetic En.   Total Energy  Conserved En.
    5.44607e+03   -1.01898e+06    2.08133e+05   -8.10851e+05   -1.23782e+06
    Temperature Pres. DC (bar) Pressure (bar)   Constr. rmsd
    3.09823e+02   -2.18723e+02   -7.42348e+01    1.65798e-06

           Step           Time
         315000      315.00000

   Energies (kJ/mol)
           Bond          Angle    Proper Dih. Per. Imp. Dih.          LJ-14
    6.03437e+03    1.99766e+04    2.45034e+04    1.21778e+03    6.35387e+03
     Coulomb-14        LJ (SR)  Disper. corr.   Coulomb (SR)   Coul. recip.
    7.47561e+04    1.36588e+05   -1.04909e+04   -1.29234e+06    8.66045e+03
 Position Rest.      Potential    Kinetic En.   Total Energy  Conserved En.
    5.44007e+03   -1.01930e+06    2.08147e+05   -8.11152e+05   -1.23782e+06
    Temperature Pres. DC (bar) Pressure (bar)   Constr. rmsd
    3.09844e+02   -2.18902e+02   -1.15224e+02    1.65798e-06

           Step           Time
         320000      320.00000

   Energies (kJ/mol)
           Bond          Angle    Proper Dih. Per. Imp. Dih.          LJ-14
    6.10261e+03    2.01831e+04    2.46786e+04    1.25596e+03    6.47397e+03
     Coulomb-14        LJ (SR)  Disper. corr.   Coulomb (SR)   Coul. recip.
    7.41232e+04    1.38459e+05   -1.04946e+04   -1.29586e+06    8.65261e+03
 Position Rest.      Potential    Kinetic En.   Total Energy  Conserved En.
    5.50971e+03   -1.02092e+06    2.09186e+05   -8.11730e+05   -1.23785e+06
    Temperature Pres. DC (bar) Pressure (bar)   Constr. rmsd
    3.11391e+02   -2.19057e+02    1.21849e+02    1.65798e-06

           Step           Time
         325000      325.00000

   Energies (kJ/mol)
           Bond          Angle    Proper Dih. Per. Imp. Dih.          LJ-14
    6.04338e+03    1.99249e+04    2.46312e+04    1.38279e+03    6.41810e+03
     Coulomb-14        LJ (SR)  Disper. corr.   Coulomb (SR)   Coul. recip.
    7.39405e+04    1.36129e+05   -1.04867e+04   -1.29204e+06    8.54447e+03
 Position Rest.      Potential    Kinetic En.   Total Energy  Conserved En.
    5.34983e+03   -1.02016e+06    2.08798e+05   -8.11359e+05   -1.23785e+06
    Temperature Pres. DC (bar) Pressure (bar)   Constr. rmsd
    3.10814e+02   -2.18728e+02    2.91873e+01    1.65798e-06

           Step           Time
         330000      330.00000

   Energies (kJ/mol)
           Bond          Angle    Proper Dih. Per. Imp. Dih.          LJ-14
    6.10725e+03    1.99851e+04    2.45468e+04    1.21335e+03    6.36204e+03
     Coulomb-14        LJ (SR)  Disper. corr.   Coulomb (SR)   Coul. recip.
    7.39228e+04    1.37511e+05   -1.04798e+04   -1.29316e+06    8.73783e+03
 Position Rest.      Potential    Kinetic En.   Total Energy  Conserved En.
    5.53382e+03   -1.01972e+06    2.07849e+05   -8.11867e+05   -1.23783e+06
    Temperature Pres. DC (bar) Pressure (bar)   Constr. rmsd
    3.09401e+02   -2.18439e+02   -7.91056e+01    1.65798e-06

           Step           Time
         335000      335.00000

   Energies (kJ/mol)
           Bond          Angle    Proper Dih. Per. Imp. Dih.          LJ-14
    5.98650e+03    2.03739e+04    2.48304e+04    1.31307e+03    6.44840e+03
     Coulomb-14        LJ (SR)  Disper. corr.   Coulomb (SR)   Coul. recip.
    7.45363e+04    1.38069e+05   -1.04912e+04   -1.29499e+06    8.62643e+03
 Position Rest.      Potential    Kinetic En.   Total Energy  Conserved En.
    5.36369e+03   -1.01994e+06    2.08428e+05   -8.11511e+05   -1.23784e+06
    Temperature Pres. DC (bar) Pressure (bar)   Constr. rmsd
    3.10262e+02   -2.18917e+02    7.55294e+01    1.65798e-06

           Step           Time
         340000      340.00000

   Energies (kJ/mol)
           Bond          Angle    Proper Dih. Per. Imp. Dih.          LJ-14
    5.98446e+03    2.00740e+04    2.44199e+04    1.28306e+03    6.39235e+03
     Coulomb-14        LJ (SR)  Disper. corr.   Coulomb (SR)   Coul. recip.
    7.39232e+04    1.38189e+05   -1.04948e+04   -1.29403e+06    8.63319e+03
 Position Rest.      Potential    Kinetic En.   Total Energy  Conserved En.
    5.77039e+03   -1.01986e+06    2.08180e+05   -8.11677e+05   -1.23784e+06
    Temperature Pres. DC (bar) Pressure (bar)   Constr. rmsd
    3.09894e+02   -2.19065e+02    9.60364e+01    1.65798e-06

           Step           Time
         345000      345.00000

   Energies (kJ/mol)
           Bond          Angle    Proper Dih. Per. Imp. Dih.          LJ-14
    5.97032e+03    2.02837e+04    2.46338e+04    1.25419e+03    6.45493e+03
     Coulomb-14        LJ (SR)  Disper. corr.   Coulomb (SR)   Coul. recip.
    7.38897e+04    1.36355e+05   -1.05042e+04   -1.29327e+06    8.60949e+03
 Position Rest.      Potential    Kinetic En.   Total Energy  Conserved En.
    5.34850e+03   -1.02097e+06    2.09125e+05   -8.11847e+05   -1.23785e+06
    Temperature Pres. DC (bar) Pressure (bar)   Constr. rmsd
    3.11299e+02   -2.19456e+02    5.36243e+01    1.65798e-06

           Step           Time
         350000      350.00000

   Energies (kJ/mol)
           Bond          Angle    Proper Dih. Per. Imp. Dih.          LJ-14
    6.03737e+03    1.99560e+04    2.46707e+04    1.27250e+03    6.41171e+03
     Coulomb-14        LJ (SR)  Disper. corr.   Coulomb (SR)   Coul. recip.
    7.42132e+04    1.37191e+05   -1.05036e+04   -1.29365e+06    8.64071e+03
 Position Rest.      Potential    Kinetic En.   Total Energy  Conserved En.
    5.55590e+03   -1.02020e+06    2.08009e+05   -8.12196e+05   -1.23783e+06
    Temperature Pres. DC (bar) Pressure (bar)   Constr. rmsd
    3.09639e+02   -2.19433e+02    2.29344e+01    1.65798e-06

           Step           Time
         355000      355.00000

   Energies (kJ/mol)
           Bond          Angle    Proper Dih. Per. Imp. Dih.          LJ-14
    5.97123e+03    2.04329e+04    2.45511e+04    1.29297e+03    6.48615e+03
     Coulomb-14        LJ (SR)  Disper. corr.   Coulomb (SR)   Coul. recip.
    7.38564e+04    1.38835e+05   -1.04992e+04   -1.29513e+06    8.70172e+03
 Position Rest.      Potential    Kinetic En.   Total Energy  Conserved En.
    5.46012e+03   -1.02004e+06    2.07350e+05   -8.12692e+05   -1.23785e+06
    Temperature Pres. DC (bar) Pressure (bar)   Constr. rmsd
    3.08657e+02   -2.19249e+02    1.68362e+02    1.65798e-06

           Step           Time
         360000      360.00000

   Energies (kJ/mol)
           Bond          Angle    Proper Dih. Per. Imp. Dih.          LJ-14
    5.90009e+03    1.98137e+04    2.43985e+04    1.28069e+03    6.33129e+03
     Coulomb-14        LJ (SR)  Disper. corr.   Coulomb (SR)   Coul. recip.
    7.38858e+04    1.35997e+05   -1.04875e+04   -1.29131e+06    8.63480e+03
 Position Rest.      Potential    Kinetic En.   Total Energy  Conserved En.
    5.35531e+03   -1.02020e+06    2.08129e+05   -8.12075e+05   -1.23782e+06
    Temperature Pres. DC (bar) Pressure (bar)   Constr. rmsd
    3.09817e+02   -2.18761e+02   -1.47583e+02    1.65798e-06

           Step           Time
         365000      365.00000

   Energies (kJ/mol)
           Bond          Angle    Proper Dih. Per. Imp. Dih.          LJ-14
    5.91969e+03    2.02397e+04    2.44285e+04    1.25830e+03    6.40020e+03
     Coulomb-14        LJ (SR)  Disper. corr.   Coulomb (SR)   Coul. recip.
    7.42382e+04    1.37938e+05   -1.04937e+04   -1.29475e+06    8.70232e+03
 Position Rest.      Potential    Kinetic En.   Total Energy  Conserved En.
    5.62805e+03   -1.02049e+06    2.07581e+05   -8.12911e+05   -1.23785e+06
    Temperature Pres. DC (bar) Pressure (bar)   Constr. rmsd
    3.09002e+02   -2.19019e+02    1.36589e+02    1.65798e-06

           Step           Time
         370000      370.00000

   Energies (kJ/mol)
           Bond          Angle    Proper Dih. Per. Imp. Dih.          LJ-14
    6.04598e+03    2.01444e+04    2.44532e+04    1.30078e+03    6.41459e+03
     Coulomb-14        LJ (SR)  Disper. corr.   Coulomb (SR)   Coul. recip.
    7.38613e+04    1.35839e+05   -1.04907e+04   -1.29143e+06    8.64864e+03
 Position Rest.      Potential    Kinetic En.   Total Energy  Conserved En.
    5.38662e+03   -1.01982e+06    2.07719e+05   -8.12103e+05   -1.23783e+06
    Temperature Pres. DC (bar) Pressure (bar)   Constr. rmsd
    3.09207e+02   -2.18894e+02   -2.57471e+01    1.65798e-06

           Step           Time
         375000      375.00000

   Energies (kJ/mol)
           Bond          Angle    Proper Dih. Per. Imp. Dih.          LJ-14
    6.10185e+03    2.01127e+04    2.42530e+04    1.30661e+03    6.41778e+03
     Coulomb-14        LJ (SR)  Disper. corr.   Coulomb (SR)   Coul. recip.
    7.40034e+04    1.34863e+05   -1.04968e+04   -1.28938e+06    8.52683e+03
 Position Rest.      Potential    Kinetic En.   Total Energy  Conserved En.
    5.56603e+03   -1.01873e+06    2.07448e+05   -8.11280e+05   -1.23782e+06
    Temperature Pres. DC (bar) Pressure (bar)   Constr. rmsd
    3.08803e+02   -2.19147e+02   -9.36385e+01    1.65798e-06

           Step           Time
         380000      380.00000

   Energies (kJ/mol)
           Bond          Angle    Proper Dih. Per. Imp. Dih.          LJ-14
    6.15540e+03    1.98178e+04    2.45596e+04    1.29506e+03    6.29031e+03
     Coulomb-14        LJ (SR)  Disper. corr.   Coulomb (SR)   Coul. recip.
    7.40334e+04    1.36487e+05   -1.05001e+04   -1.29464e+06    8.55338e+03
 Position Rest.      Potential    Kinetic En.   Total Energy  Conserved En.
    5.40586e+03   -1.02254e+06    2.08724e+05   -8.13818e+05   -1.23781e+06
    Temperature Pres. DC (bar) Pressure (bar)   Constr. rmsd
    3.10704e+02   -2.19286e+02   -1.33738e+02    1.65798e-06

           Step           Time
         385000      385.00000

   Energies (kJ/mol)
           Bond          Angle    Proper Dih. Per. Imp. Dih.          LJ-14
    5.82251e+03    2.01808e+04    2.47436e+04    1.35499e+03    6.42369e+03
     Coulomb-14        LJ (SR)  Disper. corr.   Coulomb (SR)   Coul. recip.
    7.39298e+04    1.35685e+05   -1.05010e+04   -1.28976e+06    8.61755e+03
 Position Rest.      Potential    Kinetic En.   Total Energy  Conserved En.
    5.46486e+03   -1.01804e+06    2.07279e+05   -8.10762e+05   -1.23784e+06
    Temperature Pres. DC (bar) Pressure (bar)   Constr. rmsd
    3.08552e+02   -2.19322e+02    5.47176e+01    1.65798e-06

           Step           Time
         390000      390.00000

   Energies (kJ/mol)
           Bond          Angle    Proper Dih. Per. Imp. Dih.          LJ-14
    5.94509e+03    2.00661e+04    2.46881e+04    1.26662e+03    6.28939e+03
     Coulomb-14        LJ (SR)  Disper. corr.   Coulomb (SR)   Coul. recip.
    7.42671e+04    1.36369e+05   -1.05045e+04   -1.29425e+06    8.69400e+03
 Position Rest.      Potential    Kinetic En.   Total Energy  Conserved En.
    5.56015e+03   -1.02161e+06    2.07960e+05   -8.13646e+05   -1.23781e+06
    Temperature Pres. DC (bar) Pressure (bar)   Constr. rmsd
    3.09565e+02   -2.19470e+02   -1.41723e+02    1.65798e-06

           Step           Time
         395000      395.00000

   Energies (kJ/mol)
           Bond          Angle    Proper Dih. Per. Imp. Dih.          LJ-14
    5.79992e+03    1.99515e+04    2.44583e+04    1.20194e+03    6.40646e+03
     Coulomb-14        LJ (SR)  Disper. corr.   Coulomb (SR)   Coul. recip.
    7.41009e+04    1.38110e+05   -1.05085e+04   -1.29584e+06    8.42994e+03
 Position Rest.      Potential    Kinetic En.   Total Energy  Conserved En.
    5.59933e+03   -1.02229e+06    2.07367e+05   -8.14925e+05   -1.23784e+06
    Temperature Pres. DC (bar) Pressure (bar)   Constr. rmsd
    3.08684e+02   -2.19636e+02    4.33366e+01    1.65798e-06

           Step           Time
         400000      400.00000

   Energies (kJ/mol)
           Bond          Angle    Proper Dih. Per. Imp. Dih.          LJ-14
    6.07193e+03    2.01623e+04    2.44031e+04    1.30371e+03    6.43406e+03
     Coulomb-14        LJ (SR)  Disper. corr.   Coulomb (SR)   Coul. recip.
    7.41690e+04    1.37227e+05   -1.05079e+04   -1.29355e+06    8.75733e+03
 Position Rest.      Potential    Kinetic En.   Total Energy  Conserved En.
    5.60134e+03   -1.01992e+06    2.09184e+05   -8.10741e+05   -1.23783e+06
    Temperature Pres. DC (bar) Pressure (bar)   Constr. rmsd
    3.11388e+02   -2.19613e+02   -1.56549e+01    1.65798e-06

           Step           Time
         405000      405.00000

   Energies (kJ/mol)
           Bond          Angle    Proper Dih. Per. Imp. Dih.          LJ-14
    6.04337e+03    2.02337e+04    2.45457e+04    1.30077e+03    6.30909e+03
     Coulomb-14        LJ (SR)  Disper. corr.   Coulomb (SR)   Coul. recip.
    7.38015e+04    1.36722e+05   -1.05054e+04   -1.29314e+06    8.59569e+03
 Position Rest.      Potential    Kinetic En.   Total Energy  Conserved En.
    5.44175e+03   -1.02065e+06    2.06092e+05   -8.14560e+05   -1.23782e+06
    Temperature Pres. DC (bar) Pressure (bar)   Constr. rmsd
    3.06785e+02   -2.19509e+02    3.04867e+01    1.65798e-06

           Step           Time
         410000      410.00000

   Energies (kJ/mol)
           Bond          Angle    Proper Dih. Per. Imp. Dih.          LJ-14
    5.97526e+03    2.02294e+04    2.43986e+04    1.17235e+03    6.32653e+03
     Coulomb-14        LJ (SR)  Disper. corr.   Coulomb (SR)   Coul. recip.
    7.41200e+04    1.35346e+05   -1.05007e+04   -1.29132e+06    8.68838e+03
 Position Rest.      Potential    Kinetic En.   Total Energy  Conserved En.
    5.56621e+03   -1.02000e+06    2.08433e+05   -8.11562e+05   -1.23783e+06
    Temperature Pres. DC (bar) Pressure (bar)   Constr. rmsd
    3.10270e+02   -2.19311e+02   -4.91020e+01    1.65798e-06

           Step           Time
         415000      415.00000

   Energies (kJ/mol)
           Bond          Angle    Proper Dih. Per. Imp. Dih.          LJ-14
    6.22853e+03    2.02679e+04    2.45822e+04    1.23449e+03    6.34763e+03
     Coulomb-14        LJ (SR)  Disper. corr.   Coulomb (SR)   Coul. recip.
    7.39140e+04    1.35294e+05   -1.04963e+04   -1.29112e+06    8.74138e+03
 Position Rest.      Potential    Kinetic En.   Total Energy  Conserved En.
    5.65336e+03   -1.01935e+06    2.10284e+05   -8.09065e+05   -1.23782e+06
    Temperature Pres. DC (bar) Pressure (bar)   Constr. rmsd
    3.13026e+02   -2.19128e+02   -1.14080e+02    1.65798e-06

           Step           Time
         420000      420.00000

   Energies (kJ/mol)
           Bond          Angle    Proper Dih. Per. Imp. Dih.          LJ-14
    6.16803e+03    1.99745e+04    2.46859e+04    1.27854e+03    6.41793e+03
     Coulomb-14        LJ (SR)  Disper. corr.   Coulomb (SR)   Coul. recip.
    7.43014e+04    1.37696e+05   -1.04957e+04   -1.29282e+06    8.58684e+03
 Position Rest.      Potential    Kinetic En.   Total Energy  Conserved En.
    5.42142e+03   -1.01878e+06    2.08376e+05   -8.10404e+05   -1.23783e+06
    Temperature Pres. DC (bar) Pressure (bar)   Constr. rmsd
    3.10185e+02   -2.19104e+02   -3.97448e+01    1.65798e-06

           Step           Time
         425000      425.00000

   Energies (kJ/mol)
           Bond          Angle    Proper Dih. Per. Imp. Dih.          LJ-14
    5.95727e+03    2.03787e+04    2.45847e+04    1.30444e+03    6.35429e+03
     Coulomb-14        LJ (SR)  Disper. corr.   Coulomb (SR)   Coul. recip.
    7.38230e+04    1.39053e+05   -1.04946e+04   -1.29532e+06    8.48232e+03
 Position Rest.      Potential    Kinetic En.   Total Energy  Conserved En.
    5.32917e+03   -1.02054e+06    2.07262e+05   -8.13281e+05   -1.23785e+06
    Temperature Pres. DC (bar) Pressure (bar)   Constr. rmsd
    3.08527e+02   -2.19059e+02    1.27022e+02    1.65798e-06

           Step           Time
         430000      430.00000

   Energies (kJ/mol)
           Bond          Angle    Proper Dih. Per. Imp. Dih.          LJ-14
    6.05561e+03    1.98866e+04    2.45654e+04    1.26236e+03    6.35091e+03
     Coulomb-14        LJ (SR)  Disper. corr.   Coulomb (SR)   Coul. recip.
    7.38748e+04    1.37496e+05   -1.04904e+04   -1.29329e+06    8.55979e+03
 Position Rest.      Potential    Kinetic En.   Total Energy  Conserved En.
    5.53670e+03   -1.02019e+06    2.07427e+05   -8.12766e+05   -1.23782e+06
    Temperature Pres. DC (bar) Pressure (bar)   Constr. rmsd
    3.08772e+02   -2.18882e+02   -6.04664e+01    1.65798e-06

           Step           Time
         435000      435.00000

   Energies (kJ/mol)
           Bond          Angle    Proper Dih. Per. Imp. Dih.          LJ-14
    5.79688e+03    2.02518e+04    2.46278e+04    1.20833e+03    6.45478e+03
     Coulomb-14        LJ (SR)  Disper. corr.   Coulomb (SR)   Coul. recip.
    7.42043e+04    1.37116e+05   -1.04952e+04   -1.29264e+06    8.71461e+03
 Position Rest.      Potential    Kinetic En.   Total Energy  Conserved En.
    5.39936e+03   -1.01937e+06    2.08731e+05   -8.10635e+05   -1.23784e+06
    Temperature Pres. DC (bar) Pressure (bar)   Constr. rmsd
    3.10713e+02   -2.19082e+02    9.71679e+01    1.65798e-06

           Step           Time
         440000      440.00000

   Energies (kJ/mol)
           Bond          Angle    Proper Dih. Per. Imp. Dih.          LJ-14
    5.89290e+03    1.98235e+04    2.46786e+04    1.32060e+03    6.48441e+03
     Coulomb-14        LJ (SR)  Disper. corr.   Coulomb (SR)   Coul. recip.
    7.45747e+04    1.36969e+05   -1.04952e+04   -1.29179e+06    8.57320e+03
 Position Rest.      Potential    Kinetic En.   Total Energy  Conserved En.
    5.36356e+03   -1.01860e+06    2.07892e+05   -8.10712e+05   -1.23783e+06
    Temperature Pres. DC (bar) Pressure (bar)   Constr. rmsd
    3.09464e+02   -2.19082e+02    5.70325e+01    1.65798e-06

           Step           Time
         445000      445.00000

   Energies (kJ/mol)
           Bond          Angle    Proper Dih. Per. Imp. Dih.          LJ-14
    5.98009e+03    1.99203e+04    2.44468e+04    1.27591e+03    6.35154e+03
     Coulomb-14        LJ (SR)  Disper. corr.   Coulomb (SR)   Coul. recip.
    7.37165e+04    1.34337e+05   -1.05029e+04   -1.29012e+06    8.65824e+03
 Position Rest.      Potential    Kinetic En.   Total Energy  Conserved En.
    5.61023e+03   -1.02033e+06    2.08346e+05   -8.11985e+05   -1.23781e+06
    Temperature Pres. DC (bar) Pressure (bar)   Constr. rmsd
    3.10140e+02   -2.19405e+02   -1.95494e+02    1.65798e-06

           Step           Time
         450000      450.00000

   Energies (kJ/mol)
           Bond          Angle    Proper Dih. Per. Imp. Dih.          LJ-14
    6.30079e+03    1.99472e+04    2.47768e+04    1.27906e+03    6.35979e+03
     Coulomb-14        LJ (SR)  Disper. corr.   Coulomb (SR)   Coul. recip.
    7.42601e+04    1.36319e+05   -1.05000e+04   -1.29351e+06    8.62150e+03
 Position Rest.      Potential    Kinetic En.   Total Energy  Conserved En.
    5.45147e+03   -1.02070e+06    2.07586e+05   -8.13111e+05   -1.23782e+06
    Temperature Pres. DC (bar) Pressure (bar)   Constr. rmsd
    3.09009e+02   -2.19280e+02   -1.15285e+02    1.65798e-06

           Step           Time
         455000      455.00000

   Energies (kJ/mol)
           Bond          Angle    Proper Dih. Per. Imp. Dih.          LJ-14
    6.15350e+03    2.01350e+04    2.44861e+04    1.25025e+03    6.37920e+03
     Coulomb-14        LJ (SR)  Disper. corr.   Coulomb (SR)   Coul. recip.
    7.39355e+04    1.35456e+05   -1.04931e+04   -1.29184e+06    8.58563e+03
 Position Rest.      Potential    Kinetic En.   Total Energy  Conserved En.
    5.58621e+03   -1.02036e+06    2.07568e+05   -8.12797e+05   -1.23782e+06
    Temperature Pres. DC (bar) Pressure (bar)   Constr. rmsd
    3.08983e+02   -2.18992e+02   -1.83594e+02    1.65798e-06

           Step           Time
         460000      460.00000

   Energies (kJ/mol)
           Bond          Angle    Proper Dih. Per. Imp. Dih.          LJ-14
    5.82716e+03    2.01180e+04    2.45400e+04    1.22607e+03    6.36838e+03
     Coulomb-14        LJ (SR)  Disper. corr.   Coulomb (SR)   Coul. recip.
    7.42422e+04    1.38029e+05   -1.04822e+04   -1.29328e+06    8.61686e+03
 Position Rest.      Potential    Kinetic En.   Total Energy  Conserved En.
    5.60743e+03   -1.01918e+06    2.07020e+05   -8.12165e+05   -1.23785e+06
    Temperature Pres. DC (bar) Pressure (bar)   Constr. rmsd
    3.08167e+02   -2.18539e+02    6.91744e+01    1.65798e-06

           Step           Time
         465000      465.00000

   Energies (kJ/mol)
           Bond          Angle    Proper Dih. Per. Imp. Dih.          LJ-14
    6.19431e+03    2.01556e+04    2.45249e+04    1.24326e+03    6.25456e+03
     Coulomb-14        LJ (SR)  Disper. corr.   Coulomb (SR)   Coul. recip.
    7.41215e+04    1.37326e+05   -1.04872e+04   -1.29216e+06    8.79240e+03
 Position Rest.      Potential    Kinetic En.   Total Energy  Conserved En.
    5.61311e+03   -1.01842e+06    2.08447e+05   -8.09974e+05   -1.23783e+06
    Temperature Pres. DC (bar) Pressure (bar)   Constr. rmsd
    3.10290e+02   -2.18747e+02   -1.83516e+02    1.65798e-06

           Step           Time
         470000      470.00000

   Energies (kJ/mol)
           Bond          Angle    Proper Dih. Per. Imp. Dih.          LJ-14
    6.14431e+03    1.99737e+04    2.47779e+04    1.26868e+03    6.35710e+03
     Coulomb-14        LJ (SR)  Disper. corr.   Coulomb (SR)   Coul. recip.
    7.41735e+04    1.35687e+05   -1.04955e+04   -1.29104e+06    8.71245e+03
 Position Rest.      Potential    Kinetic En.   Total Energy  Conserved En.
    5.42130e+03   -1.01902e+06    2.08771e+05   -8.10249e+05   -1.23785e+06
    Temperature Pres. DC (bar) Pressure (bar)   Constr. rmsd
    3.10773e+02   -2.19096e+02   -2.54326e+01    1.65798e-06

           Step           Time
         475000      475.00000

   Energies (kJ/mol)
           Bond          Angle    Proper Dih. Per. Imp. Dih.          LJ-14
    6.06085e+03    2.04535e+04    2.49856e+04    1.37175e+03    6.36391e+03
     Coulomb-14        LJ (SR)  Disper. corr.   Coulomb (SR)   Coul. recip.
    7.38904e+04    1.38056e+05   -1.05039e+04   -1.29378e+06    8.67889e+03
 Position Rest.      Potential    Kinetic En.   Total Energy  Conserved En.
    5.23574e+03   -1.01918e+06    2.09237e+05   -8.09945e+05   -1.23787e+06
    Temperature Pres. DC (bar) Pressure (bar)   Constr. rmsd
    3.11467e+02   -2.19445e+02    1.68833e+02    1.65798e-06

           Step           Time
         480000      480.00000

   Energies (kJ/mol)
           Bond          Angle    Proper Dih. Per. Imp. Dih.          LJ-14
    5.93285e+03    1.96597e+04    2.46550e+04    1.25899e+03    6.41968e+03
     Coulomb-14        LJ (SR)  Disper. corr.   Coulomb (SR)   Coul. recip.
    7.43331e+04    1.37120e+05   -1.05006e+04   -1.29258e+06    8.74624e+03
 Position Rest.      Potential    Kinetic En.   Total Energy  Conserved En.
    5.55822e+03   -1.01939e+06    2.07890e+05   -8.11502e+05   -1.23787e+06
    Temperature Pres. DC (bar) Pressure (bar)   Constr. rmsd
    3.09462e+02   -2.19308e+02    1.37969e+02    1.65798e-06

           Step           Time
         485000      485.00000

   Energies (kJ/mol)
           Bond          Angle    Proper Dih. Per. Imp. Dih.          LJ-14
    6.14110e+03    2.00448e+04    2.45294e+04    1.23077e+03    6.38744e+03
     Coulomb-14        LJ (SR)  Disper. corr.   Coulomb (SR)   Coul. recip.
    7.40977e+04    1.37353e+05   -1.05009e+04   -1.29303e+06    8.75380e+03
 Position Rest.      Potential    Kinetic En.   Total Energy  Conserved En.
    5.57500e+03   -1.01942e+06    2.09851e+05   -8.09565e+05   -1.23786e+06
    Temperature Pres. DC (bar) Pressure (bar)   Constr. rmsd
    3.12381e+02   -2.19321e+02    6.26947e+01    1.65798e-06

           Step           Time
         490000      490.00000

   Energies (kJ/mol)
           Bond          Angle    Proper Dih. Per. Imp. Dih.          LJ-14
    6.08357e+03    1.98828e+04    2.45190e+04    1.25249e+03    6.39785e+03
     Coulomb-14        LJ (SR)  Disper. corr.   Coulomb (SR)   Coul. recip.
    7.40801e+04    1.37222e+05   -1.04951e+04   -1.29369e+06    8.61586e+03
 Position Rest.      Potential    Kinetic En.   Total Energy  Conserved En.
    5.50019e+03   -1.02063e+06    2.08512e+05   -8.12123e+05   -1.23787e+06
    Temperature Pres. DC (bar) Pressure (bar)   Constr. rmsd
    3.10387e+02   -2.19077e+02    1.75426e+01    1.65798e-06

           Step           Time
         495000      495.00000

   Energies (kJ/mol)
           Bond          Angle    Proper Dih. Per. Imp. Dih.          LJ-14
    5.87394e+03    1.99643e+04    2.45136e+04    1.32783e+03    6.42005e+03
     Coulomb-14        LJ (SR)  Disper. corr.   Coulomb (SR)   Coul. recip.
    7.41817e+04    1.36823e+05   -1.04942e+04   -1.29262e+06    8.69477e+03
 Position Rest.      Potential    Kinetic En.   Total Energy  Conserved En.
    5.35390e+03   -1.01996e+06    2.06473e+05   -8.13485e+05   -1.23787e+06
    Temperature Pres. DC (bar) Pressure (bar)   Constr. rmsd
    3.07353e+02   -2.19038e+02    1.17434e+02    1.65798e-06

           Step           Time
         500000      500.00000

Writing checkpoint, step 500000 at Wed Apr 29 11:59:19 2026


   Energies (kJ/mol)
           Bond          Angle    Proper Dih. Per. Imp. Dih.          LJ-14
    5.88262e+03    2.01206e+04    2.44396e+04    1.36252e+03    6.39018e+03
     Coulomb-14        LJ (SR)  Disper. corr.   Coulomb (SR)   Coul. recip.
    7.39141e+04    1.35647e+05   -1.04911e+04   -1.29034e+06    8.64709e+03
 Position Rest.      Potential    Kinetic En.   Total Energy  Conserved En.
    5.48825e+03   -1.01894e+06    2.08381e+05   -8.10563e+05   -1.23786e+06
    Temperature Pres. DC (bar) Pressure (bar)   Constr. rmsd
    3.10193e+02   -2.18911e+02    8.66752e+01    1.65798e-06


Energy conservation over simulation part #1 of length 500 ps, time 0 to 500 ps
  Conserved energy drift: 1.37e-05 kJ/mol/ps per atom


	<======  ###############  ==>
	<====  A V E R A G E S  ====>
	<==  ###############  ======>

	Statistics over 500001 steps using 5001 frames

   Energies (kJ/mol)
           Bond          Angle    Proper Dih. Per. Imp. Dih.          LJ-14
    6.03271e+03    2.01447e+04    2.46533e+04    1.29386e+03    6.38736e+03
     Coulomb-14        LJ (SR)  Disper. corr.   Coulomb (SR)   Coul. recip.
    7.40535e+04    1.36985e+05   -1.04916e+04   -1.29278e+06    8.66348e+03
 Position Rest.      Potential    Kinetic En.   Total Energy  Conserved En.
    5.42916e+03   -1.01963e+06    2.08080e+05   -8.11548e+05   -1.23784e+06
    Temperature Pres. DC (bar) Pressure (bar)   Constr. rmsd
    3.09745e+02   -2.18933e+02   -9.68543e-01    0.00000e+00

          Box-X          Box-Y          Box-Z
    1.04057e+01    1.04057e+01    7.35797e+00

   Total Virial (kJ/mol)
    6.93553e+04   -4.06520e+02   -1.01507e+03
   -4.06519e+02    6.93542e+04   -1.90764e+03
   -1.01507e+03   -1.90764e+03    6.94416e+04

   Pressure (bar)
   -5.77964e-01    1.74495e+01    4.26466e+01
    1.74494e+01   -1.81697e+00    8.12216e+01
    4.26465e+01    8.12216e+01   -5.10699e-01

  T-Protein_PDLT-Water_and_ions
    3.09775e+02    3.09741e+02


	M E G A - F L O P S   A C C O U N T I N G

 NB=Group-cutoff nonbonded kernels    NxN=N-by-N cluster Verlet kernels
 RF=Reaction-Field  VdW=Van der Waals  QSTab=quadratic-spline table
 W3=SPC/TIP3p  W4=TIP4p (single or pairs)
 V&F=Potential and force  V=Potential only  F=Force only

 Computing:                               M-Number         M-Flops  % Flops
-----------------------------------------------------------------------------
 Pair Search distance check           35246.171856      317215.547     0.0
 NxN Ewald Elec. + LJ [F]          34281938.534976  2262607943.308    98.2
 NxN Ewald Elec. + LJ [V&F]          346351.474560    37059607.778     1.6
 1,4 nonbonded interactions            9127.518255      821476.643     0.0
 Shift-X                                394.843953        2369.064     0.0
 Bonds                                 1834.003668      108206.216     0.0
 Angles                                6349.012698     1066634.133     0.0
 Propers                               9793.519587     2242715.985     0.1
 Impropers                              723.501447      150488.301     0.0
 Pos. Restr.                           1763.003526       88150.176     0.0
 Virial                                 395.068998        7111.242     0.0
 P-Coupling                             394.843953        2369.064     0.0
 Calc-Ekin                             3947.807906      106590.813     0.0
 Lincs                                    0.006790           0.407     0.0
 Lincs-Mat                                0.035256           0.141     0.0
 Constraint-V                             0.078661           0.708     0.0
 Settle                                   0.047914          17.728     0.0
-----------------------------------------------------------------------------
 Total                                              2304580897.256   100.0
-----------------------------------------------------------------------------


      R E A L   C Y C L E   A N D   T I M E   A C C O U N T I N G

On 1 MPI rank, each using 32 OpenMP threads

 Activity:              Num   Num      Call    Wall time         Giga-Cycles
                        Ranks Threads  Count      (s)         total sum    %
--------------------------------------------------------------------------------
 Neighbor search           1   32       5001      29.529       2262.649   4.6
 Launch PP GPU ops.        1   32     995001      39.377       3017.317   6.2
 Force                     1   32     500001     305.692      23423.921  48.0
 PME GPU mesh              1   32     500001      30.277       2320.013   4.8
 Wait GPU NB local         1   32     500001       4.502        344.945   0.7
 Wait GPU state copy       1   32     560001     208.710      15992.591  32.8
 NB X/F buffer ops.        1   32       5001       0.629         48.206   0.1
 Write traj.               1   32        101       1.471        112.726   0.2
 Constraints               1   32          2       0.001          0.050   0.0
 Rest                                             16.597       1271.780   2.6
--------------------------------------------------------------------------------
 Total                                           636.786      48794.198 100.0
--------------------------------------------------------------------------------
 Breakdown of PME mesh activities
--------------------------------------------------------------------------------
 Wait PME GPU gather       1   32     500001       0.055          4.205   0.0
 Reduce GPU PME F          1   32     500001       0.257         19.657   0.0
 Launch PME GPU ops.       1   32    4500009      28.856       2211.121   4.5
--------------------------------------------------------------------------------

               Core t (s)   Wall t (s)        (%)
       Time:    20376.873      636.786     3200.0
                 (ns/day)    (hour/ns)
Performance:       67.841        0.354
Finished mdrun on rank 0 Wed Apr 29 11:59:19 2026

